Archive member included to satisfy reference by file (symbol)

C:\Users\Bill\workspace\stm32f103c8t6_hal_lib\Debug\libstm32f103c8t6_hal_lib.a(stm32f1xx_hal.o)
                              src/main.o (HAL_Init)
C:\Users\Bill\workspace\stm32f103c8t6_hal_lib\Debug\libstm32f103c8t6_hal_lib.a(stm32f1xx_hal_cortex.o)
                              C:\Users\Bill\workspace\stm32f103c8t6_hal_lib\Debug\libstm32f103c8t6_hal_lib.a(stm32f1xx_hal.o) (HAL_NVIC_SetPriorityGrouping)
C:\Users\Bill\workspace\stm32f103c8t6_hal_lib\Debug\libstm32f103c8t6_hal_lib.a(stm32f1xx_hal_gpio.o)
                              src/main.o (HAL_GPIO_Init)
C:\Users\Bill\workspace\stm32f103c8t6_hal_lib\Debug\libstm32f103c8t6_hal_lib.a(stm32f1xx_hal_rcc.o)
                              src/main.o (HAL_RCC_GetHCLKFreq)
C:\Users\Bill\workspace\stm32f103c8t6_hal_lib\Debug\libstm32f103c8t6_hal_lib.a(stm32f1xx_hal_spi.o)
                              src/main.o (HAL_SPI_Init)
C:\Users\Bill\workspace\stm32f103c8t6_hal_lib\Debug\libstm32f103c8t6_hal_lib.a(stm32f1xx_hal_dma.o)
                              C:\Users\Bill\workspace\stm32f103c8t6_hal_lib\Debug\libstm32f103c8t6_hal_lib.a(stm32f1xx_hal_spi.o) (HAL_DMA_Start_IT)
c:/ac6/systemworkbench/plugins/fr.ac6.mcu.externaltools.arm-none.win32_1.15.0.201708311556/tools/compiler/bin/../lib/gcc/arm-none-eabi/6.3.1/../../../../arm-none-eabi/lib/thumb/v7-m\libc.a(lib_a-errno.o)
                              src/syscalls.o (__errno)
c:/ac6/systemworkbench/plugins/fr.ac6.mcu.externaltools.arm-none.win32_1.15.0.201708311556/tools/compiler/bin/../lib/gcc/arm-none-eabi/6.3.1/../../../../arm-none-eabi/lib/thumb/v7-m\libc.a(lib_a-exit.o)
                              c:/ac6/systemworkbench/plugins/fr.ac6.mcu.externaltools.arm-none.win32_1.15.0.201708311556/tools/compiler/bin/../lib/gcc/arm-none-eabi/6.3.1/../../../../arm-none-eabi/lib/thumb/v7-m/crt0.o (exit)
c:/ac6/systemworkbench/plugins/fr.ac6.mcu.externaltools.arm-none.win32_1.15.0.201708311556/tools/compiler/bin/../lib/gcc/arm-none-eabi/6.3.1/../../../../arm-none-eabi/lib/thumb/v7-m\libc.a(lib_a-impure.o)
                              c:/ac6/systemworkbench/plugins/fr.ac6.mcu.externaltools.arm-none.win32_1.15.0.201708311556/tools/compiler/bin/../lib/gcc/arm-none-eabi/6.3.1/../../../../arm-none-eabi/lib/thumb/v7-m\libc.a(lib_a-exit.o) (_global_impure_ptr)
c:/ac6/systemworkbench/plugins/fr.ac6.mcu.externaltools.arm-none.win32_1.15.0.201708311556/tools/compiler/bin/../lib/gcc/arm-none-eabi/6.3.1/../../../../arm-none-eabi/lib/thumb/v7-m\libc.a(lib_a-init.o)
                              c:/ac6/systemworkbench/plugins/fr.ac6.mcu.externaltools.arm-none.win32_1.15.0.201708311556/tools/compiler/bin/../lib/gcc/arm-none-eabi/6.3.1/../../../../arm-none-eabi/lib/thumb/v7-m/crt0.o (__libc_init_array)
c:/ac6/systemworkbench/plugins/fr.ac6.mcu.externaltools.arm-none.win32_1.15.0.201708311556/tools/compiler/bin/../lib/gcc/arm-none-eabi/6.3.1/../../../../arm-none-eabi/lib/thumb/v7-m\libc.a(lib_a-memset.o)
                              c:/ac6/systemworkbench/plugins/fr.ac6.mcu.externaltools.arm-none.win32_1.15.0.201708311556/tools/compiler/bin/../lib/gcc/arm-none-eabi/6.3.1/../../../../arm-none-eabi/lib/thumb/v7-m/crt0.o (memset)
c:/ac6/systemworkbench/plugins/fr.ac6.mcu.externaltools.arm-none.win32_1.15.0.201708311556/tools/compiler/bin/../lib/gcc/arm-none-eabi/6.3.1/../../../../arm-none-eabi/lib/thumb/v7-m\libc.a(lib_a-__call_atexit.o)
                              c:/ac6/systemworkbench/plugins/fr.ac6.mcu.externaltools.arm-none.win32_1.15.0.201708311556/tools/compiler/bin/../lib/gcc/arm-none-eabi/6.3.1/../../../../arm-none-eabi/lib/thumb/v7-m\libc.a(lib_a-exit.o) (__call_exitprocs)
c:/ac6/systemworkbench/plugins/fr.ac6.mcu.externaltools.arm-none.win32_1.15.0.201708311556/tools/compiler/bin/../lib/gcc/arm-none-eabi/6.3.1/../../../../arm-none-eabi/lib/thumb/v7-m\libc.a(lib_a-atexit.o)
                              c:/ac6/systemworkbench/plugins/fr.ac6.mcu.externaltools.arm-none.win32_1.15.0.201708311556/tools/compiler/bin/../lib/gcc/arm-none-eabi/6.3.1/../../../../arm-none-eabi/lib/thumb/v7-m\libc.a(lib_a-__call_atexit.o) (atexit)
c:/ac6/systemworkbench/plugins/fr.ac6.mcu.externaltools.arm-none.win32_1.15.0.201708311556/tools/compiler/bin/../lib/gcc/arm-none-eabi/6.3.1/../../../../arm-none-eabi/lib/thumb/v7-m\libc.a(lib_a-fini.o)
                              c:/ac6/systemworkbench/plugins/fr.ac6.mcu.externaltools.arm-none.win32_1.15.0.201708311556/tools/compiler/bin/../lib/gcc/arm-none-eabi/6.3.1/../../../../arm-none-eabi/lib/thumb/v7-m\libc.a(lib_a-__call_atexit.o) (__libc_fini_array)
c:/ac6/systemworkbench/plugins/fr.ac6.mcu.externaltools.arm-none.win32_1.15.0.201708311556/tools/compiler/bin/../lib/gcc/arm-none-eabi/6.3.1/../../../../arm-none-eabi/lib/thumb/v7-m\libc.a(lib_a-lock.o)
[...]
Memory Configuration

Name             Origin             Length             Attributes
RAM              0x20000000         0x00005000         xrw
ROM              0x08000000         0x00010000         xr
*default*        0x00000000         0xffffffff

Linker script and memory map

LOAD c:/ac6/systemworkbench/plugins/fr.ac6.mcu.externaltools.arm-none.win32_1.15.0.201708311556/tools/compiler/bin/../lib/gcc/arm-none-eabi/6.3.1/thumb/v7-m/crti.o
LOAD c:/ac6/systemworkbench/plugins/fr.ac6.mcu.externaltools.arm-none.win32_1.15.0.201708311556/tools/compiler/bin/../lib/gcc/arm-none-eabi/6.3.1/thumb/v7-m/crtbegin.o
LOAD c:/ac6/systemworkbench/plugins/fr.ac6.mcu.externaltools.arm-none.win32_1.15.0.201708311556/tools/compiler/bin/../lib/gcc/arm-none-eabi/6.3.1/../../../../arm-none-eabi/lib/thumb/v7-m/crt0.o
LOAD src/main.o
LOAD src/stm32f1xx_it.o
LOAD src/syscalls.o
LOAD src/system_stm32f1xx.o
LOAD startup/startup_stm32.o
LOAD C:\Users\Bill\workspace\stm32f103c8t6_hal_lib\Debug\libstm32f103c8t6_hal_lib.a
LOAD c:/ac6/systemworkbench/plugins/fr.ac6.mcu.externaltools.arm-none.win32_1.15.0.201708311556/tools/compiler/bin/../lib/gcc/arm-none-eabi/6.3.1/../../../../arm-none-eabi/lib/thumb/v7-m\libm.a
START GROUP
LOAD c:/ac6/systemworkbench/plugins/fr.ac6.mcu.externaltools.arm-none.win32_1.15.0.201708311556/tools/compiler/bin/../lib/gcc/arm-none-eabi/6.3.1/thumb/v7-m\libgcc.a
LOAD c:/ac6/systemworkbench/plugins/fr.ac6.mcu.externaltools.arm-none.win32_1.15.0.201708311556/tools/compiler/bin/../lib/gcc/arm-none-eabi/6.3.1/../../../../arm-none-eabi/lib/thumb/v7-m\libc.a
END GROUP
LOAD c:/ac6/systemworkbench/plugins/fr.ac6.mcu.externaltools.arm-none.win32_1.15.0.201708311556/tools/compiler/bin/../lib/gcc/arm-none-eabi/6.3.1/thumb/v7-m/crtend.o
LOAD c:/ac6/systemworkbench/plugins/fr.ac6.mcu.externaltools.arm-none.win32_1.15.0.201708311556/tools/compiler/bin/../lib/gcc/arm-none-eabi/6.3.1/thumb/v7-m/crtn.o
                0x20005000                _estack = 0x20005000
                0x00000000                _Min_Heap_Size = 0x0
                0x00000400                _Min_Stack_Size = 0x400

.isr_vector     0x08000000      0x130
                0x08000000                . = ALIGN (0x4)
 *(.isr_vector)
 .isr_vector    0x08000000      0x130 startup/startup_stm32.o
                0x08000000                g_pfnVectors
                0x08000130                . = ALIGN (0x4)

.text           0x08000130      0xf1c
                0x08000130                . = ALIGN (0x4)
 *(.text)
 .text          0x08000130       0x6c c:/ac6/systemworkbench/plugins/fr.ac6.mcu.externaltools.arm-none.win32_1.15.0.201708311556/tools/compiler/bin/../lib/gcc/arm-none-eabi/6.3.1/thumb/v7-m/crtbegin.o
 *(.text*)
 .text.main     0x0800019c       0x54 src/main.o
                0x0800019c                main
 .text.GPIO_Init
                0x080001f0       0xa0 src/main.o
 .text.SPI_Init
                0x08000290       0x78 src/main.o
 .text.SystemClock_Config
                0x08000308       0x5c src/main.o
                0x08000308                SystemClock_Config
 .text.SysTick_Handler
                0x08000364       0x10 src/stm32f1xx_it.o
                0x08000364                SysTick_Handler
 .text.SystemInit
                0x08000374       0x68 src/system_stm32f1xx.o
                0x08000374                SystemInit
 .text.Reset_Handler
                0x080003dc       0x50 startup/startup_stm32.o
                0x080003dc                Reset_Handler
 .text.Default_Handler
                0x0800042c        0x2 startup/startup_stm32.o
                0x0800042c                EXTI2_IRQHandler
                0x0800042c                TIM8_TRG_COM_IRQHandler
                0x0800042c                TIM8_CC_IRQHandler
                0x0800042c                DebugMon_Handler
                0x0800042c                TIM1_CC_IRQHandler
                0x0800042c                HardFault_Handler
                0x0800042c                TIM6_IRQHandler
                0x0800042c                PVD_IRQHandler
                0x0800042c                SDIO_IRQHandler
                0x0800042c                PendSV_Handler
                0x0800042c                NMI_Handler
                0x0800042c                EXTI3_IRQHandler
                0x0800042c                USB_HP_CAN_TX_IRQHandler
                0x0800042c                EXTI0_IRQHandler
                0x0800042c                I2C2_EV_IRQHandler
                0x0800042c                UsageFault_Handler
                0x0800042c                ADC1_2_IRQHandler
                0x0800042c                SPI1_IRQHandler
                0x0800042c                CAN_SCE_IRQHandler
                0x0800042c                TAMPER_IRQHandler
                0x0800042c                TIM8_UP_IRQHandler
                0x0800042c                DMA2_Channel2_IRQHandler
                0x0800042c                DMA1_Channel4_IRQHandler
                0x0800042c                USART3_IRQHandler
                0x0800042c                RTC_IRQHandler
                0x0800042c                DMA1_Channel7_IRQHandler
                0x0800042c                UART5_IRQHandler
                0x0800042c                ADC3_IRQHandler
                0x0800042c                TIM4_IRQHandler
                0x0800042c                CAN_RX1_IRQHandler
                0x0800042c                DMA2_Channel1_IRQHandler
                0x0800042c                I2C1_EV_IRQHandler
                0x0800042c                DMA1_Channel6_IRQHandler
                0x0800042c                UART4_IRQHandler
                0x0800042c                TIM3_IRQHandler
                0x0800042c                RCC_IRQHandler
                0x0800042c                TIM1_TRG_COM_IRQHandler
                0x0800042c                DMA1_Channel1_IRQHandler
                0x0800042c                Default_Handler
                0x0800042c                EXTI15_10_IRQHandler
                0x0800042c                TIM7_IRQHandler
                0x0800042c                TIM5_IRQHandler
                0x0800042c                EXTI9_5_IRQHandler
                0x0800042c                SPI2_IRQHandler
                0x0800042c                USB_LP_CAN_RX0_IRQHandler
                0x0800042c                MemManage_Handler
                0x0800042c                SVC_Handler
                0x0800042c                DMA1_Channel5_IRQHandler
                0x0800042c                EXTI4_IRQHandler
                0x0800042c                DMA1_Channel3_IRQHandler
                0x0800042c                FSMC_IRQHandler
                0x0800042c                TIM1_UP_IRQHandler
                0x0800042c                WWDG_IRQHandler
                0x0800042c                TIM2_IRQHandler
                0x0800042c                TIM1_BRK_IRQHandler
                0x0800042c                EXTI1_IRQHandler
                0x0800042c                RTCAlarm_IRQHandler
                0x0800042c                DMA2_Channel4_5_IRQHandler
                0x0800042c                USART2_IRQHandler
                0x0800042c                I2C2_ER_IRQHandler
                0x0800042c                DMA1_Channel2_IRQHandler
                0x0800042c                TIM8_BRK_IRQHandler
                0x0800042c                FLASH_IRQHandler
                0x0800042c                BusFault_Handler
                0x0800042c                USART1_IRQHandler
                0x0800042c                SPI3_IRQHandler
                0x0800042c                I2C1_ER_IRQHandler
                0x0800042c                DMA2_Channel3_IRQHandler
 *fill*         0x0800042e        0x2 
 .text.HAL_Init
                0x08000430       0x2c C:\Users\Bill\workspace\stm32f103c8t6_hal_lib\Debug\libstm32f103c8t6_hal_lib.a(stm32f1xx_hal.o)
                0x08000430                HAL_Init
 .text.HAL_MspInit
                0x0800045c        0xc C:\Users\Bill\workspace\stm32f103c8t6_hal_lib\Debug\libstm32f103c8t6_hal_lib.a(stm32f1xx_hal.o)
                0x0800045c                HAL_MspInit
 .text.HAL_InitTick
                0x08000468       0x38 C:\Users\Bill\workspace\stm32f103c8t6_hal_lib\Debug\libstm32f103c8t6_hal_lib.a(stm32f1xx_hal.o)
                0x08000468                HAL_InitTick
 .text.HAL_IncTick
                0x080004a0       0x1c C:\Users\Bill\workspace\stm32f103c8t6_hal_lib\Debug\libstm32f103c8t6_hal_lib.a(stm32f1xx_hal.o)
                0x080004a0                HAL_IncTick
 .text.HAL_GetTick
                0x080004bc       0x14 C:\Users\Bill\workspace\stm32f103c8t6_hal_lib\Debug\libstm32f103c8t6_hal_lib.a(stm32f1xx_hal.o)
                0x080004bc                HAL_GetTick
 .text.HAL_Delay
                0x080004d0       0x3a C:\Users\Bill\workspace\stm32f103c8t6_hal_lib\Debug\libstm32f103c8t6_hal_lib.a(stm32f1xx_hal.o)
                0x080004d0                HAL_Delay
 *fill*         0x0800050a        0x2 
 .text.NVIC_SetPriorityGrouping
                0x0800050c       0x48 C:\Users\Bill\workspace\stm32f103c8t6_hal_lib\Debug\libstm32f103c8t6_hal_lib.a(stm32f1xx_hal_cortex.o)
 .text.NVIC_GetPriorityGrouping
                0x08000554       0x1c C:\Users\Bill\workspace\stm32f103c8t6_hal_lib\Debug\libstm32f103c8t6_hal_lib.a(stm32f1xx_hal_cortex.o)
 .text.NVIC_SetPriority
                0x08000570       0x54 C:\Users\Bill\workspace\stm32f103c8t6_hal_lib\Debug\libstm32f103c8t6_hal_lib.a(stm32f1xx_hal_cortex.o)
 .text.NVIC_EncodePriority
                0x080005c4       0x60 C:\Users\Bill\workspace\stm32f103c8t6_hal_lib\Debug\libstm32f103c8t6_hal_lib.a(stm32f1xx_hal_cortex.o)
 .text.SysTick_Config
                0x08000624       0x44 C:\Users\Bill\workspace\stm32f103c8t6_hal_lib\Debug\libstm32f103c8t6_hal_lib.a(stm32f1xx_hal_cortex.o)
 .text.HAL_NVIC_SetPriorityGrouping
                0x08000668       0x16 C:\Users\Bill\workspace\stm32f103c8t6_hal_lib\Debug\libstm32f103c8t6_hal_lib.a(stm32f1xx_hal_cortex.o)
                0x08000668                HAL_NVIC_SetPriorityGrouping
 .text.HAL_NVIC_SetPriority
                0x0800067e       0x38 C:\Users\Bill\workspace\stm32f103c8t6_hal_lib\Debug\libstm32f103c8t6_hal_lib.a(stm32f1xx_hal_cortex.o)
                0x0800067e                HAL_NVIC_SetPriority
 .text.HAL_SYSTICK_Config
                0x080006b6       0x18 C:\Users\Bill\workspace\stm32f103c8t6_hal_lib\Debug\libstm32f103c8t6_hal_lib.a(stm32f1xx_hal_cortex.o)
                0x080006b6                HAL_SYSTICK_Config
 *fill*         0x080006ce        0x2 
 .text.HAL_SYSTICK_CLKSourceConfig
                0x080006d0       0x38 C:\Users\Bill\workspace\stm32f103c8t6_hal_lib\Debug\libstm32f103c8t6_hal_lib.a(stm32f1xx_hal_cortex.o)
                0x080006d0                HAL_SYSTICK_CLKSourceConfig
 .text.HAL_SYSTICK_IRQHandler
                0x08000708        0xc C:\Users\Bill\workspace\stm32f103c8t6_hal_lib\Debug\libstm32f103c8t6_hal_lib.a(stm32f1xx_hal_cortex.o)
                0x08000708                HAL_SYSTICK_IRQHandler
 .text.HAL_SYSTICK_Callback
                0x08000714        0xc C:\Users\Bill\workspace\stm32f103c8t6_hal_lib\Debug\libstm32f103c8t6_hal_lib.a(stm32f1xx_hal_cortex.o)
                0x08000714                HAL_SYSTICK_Callback
 .text.HAL_GPIO_Init
                0x08000720      0x2bc C:\Users\Bill\workspace\stm32f103c8t6_hal_lib\Debug\libstm32f103c8t6_hal_lib.a(stm32f1xx_hal_gpio.o)
                0x08000720                HAL_GPIO_Init
 .text.HAL_GPIO_TogglePin
                0x080009dc       0x22 C:\Users\Bill\workspace\stm32f103c8t6_hal_lib\Debug\libstm32f103c8t6_hal_lib.a(stm32f1xx_hal_gpio.o)
                0x080009dc                HAL_GPIO_TogglePin
 *fill*         0x080009fe        0x2 
 .text.HAL_RCC_GetHCLKFreq
                0x08000a00       0x14 C:\Users\Bill\workspace\stm32f103c8t6_hal_lib\Debug\libstm32f103c8t6_hal_lib.a(stm32f1xx_hal_rcc.o)
                0x08000a00                HAL_RCC_GetHCLKFreq
 .text.HAL_SPI_Init
                0x08000a14       0xd4 C:\Users\Bill\workspace\stm32f103c8t6_hal_lib\Debug\libstm32f103c8t6_hal_lib.a(stm32f1xx_hal_spi.o)
                0x08000a14                HAL_SPI_Init
 .text.HAL_SPI_MspInit
                0x08000ae8       0x12 C:\Users\Bill\workspace\stm32f103c8t6_hal_lib\Debug\libstm32f103c8t6_hal_lib.a(stm32f1xx_hal_spi.o)
                0x08000ae8                HAL_SPI_MspInit
 .text.HAL_SPI_Transmit
                0x08000afa      0x2bc C:\Users\Bill\workspace\stm32f103c8t6_hal_lib\Debug\libstm32f103c8t6_hal_lib.a(stm32f1xx_hal_spi.o)
                0x08000afa                HAL_SPI_Transmit
 .text.SPI_WaitFlagStateUntilTimeout
                0x08000db6       0xd2 C:\Users\Bill\workspace\stm32f103c8t6_hal_lib\Debug\libstm32f103c8t6_hal_lib.a(stm32f1xx_hal_spi.o)
 .text.SPI_CheckFlag_BSY
                0x08000e88       0x3c C:\Users\Bill\workspace\stm32f103c8t6_hal_lib\Debug\libstm32f103c8t6_hal_lib.a(stm32f1xx_hal_spi.o)
 .text.__libc_init_array
                0x08000ec4       0x50 c:/ac6/systemworkbench/plugins/fr.ac6.mcu.externaltools.arm-none.win32_1.15.0.201708311556/tools/compiler/bin/../lib/gcc/arm-none-eabi/6.3.1/../../../../arm-none-eabi/lib/thumb/v7-m\libc.a(lib_a-init.o)
                0x08000ec4                __libc_init_array
 .text.startup.register_fini
                0x08000f14       0x14 c:/ac6/systemworkbench/plugins/fr.ac6.mcu.externaltools.arm-none.win32_1.15.0.201708311556/tools/compiler/bin/../lib/gcc/arm-none-eabi/6.3.1/../../../../arm-none-eabi/lib/thumb/v7-m\libc.a(lib_a-__call_atexit.o)
 .text.atexit   0x08000f28        0xc c:/ac6/systemworkbench/plugins/fr.ac6.mcu.externaltools.arm-none.win32_1.15.0.201708311556/tools/compiler/bin/../lib/gcc/arm-none-eabi/6.3.1/../../../../arm-none-eabi/lib/thumb/v7-m\libc.a(lib_a-atexit.o)
                0x08000f28                atexit
 .text.__libc_fini_array
                0x08000f34       0x34 c:/ac6/systemworkbench/plugins/fr.ac6.mcu.externaltools.arm-none.win32_1.15.0.201708311556/tools/compiler/bin/../lib/gcc/arm-none-eabi/6.3.1/../../../../arm-none-eabi/lib/thumb/v7-m\libc.a(lib_a-fini.o)
                0x08000f34                __libc_fini_array
 .text.__retarget_lock_acquire_recursive
                0x08000f68        0x4 c:/ac6/systemworkbench/plugins/fr.ac6.mcu.externaltools.arm-none.win32_1.15.0.201708311556/tools/compiler/bin/../lib/gcc/arm-none-eabi/6.3.1/../../../../arm-none-eabi/lib/thumb/v7-m\libc.a(lib_a-lock.o)
                0x08000f68                __retarget_lock_acquire_recursive
 .text.__retarget_lock_release_recursive
                0x08000f6c        0x4 c:/ac6/systemworkbench/plugins/fr.ac6.mcu.externaltools.arm-none.win32_1.15.0.201708311556/tools/compiler/bin/../lib/gcc/arm-none-eabi/6.3.1/../../../../arm-none-eabi/lib/thumb/v7-m\libc.a(lib_a-lock.o)
                0x08000f6c                __retarget_lock_release_recursive
 .text.__register_exitproc
                0x08000f70       0xc4 c:/ac6/systemworkbench/plugins/fr.ac6.mcu.externaltools.arm-none.win32_1.15.0.201708311556/tools/compiler/bin/../lib/gcc/arm-none-eabi/6.3.1/../../../../arm-none-eabi/lib/thumb/v7-m\libc.a(lib_a-__atexit.o)
                0x08000f70                __register_exitproc
 *(.glue_7)
 .glue_7        0x08001034        0x0 linker stubs
 *(.glue_7t)
 .glue_7t       0x08001034        0x0 linker stubs
 *(.eh_frame)
 .eh_frame      0x08001034        0x0 c:/ac6/systemworkbench/plugins/fr.ac6.mcu.externaltools.arm-none.win32_1.15.0.201708311556/tools/compiler/bin/../lib/gcc/arm-none-eabi/6.3.1/thumb/v7-m/crtbegin.o
 *(.init)
 .init          0x08001034        0x4 c:/ac6/systemworkbench/plugins/fr.ac6.mcu.externaltools.arm-none.win32_1.15.0.201708311556/tools/compiler/bin/../lib/gcc/arm-none-eabi/6.3.1/thumb/v7-m/crti.o
                0x08001034                _init
 .init          0x08001038        0x8 c:/ac6/systemworkbench/plugins/fr.ac6.mcu.externaltools.arm-none.win32_1.15.0.201708311556/tools/compiler/bin/../lib/gcc/arm-none-eabi/6.3.1/thumb/v7-m/crtn.o
 *(.fini)
 .fini          0x08001040        0x4 c:/ac6/systemworkbench/plugins/fr.ac6.mcu.externaltools.arm-none.win32_1.15.0.201708311556/tools/compiler/bin/../lib/gcc/arm-none-eabi/6.3.1/thumb/v7-m/crti.o
                0x08001040                _fini
 .fini          0x08001044        0x8 c:/ac6/systemworkbench/plugins/fr.ac6.mcu.externaltools.arm-none.win32_1.15.0.201708311556/tools/compiler/bin/../lib/gcc/arm-none-eabi/6.3.1/thumb/v7-m/crtn.o
                0x0800104c                . = ALIGN (0x4)
                0x0800104c                _etext = .

.vfp11_veneer   0x0800104c        0x0
 .vfp11_veneer  0x0800104c        0x0 linker stubs

.v4_bx          0x0800104c        0x0
 .v4_bx         0x0800104c        0x0 linker stubs

.iplt           0x0800104c        0x0
 .iplt          0x0800104c        0x0 c:/ac6/systemworkbench/plugins/fr.ac6.mcu.externaltools.arm-none.win32_1.15.0.201708311556/tools/compiler/bin/../lib/gcc/arm-none-eabi/6.3.1/thumb/v7-m/crtbegin.o

.rodata         0x0800104c       0x10
                0x0800104c                . = ALIGN (0x4)
 *(.rodata)
 .rodata        0x0800104c        0xc src/main.o
 *(.rodata*)
 .rodata._global_impure_ptr
                0x08001058        0x4 c:/ac6/systemworkbench/plugins/fr.ac6.mcu.externaltools.arm-none.win32_1.15.0.201708311556/tools/compiler/bin/../lib/gcc/arm-none-eabi/6.3.1/../../../../arm-none-eabi/lib/thumb/v7-m\libc.a(lib_a-impure.o)
                0x08001058                _global_impure_ptr
                0x0800105c                . = ALIGN (0x4)

.rel.dyn        0x0800105c        0x0
 .rel.iplt      0x0800105c        0x0 c:/ac6/systemworkbench/plugins/fr.ac6.mcu.externaltools.arm-none.win32_1.15.0.201708311556/tools/compiler/bin/../lib/gcc/arm-none-eabi/6.3.1/thumb/v7-m/crtbegin.o

.ARM.extab      0x0800105c        0x0
                0x0800105c                . = ALIGN (0x4)
 *(.ARM.extab* .gnu.linkonce.armextab.*)
                0x0800105c                . = ALIGN (0x4)

.ARM            0x0800105c        0x0
                0x0800105c                . = ALIGN (0x4)
                0x0800105c                __exidx_start = .
 *(.ARM.exidx*)
                0x0800105c                __exidx_end = .
                0x0800105c                . = ALIGN (0x4)

.preinit_array  0x0800105c        0x0
                0x0800105c                . = ALIGN (0x4)
                0x0800105c                PROVIDE (__preinit_array_start, .)
 *(.preinit_array*)
                0x0800105c                PROVIDE (__preinit_array_end, .)
                0x0800105c                . = ALIGN (0x4)

.init_array     0x0800105c        0x8
                0x0800105c                . = ALIGN (0x4)
                0x0800105c                PROVIDE (__init_array_start, .)
 *(SORT(.init_array.*))
 .init_array.00000
                0x0800105c        0x4 c:/ac6/systemworkbench/plugins/fr.ac6.mcu.externaltools.arm-none.win32_1.15.0.201708311556/tools/compiler/bin/../lib/gcc/arm-none-eabi/6.3.1/../../../../arm-none-eabi/lib/thumb/v7-m\libc.a(lib_a-__call_atexit.o)
 *(.init_array*)
 .init_array    0x08001060        0x4 c:/ac6/systemworkbench/plugins/fr.ac6.mcu.externaltools.arm-none.win32_1.15.0.201708311556/tools/compiler/bin/../lib/gcc/arm-none-eabi/6.3.1/thumb/v7-m/crtbegin.o
                0x08001064                PROVIDE (__init_array_end, .)
                0x08001064                . = ALIGN (0x4)

.fini_array     0x08001064        0x4
                0x08001064                . = ALIGN (0x4)
                0x08001064                PROVIDE (__fini_array_start, .)
 *(SORT(.fini_array.*))
 *(.fini_array*)
 .fini_array    0x08001064        0x4 c:/ac6/systemworkbench/plugins/fr.ac6.mcu.externaltools.arm-none.win32_1.15.0.201708311556/tools/compiler/bin/../lib/gcc/arm-none-eabi/6.3.1/thumb/v7-m/crtbegin.o
                0x08001068                PROVIDE (__fini_array_end, .)
                0x08001068                . = ALIGN (0x4)
                0x08001068                _sidata = LOADADDR (.data)

.data           0x20000000      0x434 load address 0x08001068
                0x20000000                . = ALIGN (0x4)
                0x20000000                _sdata = .
 *(.data)
 .data          0x20000000        0x4 src/system_stm32f1xx.o
                0x20000000                SystemCoreClock
 *(.data*)
 *fill*         0x20000004        0x4 
 .data.impure_data
                0x20000008      0x428 c:/ac6/systemworkbench/plugins/fr.ac6.mcu.externaltools.arm-none.win32_1.15.0.201708311556/tools/compiler/bin/../lib/gcc/arm-none-eabi/6.3.1/../../../../arm-none-eabi/lib/thumb/v7-m\libc.a(lib_a-impure.o)
 .data.__atexit_recursive_mutex
                0x20000430        0x4 c:/ac6/systemworkbench/plugins/fr.ac6.mcu.externaltools.arm-none.win32_1.15.0.201708311556/tools/compiler/bin/../lib/gcc/arm-none-eabi/6.3.1/../../../../arm-none-eabi/lib/thumb/v7-m\libc.a(lib_a-__call_atexit.o)
                0x20000430                __atexit_recursive_mutex
                0x20000434                . = ALIGN (0x4)
                0x20000434                _edata = .

.jcr            0x20000434        0x0 load address 0x0800149c
 .jcr           0x20000434        0x0 c:/ac6/systemworkbench/plugins/fr.ac6.mcu.externaltools.arm-none.win32_1.15.0.201708311556/tools/compiler/bin/../lib/gcc/arm-none-eabi/6.3.1/thumb/v7-m/crtbegin.o

.igot.plt       0x20000434        0x0 load address 0x0800149c
 .igot.plt      0x20000434        0x0 c:/ac6/systemworkbench/plugins/fr.ac6.mcu.externaltools.arm-none.win32_1.15.0.201708311556/tools/compiler/bin/../lib/gcc/arm-none-eabi/6.3.1/thumb/v7-m/crtbegin.o
                0x20000434                . = ALIGN (0x4)

.bss            0x20000434       0xac load address 0x0800149c
                0x20000434                _sbss = .
                0x20000434                __bss_start__ = _sbss
 *(.bss)
 .bss           0x20000434       0x1c c:/ac6/systemworkbench/plugins/fr.ac6.mcu.externaltools.arm-none.win32_1.15.0.201708311556/tools/compiler/bin/../lib/gcc/arm-none-eabi/6.3.1/thumb/v7-m/crtbegin.o
 *(.bss*)
 *(COMMON)
 COMMON         0x20000450       0x68 src/main.o
                0x20000450                hspi2
                0x200004a8                GPIO_InitStruct
 COMMON         0x200004b8        0x4 C:\Users\Bill\workspace\stm32f103c8t6_hal_lib\Debug\libstm32f103c8t6_hal_lib.a(stm32f1xx_hal.o)
                0x200004b8                uwTick
 COMMON         0x200004bc       0x21 c:/ac6/systemworkbench/plugins/fr.ac6.mcu.externaltools.arm-none.win32_1.15.0.201708311556/tools/compiler/bin/../lib/gcc/arm-none-eabi/6.3.1/../../../../arm-none-eabi/lib/thumb/v7-m\libc.a(lib_a-lock.o)
                0x200004bc                __lock___atexit_recursive_mutex
                0x200004c0                __lock___arc4random_mutex
                0x200004c4                __lock___env_recursive_mutex
                0x200004c8                __lock___sinit_recursive_mutex
                0x200004cc                __lock___malloc_recursive_mutex
                0x200004d0                __lock___at_quick_exit_mutex
                0x200004d4                __lock___dd_hash_mutex
                0x200004d8                __lock___tz_mutex
                0x200004dc                __lock___sfp_recursive_mutex
                0x200004e0                . = ALIGN (0x4)
 *fill*         0x200004dd        0x3 
                0x200004e0                _ebss = .
                0x200004e0                __bss_end__ = _ebss

._user_heap_stack
                0x200004e0      0x400 load address 0x0800149c
                0x200004e0                . = ALIGN (0x8)
                0x200004e0                PROVIDE (end, .)
                [!provide]                PROVIDE (_end, .)
                0x200004e0                . = (. + _Min_Heap_Size)
                0x200008e0                . = (. + _Min_Stack_Size)
 *fill*         0x200004e0      0x400 
                0x200008e0                . = ALIGN (0x8)

/DISCARD/
 libc.a(*)
 libm.a(*)
 libgcc.a(*)

.ARM.attributes
                0x00000000       0x29
 *(.ARM.attributes)
 .ARM.attributes
                0x00000000       0x1d c:/ac6/systemworkbench/plugins/fr.ac6.mcu.externaltools.arm-none.win32_1.15.0.201708311556/tools/compiler/bin/../lib/gcc/arm-none-eabi/6.3.1/thumb/v7-m/crti.o
 .ARM.attributes
                0x0000001d       0x2d c:/ac6/systemworkbench/plugins/fr.ac6.mcu.externaltools.arm-none.win32_1.15.0.201708311556/tools/compiler/bin/../lib/gcc/arm-none-eabi/6.3.1/thumb/v7-m/crtbegin.o
 .ARM.attributes
                0x0000004a       0x33 src/main.o
 .ARM.attributes
                0x0000007d       0x33 src/stm32f1xx_it.o
 .ARM.attributes
                0x000000b0       0x33 src/system_stm32f1xx.o
 .ARM.attributes
                0x000000e3       0x21 startup/startup_stm32.o
 .ARM.attributes
                0x00000104       0x33 C:\Users\Bill\workspace\stm32f103c8t6_hal_lib\Debug\libstm32f103c8t6_hal_lib.a(stm32f1xx_hal.o)
 .ARM.attributes
                0x00000137       0x33 C:\Users\Bill\workspace\stm32f103c8t6_hal_lib\Debug\libstm32f103c8t6_hal_lib.a(stm32f1xx_hal_cortex.o)
 .ARM.attributes
                0x0000016a       0x33 C:\Users\Bill\workspace\stm32f103c8t6_hal_lib\Debug\libstm32f103c8t6_hal_lib.a(stm32f1xx_hal_gpio.o)
 .ARM.attributes
                0x0000019d       0x33 C:\Users\Bill\workspace\stm32f103c8t6_hal_lib\Debug\libstm32f103c8t6_hal_lib.a(stm32f1xx_hal_rcc.o)
 .ARM.attributes
                0x000001d0       0x33 C:\Users\Bill\workspace\stm32f103c8t6_hal_lib\Debug\libstm32f103c8t6_hal_lib.a(stm32f1xx_hal_spi.o)
 .ARM.attributes
                0x00000203       0x2d c:/ac6/systemworkbench/plugins/fr.ac6.mcu.externaltools.arm-none.win32_1.15.0.201708311556/tools/compiler/bin/../lib/gcc/arm-none-eabi/6.3.1/../../../../arm-none-eabi/lib/thumb/v7-m\libc.a(lib_a-impure.o)
 .ARM.attributes
                0x00000230       0x2d c:/ac6/systemworkbench/plugins/fr.ac6.mcu.externaltools.arm-none.win32_1.15.0.201708311556/tools/compiler/bin/../lib/gcc/arm-none-eabi/6.3.1/../../../../arm-none-eabi/lib/thumb/v7-m\libc.a(lib_a-init.o)
 .ARM.attributes
                0x0000025d       0x2d c:/ac6/systemworkbench/plugins/fr.ac6.mcu.externaltools.arm-none.win32_1.15.0.201708311556/tools/compiler/bin/../lib/gcc/arm-none-eabi/6.3.1/../../../../arm-none-eabi/lib/thumb/v7-m\libc.a(lib_a-__call_atexit.o)
 .ARM.attributes
                0x0000028a       0x2d c:/ac6/systemworkbench/plugins/fr.ac6.mcu.externaltools.arm-none.win32_1.15.0.201708311556/tools/compiler/bin/../lib/gcc/arm-none-eabi/6.3.1/../../../../arm-none-eabi/lib/thumb/v7-m\libc.a(lib_a-atexit.o)
 .ARM.attributes
                0x000002b7       0x2d c:/ac6/systemworkbench/plugins/fr.ac6.mcu.externaltools.arm-none.win32_1.15.0.201708311556/tools/compiler/bin/../lib/gcc/arm-none-eabi/6.3.1/../../../../arm-none-eabi/lib/thumb/v7-m\libc.a(lib_a-fini.o)
 .ARM.attributes
                0x000002e4       0x2d c:/ac6/systemworkbench/plugins/fr.ac6.mcu.externaltools.arm-none.win32_1.15.0.201708311556/tools/compiler/bin/../lib/gcc/arm-none-eabi/6.3.1/../../../../arm-none-eabi/lib/thumb/v7-m\libc.a(lib_a-lock.o)
 .ARM.attributes
                0x00000311       0x2d c:/ac6/systemworkbench/plugins/fr.ac6.mcu.externaltools.arm-none.win32_1.15.0.201708311556/tools/compiler/bin/../lib/gcc/arm-none-eabi/6.3.1/../../../../arm-none-eabi/lib/thumb/v7-m\libc.a(lib_a-__atexit.o)
 .ARM.attributes
                0x0000033e       0x1d c:/ac6/systemworkbench/plugins/fr.ac6.mcu.externaltools.arm-none.win32_1.15.0.201708311556/tools/compiler/bin/../lib/gcc/arm-none-eabi/6.3.1/thumb/v7-m/crtn.o
OUTPUT(SPI Maestro.elf elf32-littlearm)

.debug_info     0x00000000     0x8578
 .debug_info    0x00000000     0x1255 src/main.o
 .debug_info    0x00001255      0x954 src/stm32f1xx_it.o
 .debug_info    0x00001ba9      0xc18 src/system_stm32f1xx.o
 .debug_info    0x000027c1       0x69 startup/startup_stm32.o
 .debug_info    0x0000282a      0xe49 C:\Users\Bill\workspace\stm32f103c8t6_hal_lib\Debug\libstm32f103c8t6_hal_lib.a(stm32f1xx_hal.o)
 .debug_info    0x00003673     0x1317 C:\Users\Bill\workspace\stm32f103c8t6_hal_lib\Debug\libstm32f103c8t6_hal_lib.a(stm32f1xx_hal_cortex.o)
 .debug_info    0x0000498a      0xe7a C:\Users\Bill\workspace\stm32f103c8t6_hal_lib\Debug\libstm32f103c8t6_hal_lib.a(stm32f1xx_hal_gpio.o)
 .debug_info    0x00005804      0xfe0 C:\Users\Bill\workspace\stm32f103c8t6_hal_lib\Debug\libstm32f103c8t6_hal_lib.a(stm32f1xx_hal_rcc.o)
 .debug_info    0x000067e4     0x1d94 C:\Users\Bill\workspace\stm32f103c8t6_hal_lib\Debug\libstm32f103c8t6_hal_lib.a(stm32f1xx_hal_spi.o)

.debug_abbrev   0x00000000     0x1515
 .debug_abbrev  0x00000000      0x252 src/main.o
 .debug_abbrev  0x00000252      0x1b1 src/stm32f1xx_it.o
 .debug_abbrev  0x00000403      0x226 src/system_stm32f1xx.o
 .debug_abbrev  0x00000629       0x12 startup/startup_stm32.o
 .debug_abbrev  0x0000063b      0x2ca C:\Users\Bill\workspace\stm32f103c8t6_hal_lib\Debug\libstm32f103c8t6_hal_lib.a(stm32f1xx_hal.o)
 .debug_abbrev  0x00000905      0x394 C:\Users\Bill\workspace\stm32f103c8t6_hal_lib\Debug\libstm32f103c8t6_hal_lib.a(stm32f1xx_hal_cortex.o)
 .debug_abbrev  0x00000c99      0x287 C:\Users\Bill\workspace\stm32f103c8t6_hal_lib\Debug\libstm32f103c8t6_hal_lib.a(stm32f1xx_hal_gpio.o)
 .debug_abbrev  0x00000f20      0x30e C:\Users\Bill\workspace\stm32f103c8t6_hal_lib\Debug\libstm32f103c8t6_hal_lib.a(stm32f1xx_hal_rcc.o)
 .debug_abbrev  0x0000122e      0x2e7 C:\Users\Bill\workspace\stm32f103c8t6_hal_lib\Debug\libstm32f103c8t6_hal_lib.a(stm32f1xx_hal_spi.o)

.debug_aranges  0x00000000      0x538
 .debug_aranges
                0x00000000       0x38 src/main.o
 .debug_aranges
                0x00000038       0x20 src/stm32f1xx_it.o
 .debug_aranges
                0x00000058       0x28 src/system_stm32f1xx.o
 .debug_aranges
                0x00000080       0x28 startup/startup_stm32.o
 .debug_aranges
                0x000000a8       0xb8 C:\Users\Bill\workspace\stm32f103c8t6_hal_lib\Debug\libstm32f103c8t6_hal_lib.a(stm32f1xx_hal.o)
 .debug_aranges
                0x00000160      0x100 C:\Users\Bill\workspace\stm32f103c8t6_hal_lib\Debug\libstm32f103c8t6_hal_lib.a(stm32f1xx_hal_cortex.o)
 .debug_aranges
                0x00000260       0x58 C:\Users\Bill\workspace\stm32f103c8t6_hal_lib\Debug\libstm32f103c8t6_hal_lib.a(stm32f1xx_hal_gpio.o)
 .debug_aranges
                0x000002b8       0x90 C:\Users\Bill\workspace\stm32f103c8t6_hal_lib\Debug\libstm32f103c8t6_hal_lib.a(stm32f1xx_hal_rcc.o)
 .debug_aranges
                0x00000348      0x1f0 C:\Users\Bill\workspace\stm32f103c8t6_hal_lib\Debug\libstm32f103c8t6_hal_lib.a(stm32f1xx_hal_spi.o)

.debug_ranges   0x00000000      0x4b0
 .debug_ranges  0x00000000       0x28 src/main.o
 .debug_ranges  0x00000028       0x10 src/stm32f1xx_it.o
 .debug_ranges  0x00000038       0x18 src/system_stm32f1xx.o
 .debug_ranges  0x00000050       0x20 startup/startup_stm32.o
 .debug_ranges  0x00000070       0xa8 C:\Users\Bill\workspace\stm32f103c8t6_hal_lib\Debug\libstm32f103c8t6_hal_lib.a(stm32f1xx_hal.o)
 .debug_ranges  0x00000118       0xf0 C:\Users\Bill\workspace\stm32f103c8t6_hal_lib\Debug\libstm32f103c8t6_hal_lib.a(stm32f1xx_hal_cortex.o)
 .debug_ranges  0x00000208       0x48 C:\Users\Bill\workspace\stm32f103c8t6_hal_lib\Debug\libstm32f103c8t6_hal_lib.a(stm32f1xx_hal_gpio.o)
 .debug_ranges  0x00000250       0x80 C:\Users\Bill\workspace\stm32f103c8t6_hal_lib\Debug\libstm32f103c8t6_hal_lib.a(stm32f1xx_hal_rcc.o)
 .debug_ranges  0x000002d0      0x1e0 C:\Users\Bill\workspace\stm32f103c8t6_hal_lib\Debug\libstm32f103c8t6_hal_lib.a(stm32f1xx_hal_spi.o)

.debug_macro    0x00000000    0x17642
 .debug_macro   0x00000000      0x459 src/main.o
 .debug_macro   0x00000459      0x8c8 src/main.o
 .debug_macro   0x00000d21      0x224 src/main.o
 .debug_macro   0x00000f45       0x28 src/main.o
 .debug_macro   0x00000f6d       0x22 src/main.o
 .debug_macro   0x00000f8f       0x22 src/main.o
 .debug_macro   0x00000fb1       0x87 src/main.o
 .debug_macro   0x00001038       0x51 src/main.o
 .debug_macro   0x00001089       0xef src/main.o
 .debug_macro   0x00001178       0x6a src/main.o
 .debug_macro   0x000011e2      0x1df src/main.o
 .debug_macro   0x000013c1       0x34 src/main.o
 .debug_macro   0x000013f5       0x34 src/main.o
 .debug_macro   0x00001429      0xb8e src/main.o
 .debug_macro   0x00001fb7     0xe90a src/main.o
 .debug_macro   0x000108c1       0x43 src/main.o
 .debug_macro   0x00010904       0x58 src/main.o
 .debug_macro   0x0001095c       0x35 src/main.o
 .debug_macro   0x00010991       0x9c src/main.o
 .debug_macro   0x00010a2d       0x16 src/main.o
 .debug_macro   0x00010a43       0x97 src/main.o
 .debug_macro   0x00010ada      0x330 src/main.o
 .debug_macro   0x00010e0a       0xfd src/main.o
 .debug_macro   0x00010f07       0x10 src/main.o
 .debug_macro   0x00010f17       0x58 src/main.o
 .debug_macro   0x00010f6f       0x1f src/main.o
 .debug_macro   0x00010f8e       0x43 src/main.o
 .debug_macro   0x00010fd1       0x20 src/main.o
 .debug_macro   0x00010ff1      0x187 src/main.o
 .debug_macro   0x00011178       0x10 src/main.o
 .debug_macro   0x00011188       0x1c src/main.o
 .debug_macro   0x000111a4       0x52 src/main.o
 .debug_macro   0x000111f6       0x40 src/main.o
 .debug_macro   0x00011236       0x10 src/main.o
 .debug_macro   0x00011246       0x40 src/main.o
 .debug_macro   0x00011286       0xd7 src/main.o
 .debug_macro   0x0001135d       0x16 src/main.o
 .debug_macro   0x00011373      0x18b src/main.o
 .debug_macro   0x000114fe       0x57 src/main.o
 .debug_macro   0x00011555      0x5c2 src/main.o
 .debug_macro   0x00011b17      0x28b src/main.o
 .debug_macro   0x00011da2      0x1cb src/main.o
 .debug_macro   0x00011f6d      0x11e src/main.o
 .debug_macro   0x0001208b      0x197 src/main.o
 .debug_macro   0x00012222       0x27 src/main.o
 .debug_macro   0x00012249      0x1bc src/main.o
 .debug_macro   0x00012405       0x34 src/main.o
 .debug_macro   0x00012439       0x3c src/main.o
 .debug_macro   0x00012475      0x3a6 src/main.o
 .debug_macro   0x0001281b       0x10 src/main.o
 .debug_macro   0x0001282b       0x74 src/main.o
 .debug_macro   0x0001289f       0x57 src/main.o
 .debug_macro   0x000128f6      0x46a src/main.o
 .debug_macro   0x00012d60      0x1b5 src/main.o
 .debug_macro   0x00012f15       0x22 src/main.o
 .debug_macro   0x00012f37       0x8c src/main.o
 .debug_macro   0x00012fc3      0x242 src/main.o
 .debug_macro   0x00013205      0x248 src/main.o
 .debug_macro   0x0001344d       0x79 src/main.o
 .debug_macro   0x000134c6      0x143 src/main.o
 .debug_macro   0x00013609      0x1ef src/main.o
 .debug_macro   0x000137f8       0xf2 src/main.o
 .debug_macro   0x000138ea      0x1f4 src/main.o
 .debug_macro   0x00013ade      0x84c src/main.o
 .debug_macro   0x0001432a       0x1f src/main.o
 .debug_macro   0x00014349      0x26b src/main.o
 .debug_macro   0x000145b4      0x217 src/main.o
 .debug_macro   0x000147cb      0x1a7 src/main.o
 .debug_macro   0x00014972      0x2cd src/main.o
 .debug_macro   0x00014c3f       0x89 src/main.o
 .debug_macro   0x00014cc8       0x50 src/main.o
 .debug_macro   0x00014d18      0x26c src/main.o
 .debug_macro   0x00014f84       0x7c src/main.o
 .debug_macro   0x00015000       0x16 src/main.o
 .debug_macro   0x00015016       0x35 src/main.o
 .debug_macro   0x0001504b       0x16 src/main.o
 .debug_macro   0x00015061       0x16 src/main.o
 .debug_macro   0x00015077       0x29 src/main.o
 .debug_macro   0x000150a0      0x40e src/stm32f1xx_it.o
 .debug_macro   0x000154ae      0x40a src/system_stm32f1xx.o
 .debug_macro   0x000158b8      0x428 C:\Users\Bill\workspace\stm32f103c8t6_hal_lib\Debug\libstm32f103c8t6_hal_lib.a(stm32f1xx_hal.o)
 .debug_macro   0x00015ce0      0x8c8 C:\Users\Bill\workspace\stm32f103c8t6_hal_lib\Debug\libstm32f103c8t6_hal_lib.a(stm32f1xx_hal.o)
 .debug_macro   0x000165a8      0x404 C:\Users\Bill\workspace\stm32f103c8t6_hal_lib\Debug\libstm32f103c8t6_hal_lib.a(stm32f1xx_hal_cortex.o)
 .debug_macro   0x000169ac      0x474 C:\Users\Bill\workspace\stm32f103c8t6_hal_lib\Debug\libstm32f103c8t6_hal_lib.a(stm32f1xx_hal_gpio.o)
 .debug_macro   0x00016e20      0x416 C:\Users\Bill\workspace\stm32f103c8t6_hal_lib\Debug\libstm32f103c8t6_hal_lib.a(stm32f1xx_hal_rcc.o)
 .debug_macro   0x00017236      0x40c C:\Users\Bill\workspace\stm32f103c8t6_hal_lib\Debug\libstm32f103c8t6_hal_lib.a(stm32f1xx_hal_spi.o)

.debug_line     0x00000000     0x5e09
 .debug_line    0x00000000      0x9e0 src/main.o
 .debug_line    0x000009e0      0x96b src/stm32f1xx_it.o
 .debug_line    0x0000134b      0x972 src/system_stm32f1xx.o
 .debug_line    0x00001cbd       0x7c startup/startup_stm32.o
 .debug_line    0x00001d39      0xaab C:\Users\Bill\workspace\stm32f103c8t6_hal_lib\Debug\libstm32f103c8t6_hal_lib.a(stm32f1xx_hal.o)
 .debug_line    0x000027e4      0xbd9 C:\Users\Bill\workspace\stm32f103c8t6_hal_lib\Debug\libstm32f103c8t6_hal_lib.a(stm32f1xx_hal_cortex.o)
 .debug_line    0x000033bd      0xb22 C:\Users\Bill\workspace\stm32f103c8t6_hal_lib\Debug\libstm32f103c8t6_hal_lib.a(stm32f1xx_hal_gpio.o)
 .debug_line    0x00003edf      0xbac C:\Users\Bill\workspace\stm32f103c8t6_hal_lib\Debug\libstm32f103c8t6_hal_lib.a(stm32f1xx_hal_rcc.o)
 .debug_line    0x00004a8b     0x137e C:\Users\Bill\workspace\stm32f103c8t6_hal_lib\Debug\libstm32f103c8t6_hal_lib.a(stm32f1xx_hal_spi.o)

.debug_str      0x00000000    0x81f4b
 .debug_str     0x00000000    0x80cac src/main.o
                              0x81085 (size before relaxing)
 .debug_str     0x00080cac       0x38 src/stm32f1xx_it.o
                              0x8075a (size before relaxing)
 .debug_str     0x00080ce4       0xc7 src/system_stm32f1xx.o
                              0x8082e (size before relaxing)
 .debug_str     0x00080dab      0x3cd C:\Users\Bill\workspace\stm32f103c8t6_hal_lib\Debug\libstm32f103c8t6_hal_lib.a(stm32f1xx_hal.o)
                              0x80de4 (size before relaxing)
 .debug_str     0x00081178      0x2b6 C:\Users\Bill\workspace\stm32f103c8t6_hal_lib\Debug\libstm32f103c8t6_hal_lib.a(stm32f1xx_hal_cortex.o)
                              0x80e34 (size before relaxing)
 .debug_str     0x0008142e      0x359 C:\Users\Bill\workspace\stm32f103c8t6_hal_lib\Debug\libstm32f103c8t6_hal_lib.a(stm32f1xx_hal_gpio.o)
                              0x80b7b (size before relaxing)
 .debug_str     0x00081787      0x246 C:\Users\Bill\workspace\stm32f103c8t6_hal_lib\Debug\libstm32f103c8t6_hal_lib.a(stm32f1xx_hal_rcc.o)
                              0x80ba9 (size before relaxing)
 .debug_str     0x000819cd      0x57e C:\Users\Bill\workspace\stm32f103c8t6_hal_lib\Debug\libstm32f103c8t6_hal_lib.a(stm32f1xx_hal_spi.o)
                              0x810c1 (size before relaxing)

.comment        0x00000000       0x7f
 .comment       0x00000000       0x7f src/main.o
                                 0x80 (size before relaxing)
 .comment       0x0000007f       0x80 src/stm32f1xx_it.o
 .comment       0x0000007f       0x80 src/system_stm32f1xx.o
 .comment       0x0000007f       0x80 C:\Users\Bill\workspace\stm32f103c8t6_hal_lib\Debug\libstm32f103c8t6_hal_lib.a(stm32f1xx_hal.o)
 .comment       0x0000007f       0x80 C:\Users\Bill\workspace\stm32f103c8t6_hal_lib\Debug\libstm32f103c8t6_hal_lib.a(stm32f1xx_hal_cortex.o)
 .comment       0x0000007f       0x80 C:\Users\Bill\workspace\stm32f103c8t6_hal_lib\Debug\libstm32f103c8t6_hal_lib.a(stm32f1xx_hal_gpio.o)
 .comment       0x0000007f       0x80 C:\Users\Bill\workspace\stm32f103c8t6_hal_lib\Debug\libstm32f103c8t6_hal_lib.a(stm32f1xx_hal_rcc.o)
 .comment       0x0000007f       0x80 C:\Users\Bill\workspace\stm32f103c8t6_hal_lib\Debug\libstm32f103c8t6_hal_lib.a(stm32f1xx_hal_spi.o)

.debug_frame    0x00000000     0x15c0
 .debug_frame   0x00000000       0x9c src/main.o
 .debug_frame   0x0000009c       0x2c src/stm32f1xx_it.o
 .debug_frame   0x000000c8       0x58 src/system_stm32f1xx.o
 .debug_frame   0x00000120      0x298 C:\Users\Bill\workspace\stm32f103c8t6_hal_lib\Debug\libstm32f103c8t6_hal_lib.a(stm32f1xx_hal.o)
 .debug_frame   0x000003b8      0x428 C:\Users\Bill\workspace\stm32f103c8t6_hal_lib\Debug\libstm32f103c8t6_hal_lib.a(stm32f1xx_hal_cortex.o)
 .debug_frame   0x000007e0      0x14c C:\Users\Bill\workspace\stm32f103c8t6_hal_lib\Debug\libstm32f103c8t6_hal_lib.a(stm32f1xx_hal_gpio.o)
 .debug_frame   0x0000092c      0x218 C:\Users\Bill\workspace\stm32f103c8t6_hal_lib\Debug\libstm32f103c8t6_hal_lib.a(stm32f1xx_hal_rcc.o)
 .debug_frame   0x00000b44      0x8bc C:\Users\Bill\workspace\stm32f103c8t6_hal_lib\Debug\libstm32f103c8t6_hal_lib.a(stm32f1xx_hal_spi.o)
 .debug_frame   0x00001400       0x2c c:/ac6/systemworkbench/plugins/fr.ac6.mcu.externaltools.arm-none.win32_1.15.0.201708311556/tools/compiler/bin/../lib/gcc/arm-none-eabi/6.3.1/../../../../arm-none-eabi/lib/thumb/v7-m\libc.a(lib_a-init.o)
 .debug_frame   0x0000142c       0x5c c:/ac6/systemworkbench/plugins/fr.ac6.mcu.externaltools.arm-none.win32_1.15.0.201708311556/tools/compiler/bin/../lib/gcc/arm-none-eabi/6.3.1/../../../../arm-none-eabi/lib/thumb/v7-m\libc.a(lib_a-__call_atexit.o)
 .debug_frame   0x00001488       0x20 c:/ac6/systemworkbench/plugins/fr.ac6.mcu.externaltools.arm-none.win32_1.15.0.201708311556/tools/compiler/bin/../lib/gcc/arm-none-eabi/6.3.1/../../../../arm-none-eabi/lib/thumb/v7-m\libc.a(lib_a-atexit.o)
 .debug_frame   0x000014a8       0x34 c:/ac6/systemworkbench/plugins/fr.ac6.mcu.externaltools.arm-none.win32_1.15.0.201708311556/tools/compiler/bin/../lib/gcc/arm-none-eabi/6.3.1/../../../../arm-none-eabi/lib/thumb/v7-m\libc.a(lib_a-fini.o)
 .debug_frame   0x000014dc       0xb0 c:/ac6/systemworkbench/plugins/fr.ac6.mcu.externaltools.arm-none.win32_1.15.0.201708311556/tools/compiler/bin/../lib/gcc/arm-none-eabi/6.3.1/../../../../arm-none-eabi/lib/thumb/v7-m\libc.a(lib_a-lock.o)
 .debug_frame   0x0000158c       0x34 c:/ac6/systemworkbench/plugins/fr.ac6.mcu.externaltools.arm-none.win32_1.15.0.201708311556/tools/compiler/bin/../lib/gcc/arm-none-eabi/6.3.1/../../../../arm-none-eabi/lib/thumb/v7-m\libc.a(lib_a-__atexit.o)
