Archive member included to satisfy reference by file (symbol)

C:\Users\Bill\workspace\stm32f103c8t6_hal_lib\Debug\libstm32f103c8t6_hal_lib.a(stm32f1xx_hal.o)
                              src/main.o (HAL_Init)
C:\Users\Bill\workspace\stm32f103c8t6_hal_lib\Debug\libstm32f103c8t6_hal_lib.a(stm32f1xx_hal_adc.o)
                              src/main.o (HAL_ADC_Init)
C:\Users\Bill\workspace\stm32f103c8t6_hal_lib\Debug\libstm32f103c8t6_hal_lib.a(stm32f1xx_hal_adc_ex.o)
                              src/main.o (HAL_ADCEx_Calibration_Start)
C:\Users\Bill\workspace\stm32f103c8t6_hal_lib\Debug\libstm32f103c8t6_hal_lib.a(stm32f1xx_hal_cortex.o)
                              C:\Users\Bill\workspace\stm32f103c8t6_hal_lib\Debug\libstm32f103c8t6_hal_lib.a(stm32f1xx_hal.o) (HAL_NVIC_SetPriorityGrouping)
C:\Users\Bill\workspace\stm32f103c8t6_hal_lib\Debug\libstm32f103c8t6_hal_lib.a(stm32f1xx_hal_dma.o)
                              C:\Users\Bill\workspace\stm32f103c8t6_hal_lib\Debug\libstm32f103c8t6_hal_lib.a(stm32f1xx_hal_adc.o) (HAL_DMA_Start_IT)
C:\Users\Bill\workspace\stm32f103c8t6_hal_lib\Debug\libstm32f103c8t6_hal_lib.a(stm32f1xx_hal_gpio.o)
                              src/main.o (HAL_GPIO_Init)
C:\Users\Bill\workspace\stm32f103c8t6_hal_lib\Debug\libstm32f103c8t6_hal_lib.a(stm32f1xx_hal_rcc.o)
                              src/main.o (HAL_RCC_OscConfig)
C:\Users\Bill\workspace\stm32f103c8t6_hal_lib\Debug\libstm32f103c8t6_hal_lib.a(stm32f1xx_hal_rcc_ex.o)
                              C:\Users\Bill\workspace\stm32f103c8t6_hal_lib\Debug\libstm32f103c8t6_hal_lib.a(stm32f1xx_hal_adc.o) (HAL_RCCEx_GetPeriphCLKFreq)
C:\Users\Bill\workspace\stm32f103c8t6_hal_lib\Debug\libstm32f103c8t6_hal_lib.a(stm32f1xx_hal_uart.o)
                              src/main.o (HAL_UART_Init)
c:/ac6/systemworkbench/plugins/fr.ac6.mcu.externaltools.arm-none.win32_1.15.0.201708311556/tools/compiler/bin/../lib/gcc/arm-none-eabi/6.3.1/thumb/v7-m\libgcc.a(_arm_addsubdf3.o)
                              src/main.o (__aeabi_dsub)
c:/ac6/systemworkbench/plugins/fr.ac6.mcu.externaltools.arm-none.win32_1.15.0.201708311556/tools/compiler/bin/../lib/gcc/arm-none-eabi/6.3.1/thumb/v7-m\libgcc.a(_arm_muldivdf3.o)
                              src/main.o (__aeabi_ddiv)
c:/ac6/systemworkbench/plugins/fr.ac6.mcu.externaltools.arm-none.win32_1.15.0.201708311556/tools/compiler/bin/../lib/gcc/arm-none-eabi/6.3.1/thumb/v7-m\libgcc.a(_arm_truncdfsf2.o)
                              src/main.o (__aeabi_d2f)
c:/ac6/systemworkbench/plugins/fr.ac6.mcu.externaltools.arm-none.win32_1.15.0.201708311556/tools/compiler/bin/../lib/gcc/arm-none-eabi/6.3.1/thumb/v7-m\libgcc.a(_arm_addsubsf3.o)
                              src/main.o (__aeabi_ui2f)
c:/ac6/systemworkbench/plugins/fr.ac6.mcu.externaltools.arm-none.win32_1.15.0.201708311556/tools/compiler/bin/../lib/gcc/arm-none-eabi/6.3.1/thumb/v7-m\libgcc.a(_arm_muldivsf3.o)
                              src/main.o (__aeabi_fmul)
c:/ac6/systemworkbench/plugins/fr.ac6.mcu.externaltools.arm-none.win32_1.15.0.201708311556/tools/compiler/bin/../lib/gcc/arm-none-eabi/6.3.1/../../../../arm-none-eabi/lib/thumb/v7-m\libc_nano.a(lib_a-errno.o)
                              src/syscalls.o (__errno)
c:/ac6/systemworkbench/plugins/fr.ac6.mcu.externaltools.arm-none.win32_1.15.0.201708311556/tools/compiler/bin/../lib/gcc/arm-none-eabi/6.3.1/../../../../arm-none-eabi/lib/thumb/v7-m\libc_nano.a(lib_a-exit.o)
                              c:/ac6/systemworkbench/plugins/fr.ac6.mcu.externaltools.arm-none.win32_1.15.0.201708311556/tools/compiler/bin/../lib/gcc/arm-none-eabi/6.3.1/../../../../arm-none-eabi/lib/thumb/v7-m/crt0.o (exit)
c:/ac6/systemworkbench/plugins/fr.ac6.mcu.externaltools.arm-none.win32_1.15.0.201708311556/tools/compiler/bin/../lib/gcc/arm-none-eabi/6.3.1/../../../../arm-none-eabi/lib/thumb/v7-m\libc_nano.a(lib_a-impure.o)
                              c:/ac6/systemworkbench/plugins/fr.ac6.mcu.externaltools.arm-none.win32_1.15.0.201708311556/tools/compiler/bin/../lib/gcc/arm-none-eabi/6.3.1/../../../../arm-none-eabi/lib/thumb/v7-m\libc_nano.a(lib_a-exit.o) (_global_impure_ptr)
c:/ac6/systemworkbench/plugins/fr.ac6.mcu.externaltools.arm-none.win32_1.15.0.201708311556/tools/compiler/bin/../lib/gcc/arm-none-eabi/6.3.1/../../../../arm-none-eabi/lib/thumb/v7-m\libc_nano.a(lib_a-init.o)
                              c:/ac6/systemworkbench/plugins/fr.ac6.mcu.externaltools.arm-none.win32_1.15.0.201708311556/tools/compiler/bin/../lib/gcc/arm-none-eabi/6.3.1/../../../../arm-none-eabi/lib/thumb/v7-m/crt0.o (__libc_init_array)
c:/ac6/systemworkbench/plugins/fr.ac6.mcu.externaltools.arm-none.win32_1.15.0.201708311556/tools/compiler/bin/../lib/gcc/arm-none-eabi/6.3.1/../../../../arm-none-eabi/lib/thumb/v7-m\libc_nano.a(lib_a-memset.o)
[...]
Memory Configuration

Name             Origin             Length             Attributes
RAM              0x20000000         0x00005000         xrw
ROM              0x08000000         0x00010000         xr
*default*        0x00000000         0xffffffff

Linker script and memory map

LOAD c:/ac6/systemworkbench/plugins/fr.ac6.mcu.externaltools.arm-none.win32_1.15.0.201708311556/tools/compiler/bin/../lib/gcc/arm-none-eabi/6.3.1/thumb/v7-m/crti.o
LOAD c:/ac6/systemworkbench/plugins/fr.ac6.mcu.externaltools.arm-none.win32_1.15.0.201708311556/tools/compiler/bin/../lib/gcc/arm-none-eabi/6.3.1/thumb/v7-m/crtbegin.o
LOAD c:/ac6/systemworkbench/plugins/fr.ac6.mcu.externaltools.arm-none.win32_1.15.0.201708311556/tools/compiler/bin/../lib/gcc/arm-none-eabi/6.3.1/../../../../arm-none-eabi/lib/thumb/v7-m/crt0.o
LOAD src/main.o
LOAD src/stm32f1xx_it.o
LOAD src/syscalls.o
LOAD src/system_stm32f1xx.o
LOAD startup/startup_stm32.o
LOAD C:\Users\Bill\workspace\stm32f103c8t6_hal_lib\Debug\libstm32f103c8t6_hal_lib.a
LOAD c:/ac6/systemworkbench/plugins/fr.ac6.mcu.externaltools.arm-none.win32_1.15.0.201708311556/tools/compiler/bin/../lib/gcc/arm-none-eabi/6.3.1/../../../../arm-none-eabi/lib/thumb/v7-m\libm.a
START GROUP
LOAD c:/ac6/systemworkbench/plugins/fr.ac6.mcu.externaltools.arm-none.win32_1.15.0.201708311556/tools/compiler/bin/../lib/gcc/arm-none-eabi/6.3.1/thumb/v7-m\libgcc.a
LOAD c:/ac6/systemworkbench/plugins/fr.ac6.mcu.externaltools.arm-none.win32_1.15.0.201708311556/tools/compiler/bin/../lib/gcc/arm-none-eabi/6.3.1/../../../../arm-none-eabi/lib/thumb/v7-m\libc_nano.a
END GROUP
START GROUP
LOAD c:/ac6/systemworkbench/plugins/fr.ac6.mcu.externaltools.arm-none.win32_1.15.0.201708311556/tools/compiler/bin/../lib/gcc/arm-none-eabi/6.3.1/thumb/v7-m\libgcc.a
LOAD c:/ac6/systemworkbench/plugins/fr.ac6.mcu.externaltools.arm-none.win32_1.15.0.201708311556/tools/compiler/bin/../lib/gcc/arm-none-eabi/6.3.1/../../../../arm-none-eabi/lib/thumb/v7-m\libc_nano.a
LOAD c:/ac6/systemworkbench/plugins/fr.ac6.mcu.externaltools.arm-none.win32_1.15.0.201708311556/tools/compiler/bin/../lib/gcc/arm-none-eabi/6.3.1/../../../../arm-none-eabi/lib/thumb/v7-m\libnosys.a
END GROUP
START GROUP
LOAD c:/ac6/systemworkbench/plugins/fr.ac6.mcu.externaltools.arm-none.win32_1.15.0.201708311556/tools/compiler/bin/../lib/gcc/arm-none-eabi/6.3.1/thumb/v7-m\libgcc.a
LOAD c:/ac6/systemworkbench/plugins/fr.ac6.mcu.externaltools.arm-none.win32_1.15.0.201708311556/tools/compiler/bin/../lib/gcc/arm-none-eabi/6.3.1/../../../../arm-none-eabi/lib/thumb/v7-m\libc_nano.a
LOAD c:/ac6/systemworkbench/plugins/fr.ac6.mcu.externaltools.arm-none.win32_1.15.0.201708311556/tools/compiler/bin/../lib/gcc/arm-none-eabi/6.3.1/../../../../arm-none-eabi/lib/thumb/v7-m\libnosys.a
END GROUP
LOAD c:/ac6/systemworkbench/plugins/fr.ac6.mcu.externaltools.arm-none.win32_1.15.0.201708311556/tools/compiler/bin/../lib/gcc/arm-none-eabi/6.3.1/thumb/v7-m/crtend.o
LOAD c:/ac6/systemworkbench/plugins/fr.ac6.mcu.externaltools.arm-none.win32_1.15.0.201708311556/tools/compiler/bin/../lib/gcc/arm-none-eabi/6.3.1/thumb/v7-m/crtn.o
                0x20005000                _estack = 0x20005000
                0x00000000                _Min_Heap_Size = 0x0
                0x00000400                _Min_Stack_Size = 0x400

.isr_vector     0x08000000      0x130
                0x08000000                . = ALIGN (0x4)
 *(.isr_vector)
 .isr_vector    0x08000000      0x130 startup/startup_stm32.o
                0x08000000                g_pfnVectors
                0x08000130                . = ALIGN (0x4)

.text           0x08000130     0x51ac
                0x08000130                . = ALIGN (0x4)
 *(.text)
 .text          0x08000130       0x6c c:/ac6/systemworkbench/plugins/fr.ac6.mcu.externaltools.arm-none.win32_1.15.0.201708311556/tools/compiler/bin/../lib/gcc/arm-none-eabi/6.3.1/thumb/v7-m/crtbegin.o
 .text          0x0800019c      0x370 c:/ac6/systemworkbench/plugins/fr.ac6.mcu.externaltools.arm-none.win32_1.15.0.201708311556/tools/compiler/bin/../lib/gcc/arm-none-eabi/6.3.1/thumb/v7-m\libgcc.a(_arm_addsubdf3.o)
                0x0800019c                __aeabi_drsub
                0x080001a4                __aeabi_dsub
                0x080001a4                __subdf3
                0x080001a8                __aeabi_dadd
                0x080001a8                __adddf3
                0x08000420                __floatunsidf
                0x08000420                __aeabi_ui2d
                0x08000440                __floatsidf
                0x08000440                __aeabi_i2d
                0x08000464                __aeabi_f2d
                0x08000464                __extendsfdf2
                0x080004a0                __floatundidf
                0x080004a0                __aeabi_ul2d
                0x080004b0                __floatdidf
                0x080004b0                __aeabi_l2d
 .text          0x0800050c      0x424 c:/ac6/systemworkbench/plugins/fr.ac6.mcu.externaltools.arm-none.win32_1.15.0.201708311556/tools/compiler/bin/../lib/gcc/arm-none-eabi/6.3.1/thumb/v7-m\libgcc.a(_arm_muldivdf3.o)
                0x0800050c                __aeabi_dmul
                0x0800050c                __muldf3
                0x08000760                __divdf3
                0x08000760                __aeabi_ddiv
 .text          0x08000930       0xa0 c:/ac6/systemworkbench/plugins/fr.ac6.mcu.externaltools.arm-none.win32_1.15.0.201708311556/tools/compiler/bin/../lib/gcc/arm-none-eabi/6.3.1/thumb/v7-m\libgcc.a(_arm_truncdfsf2.o)
                0x08000930                __truncdfsf2
                0x08000930                __aeabi_d2f
 .text          0x080009d0      0x21c c:/ac6/systemworkbench/plugins/fr.ac6.mcu.externaltools.arm-none.win32_1.15.0.201708311556/tools/compiler/bin/../lib/gcc/arm-none-eabi/6.3.1/thumb/v7-m\libgcc.a(_arm_addsubsf3.o)
                0x080009d0                __aeabi_frsub
                0x080009d8                __subsf3
                0x080009d8                __aeabi_fsub
                0x080009dc                __aeabi_fadd
                0x080009dc                __addsf3
                0x08000b3c                __aeabi_ui2f
                0x08000b3c                __floatunsisf
                0x08000b44                __aeabi_i2f
                0x08000b44                __floatsisf
                0x08000b60                __aeabi_ul2f
                0x08000b60                __floatundisf
                0x08000b70                __aeabi_l2f
                0x08000b70                __floatdisf
 .text          0x08000bec      0x2a0 c:/ac6/systemworkbench/plugins/fr.ac6.mcu.externaltools.arm-none.win32_1.15.0.201708311556/tools/compiler/bin/../lib/gcc/arm-none-eabi/6.3.1/thumb/v7-m\libgcc.a(_arm_muldivsf3.o)
                0x08000bec                __mulsf3
                0x08000bec                __aeabi_fmul
                0x08000d54                __aeabi_fdiv
                0x08000d54                __divsf3
 .text          0x08000e8c       0x10 c:/ac6/systemworkbench/plugins/fr.ac6.mcu.externaltools.arm-none.win32_1.15.0.201708311556/tools/compiler/bin/../lib/gcc/arm-none-eabi/6.3.1/../../../../arm-none-eabi/lib/thumb/v7-m\libc_nano.a(lib_a-strlen.o)
                0x08000e8c                strlen
 .text          0x08000e9c      0x110 c:/ac6/systemworkbench/plugins/fr.ac6.mcu.externaltools.arm-none.win32_1.15.0.201708311556/tools/compiler/bin/../lib/gcc/arm-none-eabi/6.3.1/thumb/v7-m\libgcc.a(_arm_cmpdf2.o)
                0x08000e9c                __gtdf2
                0x08000e9c                __gedf2
                0x08000ea4                __ltdf2
                0x08000ea4                __ledf2
                0x08000eac                __nedf2
                0x08000eac                __eqdf2
                0x08000eac                __cmpdf2
                0x08000f28                __aeabi_cdrcmple
                0x08000f38                __aeabi_cdcmpeq
                0x08000f38                __aeabi_cdcmple
                0x08000f48                __aeabi_dcmpeq
                0x08000f5c                __aeabi_dcmplt
                0x08000f70                __aeabi_dcmple
                0x08000f84                __aeabi_dcmpge
                0x08000f98                __aeabi_dcmpgt
 .text          0x08000fac       0x2c c:/ac6/systemworkbench/plugins/fr.ac6.mcu.externaltools.arm-none.win32_1.15.0.201708311556/tools/compiler/bin/../lib/gcc/arm-none-eabi/6.3.1/thumb/v7-m\libgcc.a(_arm_unorddf2.o)
                0x08000fac                __unorddf2
                0x08000fac                __aeabi_dcmpun
 .text          0x08000fd8       0x50 c:/ac6/systemworkbench/plugins/fr.ac6.mcu.externaltools.arm-none.win32_1.15.0.201708311556/tools/compiler/bin/../lib/gcc/arm-none-eabi/6.3.1/thumb/v7-m\libgcc.a(_arm_fixdfsi.o)
                0x08000fd8                __aeabi_d2iz
                0x08000fd8                __fixdfsi
 *(.text*)
 .text.main     0x08001028      0x124 src/main.o
                0x08001028                main
 .text.GPIO_Init
                0x0800114c       0x6c src/main.o
 .text.UART1_Init
                0x080011b8       0x6c src/main.o
 .text.ADC1_Init
                0x08001224       0x7c src/main.o
 .text.SystemClock_Config
                0x080012a0       0x7c src/main.o
 .text.SysTick_Handler
                0x0800131c       0x10 src/stm32f1xx_it.o
                0x0800131c                SysTick_Handler
 .text._sbrk    0x0800132c       0x58 src/syscalls.o
                0x0800132c                _sbrk
 .text.SystemInit
                0x08001384       0x68 src/system_stm32f1xx.o
                0x08001384                SystemInit
 .text.Reset_Handler
                0x080013ec       0x50 startup/startup_stm32.o
                0x080013ec                Reset_Handler
 .text.Default_Handler
                0x0800143c        0x2 startup/startup_stm32.o
                0x0800143c                EXTI2_IRQHandler
                0x0800143c                TIM8_TRG_COM_IRQHandler
                0x0800143c                TIM8_CC_IRQHandler
                0x0800143c                DebugMon_Handler
                0x0800143c                TIM1_CC_IRQHandler
                0x0800143c                HardFault_Handler
                0x0800143c                TIM6_IRQHandler
                0x0800143c                PVD_IRQHandler
                0x0800143c                SDIO_IRQHandler
                0x0800143c                PendSV_Handler
                0x0800143c                NMI_Handler
                0x0800143c                EXTI3_IRQHandler
                0x0800143c                USB_HP_CAN_TX_IRQHandler
                0x0800143c                EXTI0_IRQHandler
                0x0800143c                I2C2_EV_IRQHandler
                0x0800143c                UsageFault_Handler
                0x0800143c                ADC1_2_IRQHandler
                0x0800143c                SPI1_IRQHandler
                0x0800143c                CAN_SCE_IRQHandler
                0x0800143c                TAMPER_IRQHandler
                0x0800143c                TIM8_UP_IRQHandler
                0x0800143c                DMA2_Channel2_IRQHandler
                0x0800143c                DMA1_Channel4_IRQHandler
                0x0800143c                USART3_IRQHandler
                0x0800143c                RTC_IRQHandler
                0x0800143c                DMA1_Channel7_IRQHandler
                0x0800143c                UART5_IRQHandler
                0x0800143c                ADC3_IRQHandler
                0x0800143c                TIM4_IRQHandler
                0x0800143c                CAN_RX1_IRQHandler
                0x0800143c                DMA2_Channel1_IRQHandler
                0x0800143c                I2C1_EV_IRQHandler
                0x0800143c                DMA1_Channel6_IRQHandler
                0x0800143c                UART4_IRQHandler
                0x0800143c                TIM3_IRQHandler
                0x0800143c                RCC_IRQHandler
                0x0800143c                TIM1_TRG_COM_IRQHandler
                0x0800143c                DMA1_Channel1_IRQHandler
                0x0800143c                Default_Handler
                0x0800143c                EXTI15_10_IRQHandler
                0x0800143c                TIM7_IRQHandler
                0x0800143c                TIM5_IRQHandler
                0x0800143c                EXTI9_5_IRQHandler
                0x0800143c                SPI2_IRQHandler
                0x0800143c                USB_LP_CAN_RX0_IRQHandler
                0x0800143c                MemManage_Handler
                0x0800143c                SVC_Handler
                0x0800143c                DMA1_Channel5_IRQHandler
                0x0800143c                EXTI4_IRQHandler
                0x0800143c                DMA1_Channel3_IRQHandler
                0x0800143c                FSMC_IRQHandler
                0x0800143c                TIM1_UP_IRQHandler
                0x0800143c                WWDG_IRQHandler
                0x0800143c                TIM2_IRQHandler
                0x0800143c                TIM1_BRK_IRQHandler
                0x0800143c                EXTI1_IRQHandler
                0x0800143c                RTCAlarm_IRQHandler
                0x0800143c                DMA2_Channel4_5_IRQHandler
                0x0800143c                USART2_IRQHandler
                0x0800143c                I2C2_ER_IRQHandler
                0x0800143c                DMA1_Channel2_IRQHandler
                0x0800143c                TIM8_BRK_IRQHandler
                0x0800143c                FLASH_IRQHandler
                0x0800143c                BusFault_Handler
                0x0800143c                USART1_IRQHandler
                0x0800143c                SPI3_IRQHandler
                0x0800143c                I2C1_ER_IRQHandler
                0x0800143c                DMA2_Channel3_IRQHandler
 *fill*         0x0800143e        0x2 
 .text.HAL_Init
                0x08001440       0x2c C:\Users\Bill\workspace\stm32f103c8t6_hal_lib\Debug\libstm32f103c8t6_hal_lib.a(stm32f1xx_hal.o)
                0x08001440                HAL_Init
 .text.HAL_MspInit
                0x0800146c        0xc C:\Users\Bill\workspace\stm32f103c8t6_hal_lib\Debug\libstm32f103c8t6_hal_lib.a(stm32f1xx_hal.o)
                0x0800146c                HAL_MspInit
 .text.HAL_InitTick
                0x08001478       0x38 C:\Users\Bill\workspace\stm32f103c8t6_hal_lib\Debug\libstm32f103c8t6_hal_lib.a(stm32f1xx_hal.o)
                0x08001478                HAL_InitTick
 .text.HAL_IncTick
                0x080014b0       0x1c C:\Users\Bill\workspace\stm32f103c8t6_hal_lib\Debug\libstm32f103c8t6_hal_lib.a(stm32f1xx_hal.o)
                0x080014b0                HAL_IncTick
 .text.HAL_GetTick
                0x080014cc       0x14 C:\Users\Bill\workspace\stm32f103c8t6_hal_lib\Debug\libstm32f103c8t6_hal_lib.a(stm32f1xx_hal.o)
                0x080014cc                HAL_GetTick
 .text.HAL_Delay
                0x080014e0       0x3a C:\Users\Bill\workspace\stm32f103c8t6_hal_lib\Debug\libstm32f103c8t6_hal_lib.a(stm32f1xx_hal.o)
                0x080014e0                HAL_Delay
 *fill*         0x0800151a        0x2 
 .text.HAL_ADC_Init
                0x0800151c      0x1b0 C:\Users\Bill\workspace\stm32f103c8t6_hal_lib\Debug\libstm32f103c8t6_hal_lib.a(stm32f1xx_hal_adc.o)
                0x0800151c                HAL_ADC_Init
 .text.HAL_ADC_MspInit
                0x080016cc       0x12 C:\Users\Bill\workspace\stm32f103c8t6_hal_lib\Debug\libstm32f103c8t6_hal_lib.a(stm32f1xx_hal_adc.o)
                0x080016cc                HAL_ADC_MspInit
 *fill*         0x080016de        0x2 
 .text.HAL_ADC_Start
                0x080016e0      0x15c C:\Users\Bill\workspace\stm32f103c8t6_hal_lib\Debug\libstm32f103c8t6_hal_lib.a(stm32f1xx_hal_adc.o)
                0x080016e0                HAL_ADC_Start
 .text.HAL_ADC_PollForConversion
                0x0800183c      0x1f4 C:\Users\Bill\workspace\stm32f103c8t6_hal_lib\Debug\libstm32f103c8t6_hal_lib.a(stm32f1xx_hal_adc.o)
                0x0800183c                HAL_ADC_PollForConversion
 .text.HAL_ADC_GetValue
                0x08001a30       0x18 C:\Users\Bill\workspace\stm32f103c8t6_hal_lib\Debug\libstm32f103c8t6_hal_lib.a(stm32f1xx_hal_adc.o)
                0x08001a30                HAL_ADC_GetValue
 .text.HAL_ADC_ConfigChannel
                0x08001a48      0x1f0 C:\Users\Bill\workspace\stm32f103c8t6_hal_lib\Debug\libstm32f103c8t6_hal_lib.a(stm32f1xx_hal_adc.o)
                0x08001a48                HAL_ADC_ConfigChannel
 .text.ADC_Enable
                0x08001c38       0xa4 C:\Users\Bill\workspace\stm32f103c8t6_hal_lib\Debug\libstm32f103c8t6_hal_lib.a(stm32f1xx_hal_adc.o)
                0x08001c38                ADC_Enable
 .text.ADC_ConversionStop_Disable
                0x08001cdc       0x74 C:\Users\Bill\workspace\stm32f103c8t6_hal_lib\Debug\libstm32f103c8t6_hal_lib.a(stm32f1xx_hal_adc.o)
                0x08001cdc                ADC_ConversionStop_Disable
 .text.HAL_ADCEx_Calibration_Start
                0x08001d50      0x138 C:\Users\Bill\workspace\stm32f103c8t6_hal_lib\Debug\libstm32f103c8t6_hal_lib.a(stm32f1xx_hal_adc_ex.o)
                0x08001d50                HAL_ADCEx_Calibration_Start
 .text.NVIC_SetPriorityGrouping
                0x08001e88       0x48 C:\Users\Bill\workspace\stm32f103c8t6_hal_lib\Debug\libstm32f103c8t6_hal_lib.a(stm32f1xx_hal_cortex.o)
 .text.NVIC_GetPriorityGrouping
                0x08001ed0       0x1c C:\Users\Bill\workspace\stm32f103c8t6_hal_lib\Debug\libstm32f103c8t6_hal_lib.a(stm32f1xx_hal_cortex.o)
 .text.NVIC_SetPriority
                0x08001eec       0x54 C:\Users\Bill\workspace\stm32f103c8t6_hal_lib\Debug\libstm32f103c8t6_hal_lib.a(stm32f1xx_hal_cortex.o)
 .text.NVIC_EncodePriority
                0x08001f40       0x60 C:\Users\Bill\workspace\stm32f103c8t6_hal_lib\Debug\libstm32f103c8t6_hal_lib.a(stm32f1xx_hal_cortex.o)
 .text.SysTick_Config
                0x08001fa0       0x44 C:\Users\Bill\workspace\stm32f103c8t6_hal_lib\Debug\libstm32f103c8t6_hal_lib.a(stm32f1xx_hal_cortex.o)
 .text.HAL_NVIC_SetPriorityGrouping
                0x08001fe4       0x16 C:\Users\Bill\workspace\stm32f103c8t6_hal_lib\Debug\libstm32f103c8t6_hal_lib.a(stm32f1xx_hal_cortex.o)
                0x08001fe4                HAL_NVIC_SetPriorityGrouping
 .text.HAL_NVIC_SetPriority
                0x08001ffa       0x38 C:\Users\Bill\workspace\stm32f103c8t6_hal_lib\Debug\libstm32f103c8t6_hal_lib.a(stm32f1xx_hal_cortex.o)
                0x08001ffa                HAL_NVIC_SetPriority
 .text.HAL_SYSTICK_Config
                0x08002032       0x18 C:\Users\Bill\workspace\stm32f103c8t6_hal_lib\Debug\libstm32f103c8t6_hal_lib.a(stm32f1xx_hal_cortex.o)
                0x08002032                HAL_SYSTICK_Config
 *fill*         0x0800204a        0x2 
 .text.HAL_SYSTICK_CLKSourceConfig
                0x0800204c       0x38 C:\Users\Bill\workspace\stm32f103c8t6_hal_lib\Debug\libstm32f103c8t6_hal_lib.a(stm32f1xx_hal_cortex.o)
                0x0800204c                HAL_SYSTICK_CLKSourceConfig
 .text.HAL_SYSTICK_IRQHandler
                0x08002084        0xc C:\Users\Bill\workspace\stm32f103c8t6_hal_lib\Debug\libstm32f103c8t6_hal_lib.a(stm32f1xx_hal_cortex.o)
                0x08002084                HAL_SYSTICK_IRQHandler
 .text.HAL_SYSTICK_Callback
                0x08002090        0xc C:\Users\Bill\workspace\stm32f103c8t6_hal_lib\Debug\libstm32f103c8t6_hal_lib.a(stm32f1xx_hal_cortex.o)
                0x08002090                HAL_SYSTICK_Callback
 .text.HAL_GPIO_Init
                0x0800209c      0x2bc C:\Users\Bill\workspace\stm32f103c8t6_hal_lib\Debug\libstm32f103c8t6_hal_lib.a(stm32f1xx_hal_gpio.o)
                0x0800209c                HAL_GPIO_Init
 .text.HAL_RCC_OscConfig
                0x08002358      0x4c8 C:\Users\Bill\workspace\stm32f103c8t6_hal_lib\Debug\libstm32f103c8t6_hal_lib.a(stm32f1xx_hal_rcc.o)
                0x08002358                HAL_RCC_OscConfig
 .text.HAL_RCC_ClockConfig
                0x08002820      0x1e8 C:\Users\Bill\workspace\stm32f103c8t6_hal_lib\Debug\libstm32f103c8t6_hal_lib.a(stm32f1xx_hal_rcc.o)
                0x08002820                HAL_RCC_ClockConfig
 .text.HAL_RCC_GetSysClockFreq
                0x08002a08       0xc4 C:\Users\Bill\workspace\stm32f103c8t6_hal_lib\Debug\libstm32f103c8t6_hal_lib.a(stm32f1xx_hal_rcc.o)
                0x08002a08                HAL_RCC_GetSysClockFreq
 .text.HAL_RCC_GetHCLKFreq
                0x08002acc       0x14 C:\Users\Bill\workspace\stm32f103c8t6_hal_lib\Debug\libstm32f103c8t6_hal_lib.a(stm32f1xx_hal_rcc.o)
                0x08002acc                HAL_RCC_GetHCLKFreq
 .text.HAL_RCC_GetPCLK1Freq
                0x08002ae0       0x28 C:\Users\Bill\workspace\stm32f103c8t6_hal_lib\Debug\libstm32f103c8t6_hal_lib.a(stm32f1xx_hal_rcc.o)
                0x08002ae0                HAL_RCC_GetPCLK1Freq
 .text.HAL_RCC_GetPCLK2Freq
                0x08002b08       0x28 C:\Users\Bill\workspace\stm32f103c8t6_hal_lib\Debug\libstm32f103c8t6_hal_lib.a(stm32f1xx_hal_rcc.o)
                0x08002b08                HAL_RCC_GetPCLK2Freq
 .text.RCC_Delay
                0x08002b30       0x3c C:\Users\Bill\workspace\stm32f103c8t6_hal_lib\Debug\libstm32f103c8t6_hal_lib.a(stm32f1xx_hal_rcc.o)
 .text.HAL_RCCEx_GetPeriphCLKFreq
                0x08002b6c      0x180 C:\Users\Bill\workspace\stm32f103c8t6_hal_lib\Debug\libstm32f103c8t6_hal_lib.a(stm32f1xx_hal_rcc_ex.o)
                0x08002b6c                HAL_RCCEx_GetPeriphCLKFreq
 .text.HAL_UART_Init
                0x08002cec       0x9a C:\Users\Bill\workspace\stm32f103c8t6_hal_lib\Debug\libstm32f103c8t6_hal_lib.a(stm32f1xx_hal_uart.o)
                0x08002cec                HAL_UART_Init
 .text.HAL_UART_MspInit
                0x08002d86       0x12 C:\Users\Bill\workspace\stm32f103c8t6_hal_lib\Debug\libstm32f103c8t6_hal_lib.a(stm32f1xx_hal_uart.o)
                0x08002d86                HAL_UART_MspInit
 .text.HAL_UART_Transmit
                0x08002d98      0x130 C:\Users\Bill\workspace\stm32f103c8t6_hal_lib\Debug\libstm32f103c8t6_hal_lib.a(stm32f1xx_hal_uart.o)
                0x08002d98                HAL_UART_Transmit
 .text.UART_WaitOnFlagUntilTimeout
                0x08002ec8       0x94 C:\Users\Bill\workspace\stm32f103c8t6_hal_lib\Debug\libstm32f103c8t6_hal_lib.a(stm32f1xx_hal_uart.o)
 .text.UART_SetConfig
                0x08002f5c      0x230 C:\Users\Bill\workspace\stm32f103c8t6_hal_lib\Debug\libstm32f103c8t6_hal_lib.a(stm32f1xx_hal_uart.o)
 .text.__errno  0x0800318c        0xc c:/ac6/systemworkbench/plugins/fr.ac6.mcu.externaltools.arm-none.win32_1.15.0.201708311556/tools/compiler/bin/../lib/gcc/arm-none-eabi/6.3.1/../../../../arm-none-eabi/lib/thumb/v7-m\libc_nano.a(lib_a-errno.o)
                0x0800318c                __errno
 .text.__libc_init_array
                0x08003198       0x48 c:/ac6/systemworkbench/plugins/fr.ac6.mcu.externaltools.arm-none.win32_1.15.0.201708311556/tools/compiler/bin/../lib/gcc/arm-none-eabi/6.3.1/../../../../arm-none-eabi/lib/thumb/v7-m\libc_nano.a(lib_a-init.o)
                0x08003198                __libc_init_array
 .text.memset   0x080031e0       0x10 c:/ac6/systemworkbench/plugins/fr.ac6.mcu.externaltools.arm-none.win32_1.15.0.201708311556/tools/compiler/bin/../lib/gcc/arm-none-eabi/6.3.1/../../../../arm-none-eabi/lib/thumb/v7-m\libc_nano.a(lib_a-memset.o)
                0x080031e0                memset
 .text.__cvt    0x080031f0       0xb8 c:/ac6/systemworkbench/plugins/fr.ac6.mcu.externaltools.arm-none.win32_1.15.0.201708311556/tools/compiler/bin/../lib/gcc/arm-none-eabi/6.3.1/../../../../arm-none-eabi/lib/thumb/v7-m\libc_nano.a(lib_a-nano-vfprintf_float.o)
                0x080031f0                __cvt
 .text.__exponent
                0x080032a8       0x6a c:/ac6/systemworkbench/plugins/fr.ac6.mcu.externaltools.arm-none.win32_1.15.0.201708311556/tools/compiler/bin/../lib/gcc/arm-none-eabi/6.3.1/../../../../arm-none-eabi/lib/thumb/v7-m\libc_nano.a(lib_a-nano-vfprintf_float.o)
                0x080032a8                __exponent
 *fill*         0x08003312        0x2 
 .text._printf_float
                0x08003314      0x470 c:/ac6/systemworkbench/plugins/fr.ac6.mcu.externaltools.arm-none.win32_1.15.0.201708311556/tools/compiler/bin/../lib/gcc/arm-none-eabi/6.3.1/../../../../arm-none-eabi/lib/thumb/v7-m\libc_nano.a(lib_a-nano-vfprintf_float.o)
                0x08003314                _printf_float
 .text._printf_common
                0x08003784       0xee c:/ac6/systemworkbench/plugins/fr.ac6.mcu.externaltools.arm-none.win32_1.15.0.201708311556/tools/compiler/bin/../lib/gcc/arm-none-eabi/6.3.1/../../../../arm-none-eabi/lib/thumb/v7-m\libc_nano.a(lib_a-nano-vfprintf_i.o)
                0x08003784                _printf_common
 *fill*         0x08003872        0x2 
 .text._printf_i
                0x08003874      0x240 c:/ac6/systemworkbench/plugins/fr.ac6.mcu.externaltools.arm-none.win32_1.15.0.201708311556/tools/compiler/bin/../lib/gcc/arm-none-eabi/6.3.1/../../../../arm-none-eabi/lib/thumb/v7-m\libc_nano.a(lib_a-nano-vfprintf_i.o)
                0x08003874                _printf_i
 .text.sprintf  0x08003ab4       0x48 c:/ac6/systemworkbench/plugins/fr.ac6.mcu.externaltools.arm-none.win32_1.15.0.201708311556/tools/compiler/bin/../lib/gcc/arm-none-eabi/6.3.1/../../../../arm-none-eabi/lib/thumb/v7-m\libc_nano.a(lib_a-sprintf.o)
                0x08003ab4                siprintf
                0x08003ab4                sprintf
 .text.quorem   0x08003afc      0x118 c:/ac6/systemworkbench/plugins/fr.ac6.mcu.externaltools.arm-none.win32_1.15.0.201708311556/tools/compiler/bin/../lib/gcc/arm-none-eabi/6.3.1/../../../../arm-none-eabi/lib/thumb/v7-m\libc_nano.a(lib_a-dtoa.o)
 *fill*         0x08003c14        0x4 
 .text._dtoa_r  0x08003c18      0xba8 c:/ac6/systemworkbench/plugins/fr.ac6.mcu.externaltools.arm-none.win32_1.15.0.201708311556/tools/compiler/bin/../lib/gcc/arm-none-eabi/6.3.1/../../../../arm-none-eabi/lib/thumb/v7-m\libc_nano.a(lib_a-dtoa.o)
                0x08003c18                _dtoa_r
 .text._localeconv_r
                0x080047c0       0x1c c:/ac6/systemworkbench/plugins/fr.ac6.mcu.externaltools.arm-none.win32_1.15.0.201708311556/tools/compiler/bin/../lib/gcc/arm-none-eabi/6.3.1/../../../../arm-none-eabi/lib/thumb/v7-m\libc_nano.a(lib_a-localeconv.o)
                0x080047c0                _localeconv_r
 .text.malloc   0x080047dc       0x10 c:/ac6/systemworkbench/plugins/fr.ac6.mcu.externaltools.arm-none.win32_1.15.0.201708311556/tools/compiler/bin/../lib/gcc/arm-none-eabi/6.3.1/../../../../arm-none-eabi/lib/thumb/v7-m\libc_nano.a(lib_a-malloc.o)
                0x080047dc                malloc
 .text.memchr   0x080047ec       0x1c c:/ac6/systemworkbench/plugins/fr.ac6.mcu.externaltools.arm-none.win32_1.15.0.201708311556/tools/compiler/bin/../lib/gcc/arm-none-eabi/6.3.1/../../../../arm-none-eabi/lib/thumb/v7-m\libc_nano.a(lib_a-memchr-stub.o)
                0x080047ec                memchr
 .text.memcpy   0x08004808       0x16 c:/ac6/systemworkbench/plugins/fr.ac6.mcu.externaltools.arm-none.win32_1.15.0.201708311556/tools/compiler/bin/../lib/gcc/arm-none-eabi/6.3.1/../../../../arm-none-eabi/lib/thumb/v7-m\libc_nano.a(lib_a-memcpy-stub.o)
                0x08004808                memcpy
 .text._Balloc  0x0800481e       0x68 c:/ac6/systemworkbench/plugins/fr.ac6.mcu.externaltools.arm-none.win32_1.15.0.201708311556/tools/compiler/bin/../lib/gcc/arm-none-eabi/6.3.1/../../../../arm-none-eabi/lib/thumb/v7-m\libc_nano.a(lib_a-mprec.o)
                0x0800481e                _Balloc
 .text._Bfree   0x08004886       0x2e c:/ac6/systemworkbench/plugins/fr.ac6.mcu.externaltools.arm-none.win32_1.15.0.201708311556/tools/compiler/bin/../lib/gcc/arm-none-eabi/6.3.1/../../../../arm-none-eabi/lib/thumb/v7-m\libc_nano.a(lib_a-mprec.o)
                0x08004886                _Bfree
 .text.__multadd
                0x080048b4       0x76 c:/ac6/systemworkbench/plugins/fr.ac6.mcu.externaltools.arm-none.win32_1.15.0.201708311556/tools/compiler/bin/../lib/gcc/arm-none-eabi/6.3.1/../../../../arm-none-eabi/lib/thumb/v7-m\libc_nano.a(lib_a-mprec.o)
                0x080048b4                __multadd
 .text.__hi0bits
                0x0800492a       0x3e c:/ac6/systemworkbench/plugins/fr.ac6.mcu.externaltools.arm-none.win32_1.15.0.201708311556/tools/compiler/bin/../lib/gcc/arm-none-eabi/6.3.1/../../../../arm-none-eabi/lib/thumb/v7-m\libc_nano.a(lib_a-mprec.o)
                0x0800492a                __hi0bits
 .text.__lo0bits
                0x08004968       0x5e c:/ac6/systemworkbench/plugins/fr.ac6.mcu.externaltools.arm-none.win32_1.15.0.201708311556/tools/compiler/bin/../lib/gcc/arm-none-eabi/6.3.1/../../../../arm-none-eabi/lib/thumb/v7-m\libc_nano.a(lib_a-mprec.o)
                0x08004968                __lo0bits
 .text.__i2b    0x080049c6       0x12 c:/ac6/systemworkbench/plugins/fr.ac6.mcu.externaltools.arm-none.win32_1.15.0.201708311556/tools/compiler/bin/../lib/gcc/arm-none-eabi/6.3.1/../../../../arm-none-eabi/lib/thumb/v7-m\libc_nano.a(lib_a-mprec.o)
                0x080049c6                __i2b
 .text.__multiply
                0x080049d8      0x118 c:/ac6/systemworkbench/plugins/fr.ac6.mcu.externaltools.arm-none.win32_1.15.0.201708311556/tools/compiler/bin/../lib/gcc/arm-none-eabi/6.3.1/../../../../arm-none-eabi/lib/thumb/v7-m\libc_nano.a(lib_a-mprec.o)
                0x080049d8                __multiply
 .text.__pow5mult
                0x08004af0       0x9c c:/ac6/systemworkbench/plugins/fr.ac6.mcu.externaltools.arm-none.win32_1.15.0.201708311556/tools/compiler/bin/../lib/gcc/arm-none-eabi/6.3.1/../../../../arm-none-eabi/lib/thumb/v7-m\libc_nano.a(lib_a-mprec.o)
                0x08004af0                __pow5mult
 .text.__lshift
                0x08004b8c       0xa2 c:/ac6/systemworkbench/plugins/fr.ac6.mcu.externaltools.arm-none.win32_1.15.0.201708311556/tools/compiler/bin/../lib/gcc/arm-none-eabi/6.3.1/../../../../arm-none-eabi/lib/thumb/v7-m\libc_nano.a(lib_a-mprec.o)
                0x08004b8c                __lshift
 .text.__mcmp   0x08004c2e       0x34 c:/ac6/systemworkbench/plugins/fr.ac6.mcu.externaltools.arm-none.win32_1.15.0.201708311556/tools/compiler/bin/../lib/gcc/arm-none-eabi/6.3.1/../../../../arm-none-eabi/lib/thumb/v7-m\libc_nano.a(lib_a-mprec.o)
                0x08004c2e                __mcmp
 .text.__mdiff  0x08004c62       0xbe c:/ac6/systemworkbench/plugins/fr.ac6.mcu.externaltools.arm-none.win32_1.15.0.201708311556/tools/compiler/bin/../lib/gcc/arm-none-eabi/6.3.1/../../../../arm-none-eabi/lib/thumb/v7-m\libc_nano.a(lib_a-mprec.o)
                0x08004c62                __mdiff
 .text.__d2b    0x08004d20       0x9e c:/ac6/systemworkbench/plugins/fr.ac6.mcu.externaltools.arm-none.win32_1.15.0.201708311556/tools/compiler/bin/../lib/gcc/arm-none-eabi/6.3.1/../../../../arm-none-eabi/lib/thumb/v7-m\libc_nano.a(lib_a-mprec.o)
                0x08004d20                __d2b
 .text._calloc_r
                0x08004dbe       0x1c c:/ac6/systemworkbench/plugins/fr.ac6.mcu.externaltools.arm-none.win32_1.15.0.201708311556/tools/compiler/bin/../lib/gcc/arm-none-eabi/6.3.1/../../../../arm-none-eabi/lib/thumb/v7-m\libc_nano.a(lib_a-nano-callocr.o)
                0x08004dbe                _calloc_r
 *fill*         0x08004dda        0x2 
 .text._free_r  0x08004ddc       0x98 c:/ac6/systemworkbench/plugins/fr.ac6.mcu.externaltools.arm-none.win32_1.15.0.201708311556/tools/compiler/bin/../lib/gcc/arm-none-eabi/6.3.1/../../../../arm-none-eabi/lib/thumb/v7-m\libc_nano.a(lib_a-nano-freer.o)
                0x08004ddc                _free_r
 .text._malloc_r
                0x08004e74       0xbc c:/ac6/systemworkbench/plugins/fr.ac6.mcu.externaltools.arm-none.win32_1.15.0.201708311556/tools/compiler/bin/../lib/gcc/arm-none-eabi/6.3.1/../../../../arm-none-eabi/lib/thumb/v7-m\libc_nano.a(lib_a-nano-mallocr.o)
                0x08004e74                _malloc_r
 .text.__ssputs_r
                0x08004f30       0xb6 c:/ac6/systemworkbench/plugins/fr.ac6.mcu.externaltools.arm-none.win32_1.15.0.201708311556/tools/compiler/bin/../lib/gcc/arm-none-eabi/6.3.1/../../../../arm-none-eabi/lib/thumb/v7-m\libc_nano.a(lib_a-nano-svfprintf.o)
                0x08004f30                __ssputs_r
 *fill*         0x08004fe6        0x2 
 .text._svfprintf_r
                0x08004fe8      0x1e8 c:/ac6/systemworkbench/plugins/fr.ac6.mcu.externaltools.arm-none.win32_1.15.0.201708311556/tools/compiler/bin/../lib/gcc/arm-none-eabi/6.3.1/../../../../arm-none-eabi/lib/thumb/v7-m\libc_nano.a(lib_a-nano-svfprintf.o)
                0x08004fe8                _svfiprintf_r
                0x08004fe8                _svfprintf_r
 .text._sbrk_r  0x080051d0       0x20 c:/ac6/systemworkbench/plugins/fr.ac6.mcu.externaltools.arm-none.win32_1.15.0.201708311556/tools/compiler/bin/../lib/gcc/arm-none-eabi/6.3.1/../../../../arm-none-eabi/lib/thumb/v7-m\libc_nano.a(lib_a-sbrkr.o)
                0x080051d0                _sbrk_r
 .text.__ascii_mbtowc
                0x080051f0       0x24 c:/ac6/systemworkbench/plugins/fr.ac6.mcu.externaltools.arm-none.win32_1.15.0.201708311556/tools/compiler/bin/../lib/gcc/arm-none-eabi/6.3.1/../../../../arm-none-eabi/lib/thumb/v7-m\libc_nano.a(lib_a-mbtowc_r.o)
                0x080051f0                __ascii_mbtowc
 .text.memmove  0x08005214       0x34 c:/ac6/systemworkbench/plugins/fr.ac6.mcu.externaltools.arm-none.win32_1.15.0.201708311556/tools/compiler/bin/../lib/gcc/arm-none-eabi/6.3.1/../../../../arm-none-eabi/lib/thumb/v7-m\libc_nano.a(lib_a-memmove.o)
                0x08005214                memmove
 .text.__malloc_lock
                0x08005248        0x2 c:/ac6/systemworkbench/plugins/fr.ac6.mcu.externaltools.arm-none.win32_1.15.0.201708311556/tools/compiler/bin/../lib/gcc/arm-none-eabi/6.3.1/../../../../arm-none-eabi/lib/thumb/v7-m\libc_nano.a(lib_a-mlock.o)
                0x08005248                __malloc_lock
 .text.__malloc_unlock
                0x0800524a        0x2 c:/ac6/systemworkbench/plugins/fr.ac6.mcu.externaltools.arm-none.win32_1.15.0.201708311556/tools/compiler/bin/../lib/gcc/arm-none-eabi/6.3.1/../../../../arm-none-eabi/lib/thumb/v7-m\libc_nano.a(lib_a-mlock.o)
                0x0800524a                __malloc_unlock
 .text._realloc_r
                0x0800524c       0x4c c:/ac6/systemworkbench/plugins/fr.ac6.mcu.externaltools.arm-none.win32_1.15.0.201708311556/tools/compiler/bin/../lib/gcc/arm-none-eabi/6.3.1/../../../../arm-none-eabi/lib/thumb/v7-m\libc_nano.a(lib_a-nano-reallocr.o)
                0x0800524c                _realloc_r
 .text.__ascii_wctomb
                0x08005298       0x1a c:/ac6/systemworkbench/plugins/fr.ac6.mcu.externaltools.arm-none.win32_1.15.0.201708311556/tools/compiler/bin/../lib/gcc/arm-none-eabi/6.3.1/../../../../arm-none-eabi/lib/thumb/v7-m\libc_nano.a(lib_a-wctomb_r.o)
                0x08005298                __ascii_wctomb
 .text._malloc_usable_size_r
                0x080052b2       0x12 c:/ac6/systemworkbench/plugins/fr.ac6.mcu.externaltools.arm-none.win32_1.15.0.201708311556/tools/compiler/bin/../lib/gcc/arm-none-eabi/6.3.1/../../../../arm-none-eabi/lib/thumb/v7-m\libc_nano.a(lib_a-nano-msizer.o)
                0x080052b2                _malloc_usable_size_r
 *(.glue_7)
 .glue_7        0x080052c4        0x0 linker stubs
 *(.glue_7t)
 .glue_7t       0x080052c4        0x0 linker stubs
 *(.eh_frame)
 .eh_frame      0x080052c4        0x0 c:/ac6/systemworkbench/plugins/fr.ac6.mcu.externaltools.arm-none.win32_1.15.0.201708311556/tools/compiler/bin/../lib/gcc/arm-none-eabi/6.3.1/thumb/v7-m/crtbegin.o
 *(.init)
 .init          0x080052c4        0x4 c:/ac6/systemworkbench/plugins/fr.ac6.mcu.externaltools.arm-none.win32_1.15.0.201708311556/tools/compiler/bin/../lib/gcc/arm-none-eabi/6.3.1/thumb/v7-m/crti.o
                0x080052c4                _init
 .init          0x080052c8        0x8 c:/ac6/systemworkbench/plugins/fr.ac6.mcu.externaltools.arm-none.win32_1.15.0.201708311556/tools/compiler/bin/../lib/gcc/arm-none-eabi/6.3.1/thumb/v7-m/crtn.o
 *(.fini)
 .fini          0x080052d0        0x4 c:/ac6/systemworkbench/plugins/fr.ac6.mcu.externaltools.arm-none.win32_1.15.0.201708311556/tools/compiler/bin/../lib/gcc/arm-none-eabi/6.3.1/thumb/v7-m/crti.o
                0x080052d0                _fini
 .fini          0x080052d4        0x8 c:/ac6/systemworkbench/plugins/fr.ac6.mcu.externaltools.arm-none.win32_1.15.0.201708311556/tools/compiler/bin/../lib/gcc/arm-none-eabi/6.3.1/thumb/v7-m/crtn.o
                0x080052dc                . = ALIGN (0x4)
                0x080052dc                _etext = .

.vfp11_veneer   0x080052dc        0x0
 .vfp11_veneer  0x080052dc        0x0 linker stubs

.v4_bx          0x080052dc        0x0
 .v4_bx         0x080052dc        0x0 linker stubs

.iplt           0x080052dc        0x0
 .iplt          0x080052dc        0x0 c:/ac6/systemworkbench/plugins/fr.ac6.mcu.externaltools.arm-none.win32_1.15.0.201708311556/tools/compiler/bin/../lib/gcc/arm-none-eabi/6.3.1/thumb/v7-m/crtbegin.o

.rodata         0x080052e0      0x2b8
                0x080052e0                . = ALIGN (0x4)
 *(.rodata)
 .rodata        0x080052e0       0x1d src/main.o
 *fill*         0x080052fd        0x3 
 .rodata        0x08005300       0x18 src/system_stm32f1xx.o
                0x08005300                AHBPrescTable
                0x08005310                APBPrescTable
 .rodata        0x08005318       0x12 C:\Users\Bill\workspace\stm32f103c8t6_hal_lib\Debug\libstm32f103c8t6_hal_lib.a(stm32f1xx_hal_rcc.o)
 *fill*         0x0800532a        0x2 
 .rodata        0x0800532c       0x12 C:\Users\Bill\workspace\stm32f103c8t6_hal_lib\Debug\libstm32f103c8t6_hal_lib.a(stm32f1xx_hal_rcc_ex.o)
 *(.rodata*)
 .rodata._printf_float.str1.1
                0x0800533e       0x12 c:/ac6/systemworkbench/plugins/fr.ac6.mcu.externaltools.arm-none.win32_1.15.0.201708311556/tools/compiler/bin/../lib/gcc/arm-none-eabi/6.3.1/../../../../arm-none-eabi/lib/thumb/v7-m\libc_nano.a(lib_a-nano-vfprintf_float.o)
 .rodata._printf_i.str1.1
                0x08005350       0x22 c:/ac6/systemworkbench/plugins/fr.ac6.mcu.externaltools.arm-none.win32_1.15.0.201708311556/tools/compiler/bin/../lib/gcc/arm-none-eabi/6.3.1/../../../../arm-none-eabi/lib/thumb/v7-m\libc_nano.a(lib_a-nano-vfprintf_i.o)
 .rodata._dtoa_r.str1.1
                0x08005372        0xd c:/ac6/systemworkbench/plugins/fr.ac6.mcu.externaltools.arm-none.win32_1.15.0.201708311556/tools/compiler/bin/../lib/gcc/arm-none-eabi/6.3.1/../../../../arm-none-eabi/lib/thumb/v7-m\libc_nano.a(lib_a-dtoa.o)
                                  0xf (size before relaxing)
 *fill*         0x0800537f        0x1 
 .rodata.__mprec_bigtens
                0x08005380       0x28 c:/ac6/systemworkbench/plugins/fr.ac6.mcu.externaltools.arm-none.win32_1.15.0.201708311556/tools/compiler/bin/../lib/gcc/arm-none-eabi/6.3.1/../../../../arm-none-eabi/lib/thumb/v7-m\libc_nano.a(lib_a-mprec.o)
                0x08005380                __mprec_bigtens
 .rodata.__mprec_tens
                0x080053a8       0xc8 c:/ac6/systemworkbench/plugins/fr.ac6.mcu.externaltools.arm-none.win32_1.15.0.201708311556/tools/compiler/bin/../lib/gcc/arm-none-eabi/6.3.1/../../../../arm-none-eabi/lib/thumb/v7-m\libc_nano.a(lib_a-mprec.o)
                0x080053a8                __mprec_tens
 .rodata.p05.6047
                0x08005470        0xc c:/ac6/systemworkbench/plugins/fr.ac6.mcu.externaltools.arm-none.win32_1.15.0.201708311556/tools/compiler/bin/../lib/gcc/arm-none-eabi/6.3.1/../../../../arm-none-eabi/lib/thumb/v7-m\libc_nano.a(lib_a-mprec.o)
 .rodata._svfprintf_r.str1.1
                0x0800547c       0x11 c:/ac6/systemworkbench/plugins/fr.ac6.mcu.externaltools.arm-none.win32_1.15.0.201708311556/tools/compiler/bin/../lib/gcc/arm-none-eabi/6.3.1/../../../../arm-none-eabi/lib/thumb/v7-m\libc_nano.a(lib_a-nano-svfprintf.o)
 .rodata._setlocale_r.str1.1
                0x0800548d        0x8 c:/ac6/systemworkbench/plugins/fr.ac6.mcu.externaltools.arm-none.win32_1.15.0.201708311556/tools/compiler/bin/../lib/gcc/arm-none-eabi/6.3.1/../../../../arm-none-eabi/lib/thumb/v7-m\libc_nano.a(lib_a-locale.o)
                                  0x9 (size before relaxing)
 .rodata.str1.1
                0x08005495        0x2 c:/ac6/systemworkbench/plugins/fr.ac6.mcu.externaltools.arm-none.win32_1.15.0.201708311556/tools/compiler/bin/../lib/gcc/arm-none-eabi/6.3.1/../../../../arm-none-eabi/lib/thumb/v7-m\libc_nano.a(lib_a-locale.o)
 .rodata._ctype_
                0x08005497      0x101 c:/ac6/systemworkbench/plugins/fr.ac6.mcu.externaltools.arm-none.win32_1.15.0.201708311556/tools/compiler/bin/../lib/gcc/arm-none-eabi/6.3.1/../../../../arm-none-eabi/lib/thumb/v7-m\libc_nano.a(lib_a-ctype_.o)
                0x08005497                _ctype_
                0x08005598                . = ALIGN (0x4)

.rel.dyn        0x08005598        0x0
 .rel.iplt      0x08005598        0x0 c:/ac6/systemworkbench/plugins/fr.ac6.mcu.externaltools.arm-none.win32_1.15.0.201708311556/tools/compiler/bin/../lib/gcc/arm-none-eabi/6.3.1/thumb/v7-m/crtbegin.o

.ARM.extab      0x08005598        0x0
                0x08005598                . = ALIGN (0x4)
 *(.ARM.extab* .gnu.linkonce.armextab.*)
                0x08005598                . = ALIGN (0x4)

.ARM            0x08005598        0x0
                0x08005598                . = ALIGN (0x4)
                0x08005598                __exidx_start = .
 *(.ARM.exidx*)
                0x08005598                __exidx_end = .
                0x08005598                . = ALIGN (0x4)

.preinit_array  0x08005598        0x0
                0x08005598                . = ALIGN (0x4)
                0x08005598                PROVIDE (__preinit_array_start, .)
 *(.preinit_array*)
                0x08005598                PROVIDE (__preinit_array_end, .)
                0x08005598                . = ALIGN (0x4)

.init_array     0x08005598        0x4
                0x08005598                . = ALIGN (0x4)
                0x08005598                PROVIDE (__init_array_start, .)
 *(SORT(.init_array.*))
 *(.init_array*)
 .init_array    0x08005598        0x4 c:/ac6/systemworkbench/plugins/fr.ac6.mcu.externaltools.arm-none.win32_1.15.0.201708311556/tools/compiler/bin/../lib/gcc/arm-none-eabi/6.3.1/thumb/v7-m/crtbegin.o
                0x0800559c                PROVIDE (__init_array_end, .)
                0x0800559c                . = ALIGN (0x4)

.fini_array     0x0800559c        0x4
                0x0800559c                . = ALIGN (0x4)
                [!provide]                PROVIDE (__fini_array_start, .)
 *(SORT(.fini_array.*))
 *(.fini_array*)
 .fini_array    0x0800559c        0x4 c:/ac6/systemworkbench/plugins/fr.ac6.mcu.externaltools.arm-none.win32_1.15.0.201708311556/tools/compiler/bin/../lib/gcc/arm-none-eabi/6.3.1/thumb/v7-m/crtbegin.o
                [!provide]                PROVIDE (__fini_array_end, .)
                0x080055a0                . = ALIGN (0x4)
                0x080055a0                _sidata = LOADADDR (.data)

.data           0x20000000      0x1d4 load address 0x080055a0
                0x20000000                . = ALIGN (0x4)
                0x20000000                _sdata = .
 *(.data)
 .data          0x20000000        0x4 src/system_stm32f1xx.o
                0x20000000                SystemCoreClock
 *(.data*)
 .data._impure_ptr
                0x20000004        0x4 c:/ac6/systemworkbench/plugins/fr.ac6.mcu.externaltools.arm-none.win32_1.15.0.201708311556/tools/compiler/bin/../lib/gcc/arm-none-eabi/6.3.1/../../../../arm-none-eabi/lib/thumb/v7-m\libc_nano.a(lib_a-impure.o)
                0x20000004                _impure_ptr
 .data.impure_data
                0x20000008       0x60 c:/ac6/systemworkbench/plugins/fr.ac6.mcu.externaltools.arm-none.win32_1.15.0.201708311556/tools/compiler/bin/../lib/gcc/arm-none-eabi/6.3.1/../../../../arm-none-eabi/lib/thumb/v7-m\libc_nano.a(lib_a-impure.o)
 .data.__global_locale
                0x20000068      0x16c c:/ac6/systemworkbench/plugins/fr.ac6.mcu.externaltools.arm-none.win32_1.15.0.201708311556/tools/compiler/bin/../lib/gcc/arm-none-eabi/6.3.1/../../../../arm-none-eabi/lib/thumb/v7-m\libc_nano.a(lib_a-locale.o)
                0x20000068                __global_locale
                0x200001d4                . = ALIGN (0x4)
                0x200001d4                _edata = .

.jcr            0x200001d4        0x0 load address 0x08005774
 .jcr           0x200001d4        0x0 c:/ac6/systemworkbench/plugins/fr.ac6.mcu.externaltools.arm-none.win32_1.15.0.201708311556/tools/compiler/bin/../lib/gcc/arm-none-eabi/6.3.1/thumb/v7-m/crtbegin.o

.igot.plt       0x200001d4        0x0 load address 0x08005774
 .igot.plt      0x200001d4        0x0 c:/ac6/systemworkbench/plugins/fr.ac6.mcu.externaltools.arm-none.win32_1.15.0.201708311556/tools/compiler/bin/../lib/gcc/arm-none-eabi/6.3.1/thumb/v7-m/crtbegin.o
                0x200001d4                . = ALIGN (0x4)

.bss            0x200001d4       0xb4 load address 0x08005774
                0x200001d4                _sbss = .
                0x200001d4                __bss_start__ = _sbss
 *(.bss)
 .bss           0x200001d4       0x1c c:/ac6/systemworkbench/plugins/fr.ac6.mcu.externaltools.arm-none.win32_1.15.0.201708311556/tools/compiler/bin/../lib/gcc/arm-none-eabi/6.3.1/thumb/v7-m/crtbegin.o
 .bss           0x200001f0        0x8 src/syscalls.o
                0x200001f0                __env
 *(.bss*)
 .bss.__malloc_free_list
                0x200001f8        0x4 c:/ac6/systemworkbench/plugins/fr.ac6.mcu.externaltools.arm-none.win32_1.15.0.201708311556/tools/compiler/bin/../lib/gcc/arm-none-eabi/6.3.1/../../../../arm-none-eabi/lib/thumb/v7-m\libc_nano.a(lib_a-nano-mallocr.o)
                0x200001f8                __malloc_free_list
 .bss.__malloc_sbrk_start
                0x200001fc        0x4 c:/ac6/systemworkbench/plugins/fr.ac6.mcu.externaltools.arm-none.win32_1.15.0.201708311556/tools/compiler/bin/../lib/gcc/arm-none-eabi/6.3.1/../../../../arm-none-eabi/lib/thumb/v7-m\libc_nano.a(lib_a-nano-mallocr.o)
                0x200001fc                __malloc_sbrk_start
 *(COMMON)
 COMMON         0x20000200       0x80 src/main.o
                0x20000200                hadc1
                0x20000230                huart1
                0x20000270                GPIO_InitStruct
 COMMON         0x20000280        0x4 C:\Users\Bill\workspace\stm32f103c8t6_hal_lib\Debug\libstm32f103c8t6_hal_lib.a(stm32f1xx_hal.o)
                0x20000280                uwTick
 COMMON         0x20000284        0x4 c:/ac6/systemworkbench/plugins/fr.ac6.mcu.externaltools.arm-none.win32_1.15.0.201708311556/tools/compiler/bin/../lib/gcc/arm-none-eabi/6.3.1/../../../../arm-none-eabi/lib/thumb/v7-m\libc_nano.a(lib_a-reent.o)
                0x20000284                errno
                0x20000288                . = ALIGN (0x4)
                0x20000288                _ebss = .
                0x20000288                __bss_end__ = _ebss

._user_heap_stack
                0x20000288      0x400 load address 0x08005774
                0x20000288                . = ALIGN (0x8)
                0x20000288                PROVIDE (end, .)
                [!provide]                PROVIDE (_end, .)
                0x20000288                . = (. + _Min_Heap_Size)
                0x20000688                . = (. + _Min_Stack_Size)
 *fill*         0x20000288      0x400 
                0x20000688                . = ALIGN (0x8)

/DISCARD/
 libc.a(*)
 libm.a(*)
 libgcc.a(*)

.ARM.attributes
                0x00000000       0x29
 *(.ARM.attributes)
 .ARM.attributes
                0x00000000       0x1d c:/ac6/systemworkbench/plugins/fr.ac6.mcu.externaltools.arm-none.win32_1.15.0.201708311556/tools/compiler/bin/../lib/gcc/arm-none-eabi/6.3.1/thumb/v7-m/crti.o
 .ARM.attributes
                0x0000001d       0x2d c:/ac6/systemworkbench/plugins/fr.ac6.mcu.externaltools.arm-none.win32_1.15.0.201708311556/tools/compiler/bin/../lib/gcc/arm-none-eabi/6.3.1/thumb/v7-m/crtbegin.o
 .ARM.attributes
                0x0000004a       0x33 src/main.o
 .ARM.attributes
                0x0000007d       0x33 src/stm32f1xx_it.o
 .ARM.attributes
                0x000000b0       0x33 src/syscalls.o
 .ARM.attributes
                0x000000e3       0x33 src/system_stm32f1xx.o
 .ARM.attributes
                0x00000116       0x21 startup/startup_stm32.o
 .ARM.attributes
                0x00000137       0x33 C:\Users\Bill\workspace\stm32f103c8t6_hal_lib\Debug\libstm32f103c8t6_hal_lib.a(stm32f1xx_hal.o)
 .ARM.attributes
                0x0000016a       0x33 C:\Users\Bill\workspace\stm32f103c8t6_hal_lib\Debug\libstm32f103c8t6_hal_lib.a(stm32f1xx_hal_adc.o)
 .ARM.attributes
                0x0000019d       0x33 C:\Users\Bill\workspace\stm32f103c8t6_hal_lib\Debug\libstm32f103c8t6_hal_lib.a(stm32f1xx_hal_adc_ex.o)
 .ARM.attributes
                0x000001d0       0x33 C:\Users\Bill\workspace\stm32f103c8t6_hal_lib\Debug\libstm32f103c8t6_hal_lib.a(stm32f1xx_hal_cortex.o)
 .ARM.attributes
                0x00000203       0x33 C:\Users\Bill\workspace\stm32f103c8t6_hal_lib\Debug\libstm32f103c8t6_hal_lib.a(stm32f1xx_hal_gpio.o)
 .ARM.attributes
                0x00000236       0x33 C:\Users\Bill\workspace\stm32f103c8t6_hal_lib\Debug\libstm32f103c8t6_hal_lib.a(stm32f1xx_hal_rcc.o)
 .ARM.attributes
                0x00000269       0x33 C:\Users\Bill\workspace\stm32f103c8t6_hal_lib\Debug\libstm32f103c8t6_hal_lib.a(stm32f1xx_hal_rcc_ex.o)
 .ARM.attributes
                0x0000029c       0x33 C:\Users\Bill\workspace\stm32f103c8t6_hal_lib\Debug\libstm32f103c8t6_hal_lib.a(stm32f1xx_hal_uart.o)
 .ARM.attributes
                0x000002cf       0x1d c:/ac6/systemworkbench/plugins/fr.ac6.mcu.externaltools.arm-none.win32_1.15.0.201708311556/tools/compiler/bin/../lib/gcc/arm-none-eabi/6.3.1/thumb/v7-m\libgcc.a(_arm_addsubdf3.o)
 .ARM.attributes
                0x000002ec       0x1d c:/ac6/systemworkbench/plugins/fr.ac6.mcu.externaltools.arm-none.win32_1.15.0.201708311556/tools/compiler/bin/../lib/gcc/arm-none-eabi/6.3.1/thumb/v7-m\libgcc.a(_arm_muldivdf3.o)
 .ARM.attributes
                0x00000309       0x1d c:/ac6/systemworkbench/plugins/fr.ac6.mcu.externaltools.arm-none.win32_1.15.0.201708311556/tools/compiler/bin/../lib/gcc/arm-none-eabi/6.3.1/thumb/v7-m\libgcc.a(_arm_truncdfsf2.o)
 .ARM.attributes
                0x00000326       0x1d c:/ac6/systemworkbench/plugins/fr.ac6.mcu.externaltools.arm-none.win32_1.15.0.201708311556/tools/compiler/bin/../lib/gcc/arm-none-eabi/6.3.1/thumb/v7-m\libgcc.a(_arm_addsubsf3.o)
 .ARM.attributes
                0x00000343       0x1d c:/ac6/systemworkbench/plugins/fr.ac6.mcu.externaltools.arm-none.win32_1.15.0.201708311556/tools/compiler/bin/../lib/gcc/arm-none-eabi/6.3.1/thumb/v7-m\libgcc.a(_arm_muldivsf3.o)
 .ARM.attributes
                0x00000360       0x2d c:/ac6/systemworkbench/plugins/fr.ac6.mcu.externaltools.arm-none.win32_1.15.0.201708311556/tools/compiler/bin/../lib/gcc/arm-none-eabi/6.3.1/../../../../arm-none-eabi/lib/thumb/v7-m\libc_nano.a(lib_a-errno.o)
 .ARM.attributes
                0x0000038d       0x2d c:/ac6/systemworkbench/plugins/fr.ac6.mcu.externaltools.arm-none.win32_1.15.0.201708311556/tools/compiler/bin/../lib/gcc/arm-none-eabi/6.3.1/../../../../arm-none-eabi/lib/thumb/v7-m\libc_nano.a(lib_a-impure.o)
 .ARM.attributes
                0x000003ba       0x2d c:/ac6/systemworkbench/plugins/fr.ac6.mcu.externaltools.arm-none.win32_1.15.0.201708311556/tools/compiler/bin/../lib/gcc/arm-none-eabi/6.3.1/../../../../arm-none-eabi/lib/thumb/v7-m\libc_nano.a(lib_a-init.o)
 .ARM.attributes
                0x000003e7       0x2d c:/ac6/systemworkbench/plugins/fr.ac6.mcu.externaltools.arm-none.win32_1.15.0.201708311556/tools/compiler/bin/../lib/gcc/arm-none-eabi/6.3.1/../../../../arm-none-eabi/lib/thumb/v7-m\libc_nano.a(lib_a-memset.o)
 .ARM.attributes
                0x00000414       0x2d c:/ac6/systemworkbench/plugins/fr.ac6.mcu.externaltools.arm-none.win32_1.15.0.201708311556/tools/compiler/bin/../lib/gcc/arm-none-eabi/6.3.1/../../../../arm-none-eabi/lib/thumb/v7-m\libc_nano.a(lib_a-nano-vfprintf_float.o)
 .ARM.attributes
                0x00000441       0x2d c:/ac6/systemworkbench/plugins/fr.ac6.mcu.externaltools.arm-none.win32_1.15.0.201708311556/tools/compiler/bin/../lib/gcc/arm-none-eabi/6.3.1/../../../../arm-none-eabi/lib/thumb/v7-m\libc_nano.a(lib_a-nano-vfprintf_i.o)
 .ARM.attributes
                0x0000046e       0x2d c:/ac6/systemworkbench/plugins/fr.ac6.mcu.externaltools.arm-none.win32_1.15.0.201708311556/tools/compiler/bin/../lib/gcc/arm-none-eabi/6.3.1/../../../../arm-none-eabi/lib/thumb/v7-m\libc_nano.a(lib_a-sprintf.o)
 .ARM.attributes
                0x0000049b       0x17 c:/ac6/systemworkbench/plugins/fr.ac6.mcu.externaltools.arm-none.win32_1.15.0.201708311556/tools/compiler/bin/../lib/gcc/arm-none-eabi/6.3.1/../../../../arm-none-eabi/lib/thumb/v7-m\libc_nano.a(lib_a-strlen.o)
 .ARM.attributes
                0x000004b2       0x2d c:/ac6/systemworkbench/plugins/fr.ac6.mcu.externaltools.arm-none.win32_1.15.0.201708311556/tools/compiler/bin/../lib/gcc/arm-none-eabi/6.3.1/../../../../arm-none-eabi/lib/thumb/v7-m\libc_nano.a(lib_a-dtoa.o)
 .ARM.attributes
                0x000004df       0x2d c:/ac6/systemworkbench/plugins/fr.ac6.mcu.externaltools.arm-none.win32_1.15.0.201708311556/tools/compiler/bin/../lib/gcc/arm-none-eabi/6.3.1/../../../../arm-none-eabi/lib/thumb/v7-m\libc_nano.a(lib_a-localeconv.o)
 .ARM.attributes
                0x0000050c       0x2d c:/ac6/systemworkbench/plugins/fr.ac6.mcu.externaltools.arm-none.win32_1.15.0.201708311556/tools/compiler/bin/../lib/gcc/arm-none-eabi/6.3.1/../../../../arm-none-eabi/lib/thumb/v7-m\libc_nano.a(lib_a-malloc.o)
 .ARM.attributes
                0x00000539       0x2d c:/ac6/systemworkbench/plugins/fr.ac6.mcu.externaltools.arm-none.win32_1.15.0.201708311556/tools/compiler/bin/../lib/gcc/arm-none-eabi/6.3.1/../../../../arm-none-eabi/lib/thumb/v7-m\libc_nano.a(lib_a-memchr-stub.o)
 .ARM.attributes
                0x00000566       0x2d c:/ac6/systemworkbench/plugins/fr.ac6.mcu.externaltools.arm-none.win32_1.15.0.201708311556/tools/compiler/bin/../lib/gcc/arm-none-eabi/6.3.1/../../../../arm-none-eabi/lib/thumb/v7-m\libc_nano.a(lib_a-memcpy-stub.o)
 .ARM.attributes
                0x00000593       0x2d c:/ac6/systemworkbench/plugins/fr.ac6.mcu.externaltools.arm-none.win32_1.15.0.201708311556/tools/compiler/bin/../lib/gcc/arm-none-eabi/6.3.1/../../../../arm-none-eabi/lib/thumb/v7-m\libc_nano.a(lib_a-mprec.o)
 .ARM.attributes
                0x000005c0       0x2d c:/ac6/systemworkbench/plugins/fr.ac6.mcu.externaltools.arm-none.win32_1.15.0.201708311556/tools/compiler/bin/../lib/gcc/arm-none-eabi/6.3.1/../../../../arm-none-eabi/lib/thumb/v7-m\libc_nano.a(lib_a-nano-callocr.o)
 .ARM.attributes
                0x000005ed       0x2d c:/ac6/systemworkbench/plugins/fr.ac6.mcu.externaltools.arm-none.win32_1.15.0.201708311556/tools/compiler/bin/../lib/gcc/arm-none-eabi/6.3.1/../../../../arm-none-eabi/lib/thumb/v7-m\libc_nano.a(lib_a-nano-freer.o)
 .ARM.attributes
                0x0000061a       0x2d c:/ac6/systemworkbench/plugins/fr.ac6.mcu.externaltools.arm-none.win32_1.15.0.201708311556/tools/compiler/bin/../lib/gcc/arm-none-eabi/6.3.1/../../../../arm-none-eabi/lib/thumb/v7-m\libc_nano.a(lib_a-nano-mallocr.o)
 .ARM.attributes
                0x00000647       0x2d c:/ac6/systemworkbench/plugins/fr.ac6.mcu.externaltools.arm-none.win32_1.15.0.201708311556/tools/compiler/bin/../lib/gcc/arm-none-eabi/6.3.1/../../../../arm-none-eabi/lib/thumb/v7-m\libc_nano.a(lib_a-nano-svfprintf.o)
 .ARM.attributes
                0x00000674       0x2d c:/ac6/systemworkbench/plugins/fr.ac6.mcu.externaltools.arm-none.win32_1.15.0.201708311556/tools/compiler/bin/../lib/gcc/arm-none-eabi/6.3.1/../../../../arm-none-eabi/lib/thumb/v7-m\libc_nano.a(lib_a-sbrkr.o)
 .ARM.attributes
                0x000006a1       0x2d c:/ac6/systemworkbench/plugins/fr.ac6.mcu.externaltools.arm-none.win32_1.15.0.201708311556/tools/compiler/bin/../lib/gcc/arm-none-eabi/6.3.1/../../../../arm-none-eabi/lib/thumb/v7-m\libc_nano.a(lib_a-locale.o)
 .ARM.attributes
                0x000006ce       0x2d c:/ac6/systemworkbench/plugins/fr.ac6.mcu.externaltools.arm-none.win32_1.15.0.201708311556/tools/compiler/bin/../lib/gcc/arm-none-eabi/6.3.1/../../../../arm-none-eabi/lib/thumb/v7-m\libc_nano.a(lib_a-mbtowc_r.o)
 .ARM.attributes
                0x000006fb       0x2d c:/ac6/systemworkbench/plugins/fr.ac6.mcu.externaltools.arm-none.win32_1.15.0.201708311556/tools/compiler/bin/../lib/gcc/arm-none-eabi/6.3.1/../../../../arm-none-eabi/lib/thumb/v7-m\libc_nano.a(lib_a-memmove.o)
 .ARM.attributes
                0x00000728       0x2d c:/ac6/systemworkbench/plugins/fr.ac6.mcu.externaltools.arm-none.win32_1.15.0.201708311556/tools/compiler/bin/../lib/gcc/arm-none-eabi/6.3.1/../../../../arm-none-eabi/lib/thumb/v7-m\libc_nano.a(lib_a-mlock.o)
 .ARM.attributes
                0x00000755       0x2d c:/ac6/systemworkbench/plugins/fr.ac6.mcu.externaltools.arm-none.win32_1.15.0.201708311556/tools/compiler/bin/../lib/gcc/arm-none-eabi/6.3.1/../../../../arm-none-eabi/lib/thumb/v7-m\libc_nano.a(lib_a-nano-reallocr.o)
 .ARM.attributes
                0x00000782       0x2d c:/ac6/systemworkbench/plugins/fr.ac6.mcu.externaltools.arm-none.win32_1.15.0.201708311556/tools/compiler/bin/../lib/gcc/arm-none-eabi/6.3.1/../../../../arm-none-eabi/lib/thumb/v7-m\libc_nano.a(lib_a-reent.o)
 .ARM.attributes
                0x000007af       0x2d c:/ac6/systemworkbench/plugins/fr.ac6.mcu.externaltools.arm-none.win32_1.15.0.201708311556/tools/compiler/bin/../lib/gcc/arm-none-eabi/6.3.1/../../../../arm-none-eabi/lib/thumb/v7-m\libc_nano.a(lib_a-wctomb_r.o)
 .ARM.attributes
                0x000007dc       0x2d c:/ac6/systemworkbench/plugins/fr.ac6.mcu.externaltools.arm-none.win32_1.15.0.201708311556/tools/compiler/bin/../lib/gcc/arm-none-eabi/6.3.1/../../../../arm-none-eabi/lib/thumb/v7-m\libc_nano.a(lib_a-ctype_.o)
 .ARM.attributes
                0x00000809       0x2d c:/ac6/systemworkbench/plugins/fr.ac6.mcu.externaltools.arm-none.win32_1.15.0.201708311556/tools/compiler/bin/../lib/gcc/arm-none-eabi/6.3.1/../../../../arm-none-eabi/lib/thumb/v7-m\libc_nano.a(lib_a-nano-msizer.o)
 .ARM.attributes
                0x00000836       0x1d c:/ac6/systemworkbench/plugins/fr.ac6.mcu.externaltools.arm-none.win32_1.15.0.201708311556/tools/compiler/bin/../lib/gcc/arm-none-eabi/6.3.1/thumb/v7-m\libgcc.a(_arm_cmpdf2.o)
 .ARM.attributes
                0x00000853       0x1d c:/ac6/systemworkbench/plugins/fr.ac6.mcu.externaltools.arm-none.win32_1.15.0.201708311556/tools/compiler/bin/../lib/gcc/arm-none-eabi/6.3.1/thumb/v7-m\libgcc.a(_arm_unorddf2.o)
 .ARM.attributes
                0x00000870       0x1d c:/ac6/systemworkbench/plugins/fr.ac6.mcu.externaltools.arm-none.win32_1.15.0.201708311556/tools/compiler/bin/../lib/gcc/arm-none-eabi/6.3.1/thumb/v7-m\libgcc.a(_arm_fixdfsi.o)
 .ARM.attributes
                0x0000088d       0x1d c:/ac6/systemworkbench/plugins/fr.ac6.mcu.externaltools.arm-none.win32_1.15.0.201708311556/tools/compiler/bin/../lib/gcc/arm-none-eabi/6.3.1/thumb/v7-m/crtn.o
OUTPUT(ADC Sondeo.elf elf32-littlearm)

.debug_info     0x00000000     0xc4db
 .debug_info    0x00000000     0x146c src/main.o
 .debug_info    0x0000146c      0x954 src/stm32f1xx_it.o
 .debug_info    0x00001dc0      0xf2a src/syscalls.o
 .debug_info    0x00002cea      0xc18 src/system_stm32f1xx.o
 .debug_info    0x00003902       0x68 startup/startup_stm32.o
 .debug_info    0x0000396a      0xe49 C:\Users\Bill\workspace\stm32f103c8t6_hal_lib\Debug\libstm32f103c8t6_hal_lib.a(stm32f1xx_hal.o)
 .debug_info    0x000047b3     0x142d C:\Users\Bill\workspace\stm32f103c8t6_hal_lib\Debug\libstm32f103c8t6_hal_lib.a(stm32f1xx_hal_adc.o)
 .debug_info    0x00005be0     0x11c7 C:\Users\Bill\workspace\stm32f103c8t6_hal_lib\Debug\libstm32f103c8t6_hal_lib.a(stm32f1xx_hal_adc_ex.o)
 .debug_info    0x00006da7     0x1317 C:\Users\Bill\workspace\stm32f103c8t6_hal_lib\Debug\libstm32f103c8t6_hal_lib.a(stm32f1xx_hal_cortex.o)
 .debug_info    0x000080be      0xe7a C:\Users\Bill\workspace\stm32f103c8t6_hal_lib\Debug\libstm32f103c8t6_hal_lib.a(stm32f1xx_hal_gpio.o)
 .debug_info    0x00008f38      0xfe0 C:\Users\Bill\workspace\stm32f103c8t6_hal_lib\Debug\libstm32f103c8t6_hal_lib.a(stm32f1xx_hal_rcc.o)
 .debug_info    0x00009f18      0xc18 C:\Users\Bill\workspace\stm32f103c8t6_hal_lib\Debug\libstm32f103c8t6_hal_lib.a(stm32f1xx_hal_rcc_ex.o)
 .debug_info    0x0000ab30     0x19ab C:\Users\Bill\workspace\stm32f103c8t6_hal_lib\Debug\libstm32f103c8t6_hal_lib.a(stm32f1xx_hal_uart.o)

.debug_abbrev   0x00000000     0x1eed
 .debug_abbrev  0x00000000      0x226 src/main.o
 .debug_abbrev  0x00000226      0x1b1 src/stm32f1xx_it.o
 .debug_abbrev  0x000003d7      0x2aa src/syscalls.o
 .debug_abbrev  0x00000681      0x226 src/system_stm32f1xx.o
 .debug_abbrev  0x000008a7       0x12 startup/startup_stm32.o
 .debug_abbrev  0x000008b9      0x2ca C:\Users\Bill\workspace\stm32f103c8t6_hal_lib\Debug\libstm32f103c8t6_hal_lib.a(stm32f1xx_hal.o)
 .debug_abbrev  0x00000b83      0x26d C:\Users\Bill\workspace\stm32f103c8t6_hal_lib\Debug\libstm32f103c8t6_hal_lib.a(stm32f1xx_hal_adc.o)
 .debug_abbrev  0x00000df0      0x28d C:\Users\Bill\workspace\stm32f103c8t6_hal_lib\Debug\libstm32f103c8t6_hal_lib.a(stm32f1xx_hal_adc_ex.o)
 .debug_abbrev  0x0000107d      0x394 C:\Users\Bill\workspace\stm32f103c8t6_hal_lib\Debug\libstm32f103c8t6_hal_lib.a(stm32f1xx_hal_cortex.o)
 .debug_abbrev  0x00001411      0x287 C:\Users\Bill\workspace\stm32f103c8t6_hal_lib\Debug\libstm32f103c8t6_hal_lib.a(stm32f1xx_hal_gpio.o)
 .debug_abbrev  0x00001698      0x30e C:\Users\Bill\workspace\stm32f103c8t6_hal_lib\Debug\libstm32f103c8t6_hal_lib.a(stm32f1xx_hal_rcc.o)
 .debug_abbrev  0x000019a6      0x25e C:\Users\Bill\workspace\stm32f103c8t6_hal_lib\Debug\libstm32f103c8t6_hal_lib.a(stm32f1xx_hal_rcc_ex.o)
 .debug_abbrev  0x00001c04      0x2e9 C:\Users\Bill\workspace\stm32f103c8t6_hal_lib\Debug\libstm32f103c8t6_hal_lib.a(stm32f1xx_hal_uart.o)

.debug_aranges  0x00000000      0x770
 .debug_aranges
                0x00000000       0x40 src/main.o
 .debug_aranges
                0x00000040       0x20 src/stm32f1xx_it.o
 .debug_aranges
                0x00000060       0xb0 src/syscalls.o
 .debug_aranges
                0x00000110       0x28 src/system_stm32f1xx.o
 .debug_aranges
                0x00000138       0x28 startup/startup_stm32.o
 .debug_aranges
                0x00000160       0xb8 C:\Users\Bill\workspace\stm32f103c8t6_hal_lib\Debug\libstm32f103c8t6_hal_lib.a(stm32f1xx_hal.o)
 .debug_aranges
                0x00000218       0xf0 C:\Users\Bill\workspace\stm32f103c8t6_hal_lib\Debug\libstm32f103c8t6_hal_lib.a(stm32f1xx_hal_adc.o)
 .debug_aranges
                0x00000308       0x80 C:\Users\Bill\workspace\stm32f103c8t6_hal_lib\Debug\libstm32f103c8t6_hal_lib.a(stm32f1xx_hal_adc_ex.o)
 .debug_aranges
                0x00000388      0x100 C:\Users\Bill\workspace\stm32f103c8t6_hal_lib\Debug\libstm32f103c8t6_hal_lib.a(stm32f1xx_hal_cortex.o)
 .debug_aranges
                0x00000488       0x58 C:\Users\Bill\workspace\stm32f103c8t6_hal_lib\Debug\libstm32f103c8t6_hal_lib.a(stm32f1xx_hal_gpio.o)
 .debug_aranges
                0x000004e0       0x90 C:\Users\Bill\workspace\stm32f103c8t6_hal_lib\Debug\libstm32f103c8t6_hal_lib.a(stm32f1xx_hal_rcc.o)
 .debug_aranges
                0x00000570       0x30 C:\Users\Bill\workspace\stm32f103c8t6_hal_lib\Debug\libstm32f103c8t6_hal_lib.a(stm32f1xx_hal_rcc_ex.o)
 .debug_aranges
                0x000005a0      0x1d0 C:\Users\Bill\workspace\stm32f103c8t6_hal_lib\Debug\libstm32f103c8t6_hal_lib.a(stm32f1xx_hal_uart.o)

.debug_ranges   0x00000000      0x6a8
 .debug_ranges  0x00000000       0x30 src/main.o
 .debug_ranges  0x00000030       0x10 src/stm32f1xx_it.o
 .debug_ranges  0x00000040       0xa0 src/syscalls.o
 .debug_ranges  0x000000e0       0x18 src/system_stm32f1xx.o
 .debug_ranges  0x000000f8       0x20 startup/startup_stm32.o
 .debug_ranges  0x00000118       0xa8 C:\Users\Bill\workspace\stm32f103c8t6_hal_lib\Debug\libstm32f103c8t6_hal_lib.a(stm32f1xx_hal.o)
 .debug_ranges  0x000001c0       0xe0 C:\Users\Bill\workspace\stm32f103c8t6_hal_lib\Debug\libstm32f103c8t6_hal_lib.a(stm32f1xx_hal_adc.o)
 .debug_ranges  0x000002a0       0x70 C:\Users\Bill\workspace\stm32f103c8t6_hal_lib\Debug\libstm32f103c8t6_hal_lib.a(stm32f1xx_hal_adc_ex.o)
 .debug_ranges  0x00000310       0xf0 C:\Users\Bill\workspace\stm32f103c8t6_hal_lib\Debug\libstm32f103c8t6_hal_lib.a(stm32f1xx_hal_cortex.o)
 .debug_ranges  0x00000400       0x48 C:\Users\Bill\workspace\stm32f103c8t6_hal_lib\Debug\libstm32f103c8t6_hal_lib.a(stm32f1xx_hal_gpio.o)
 .debug_ranges  0x00000448       0x80 C:\Users\Bill\workspace\stm32f103c8t6_hal_lib\Debug\libstm32f103c8t6_hal_lib.a(stm32f1xx_hal_rcc.o)
 .debug_ranges  0x000004c8       0x20 C:\Users\Bill\workspace\stm32f103c8t6_hal_lib\Debug\libstm32f103c8t6_hal_lib.a(stm32f1xx_hal_rcc_ex.o)
 .debug_ranges  0x000004e8      0x1c0 C:\Users\Bill\workspace\stm32f103c8t6_hal_lib\Debug\libstm32f103c8t6_hal_lib.a(stm32f1xx_hal_uart.o)

.debug_macro    0x00000000    0x18d1d
 .debug_macro   0x00000000      0x425 src/main.o
 .debug_macro   0x00000425      0x8c8 src/main.o
 .debug_macro   0x00000ced      0x224 src/main.o
 .debug_macro   0x00000f11       0x28 src/main.o
 .debug_macro   0x00000f39       0x22 src/main.o
 .debug_macro   0x00000f5b       0x22 src/main.o
 .debug_macro   0x00000f7d       0x87 src/main.o
 .debug_macro   0x00001004       0x51 src/main.o
 .debug_macro   0x00001055       0xef src/main.o
 .debug_macro   0x00001144       0x6a src/main.o
 .debug_macro   0x000011ae      0x1df src/main.o
 .debug_macro   0x0000138d       0x34 src/main.o
 .debug_macro   0x000013c1       0x34 src/main.o
 .debug_macro   0x000013f5      0xb8e src/main.o
 .debug_macro   0x00001f83     0xe90a src/main.o
 .debug_macro   0x0001088d       0x43 src/main.o
 .debug_macro   0x000108d0       0x58 src/main.o
 .debug_macro   0x00010928       0x35 src/main.o
 .debug_macro   0x0001095d       0x9c src/main.o
 .debug_macro   0x000109f9       0x16 src/main.o
 .debug_macro   0x00010a0f       0x97 src/main.o
 .debug_macro   0x00010aa6      0x330 src/main.o
 .debug_macro   0x00010dd6       0xfd src/main.o
 .debug_macro   0x00010ed3       0x10 src/main.o
 .debug_macro   0x00010ee3       0x58 src/main.o
 .debug_macro   0x00010f3b       0x1f src/main.o
 .debug_macro   0x00010f5a       0x43 src/main.o
 .debug_macro   0x00010f9d       0x20 src/main.o
 .debug_macro   0x00010fbd      0x187 src/main.o
 .debug_macro   0x00011144       0x10 src/main.o
 .debug_macro   0x00011154       0x1c src/main.o
 .debug_macro   0x00011170       0x52 src/main.o
 .debug_macro   0x000111c2       0x40 src/main.o
 .debug_macro   0x00011202       0x10 src/main.o
 .debug_macro   0x00011212       0x40 src/main.o
 .debug_macro   0x00011252       0xd7 src/main.o
 .debug_macro   0x00011329       0x16 src/main.o
 .debug_macro   0x0001133f      0x18b src/main.o
 .debug_macro   0x000114ca       0x57 src/main.o
 .debug_macro   0x00011521      0x5c2 src/main.o
 .debug_macro   0x00011ae3      0x28b src/main.o
 .debug_macro   0x00011d6e      0x1cb src/main.o
 .debug_macro   0x00011f39      0x11e src/main.o
 .debug_macro   0x00012057      0x197 src/main.o
 .debug_macro   0x000121ee       0x27 src/main.o
 .debug_macro   0x00012215      0x1bc src/main.o
 .debug_macro   0x000123d1       0x34 src/main.o
 .debug_macro   0x00012405       0x3c src/main.o
 .debug_macro   0x00012441      0x3a6 src/main.o
 .debug_macro   0x000127e7       0x10 src/main.o
 .debug_macro   0x000127f7       0x74 src/main.o
 .debug_macro   0x0001286b       0x57 src/main.o
 .debug_macro   0x000128c2      0x46a src/main.o
 .debug_macro   0x00012d2c      0x1b5 src/main.o
 .debug_macro   0x00012ee1       0x22 src/main.o
 .debug_macro   0x00012f03       0x8c src/main.o
 .debug_macro   0x00012f8f      0x242 src/main.o
 .debug_macro   0x000131d1      0x248 src/main.o
 .debug_macro   0x00013419       0x79 src/main.o
 .debug_macro   0x00013492      0x143 src/main.o
 .debug_macro   0x000135d5      0x1ef src/main.o
 .debug_macro   0x000137c4       0xf2 src/main.o
 .debug_macro   0x000138b6      0x1f4 src/main.o
 .debug_macro   0x00013aaa      0x84c src/main.o
 .debug_macro   0x000142f6       0x1f src/main.o
 .debug_macro   0x00014315      0x26b src/main.o
 .debug_macro   0x00014580      0x217 src/main.o
 .debug_macro   0x00014797      0x1a7 src/main.o
 .debug_macro   0x0001493e      0x2cd src/main.o
 .debug_macro   0x00014c0b       0x89 src/main.o
 .debug_macro   0x00014c94       0x50 src/main.o
 .debug_macro   0x00014ce4      0x26c src/main.o
 .debug_macro   0x00014f50       0x7c src/main.o
 .debug_macro   0x00014fcc       0x16 src/main.o
 .debug_macro   0x00014fe2       0x35 src/main.o
 .debug_macro   0x00015017      0x40e src/stm32f1xx_it.o
 .debug_macro   0x00015425      0x236 src/syscalls.o
 .debug_macro   0x0001565b       0x52 src/syscalls.o
 .debug_macro   0x000156ad       0x8d src/syscalls.o
 .debug_macro   0x0001573a       0x57 src/syscalls.o
 .debug_macro   0x00015791      0x174 src/syscalls.o
 .debug_macro   0x00015905       0x10 src/syscalls.o
 .debug_macro   0x00015915       0x10 src/syscalls.o
 .debug_macro   0x00015925       0x10 src/syscalls.o
 .debug_macro   0x00015935       0x35 src/syscalls.o
 .debug_macro   0x0001596a      0x122 src/syscalls.o
 .debug_macro   0x00015a8c       0x16 src/syscalls.o
 .debug_macro   0x00015aa2       0x16 src/syscalls.o
 .debug_macro   0x00015ab8       0x29 src/syscalls.o
 .debug_macro   0x00015ae1       0x10 src/syscalls.o
 .debug_macro   0x00015af1      0x241 src/syscalls.o
 .debug_macro   0x00015d32       0x1c src/syscalls.o
 .debug_macro   0x00015d4e       0x10 src/syscalls.o
 .debug_macro   0x00015d5e      0x159 src/syscalls.o
 .debug_macro   0x00015eb7       0x16 src/syscalls.o
 .debug_macro   0x00015ecd       0x88 src/syscalls.o
 .debug_macro   0x00015f55      0x40a src/system_stm32f1xx.o
 .debug_macro   0x0001635f      0x428 C:\Users\Bill\workspace\stm32f103c8t6_hal_lib\Debug\libstm32f103c8t6_hal_lib.a(stm32f1xx_hal.o)
 .debug_macro   0x00016787      0x8c8 C:\Users\Bill\workspace\stm32f103c8t6_hal_lib\Debug\libstm32f103c8t6_hal_lib.a(stm32f1xx_hal.o)
 .debug_macro   0x0001704f      0x421 C:\Users\Bill\workspace\stm32f103c8t6_hal_lib\Debug\libstm32f103c8t6_hal_lib.a(stm32f1xx_hal_adc.o)
 .debug_macro   0x00017470      0x416 C:\Users\Bill\workspace\stm32f103c8t6_hal_lib\Debug\libstm32f103c8t6_hal_lib.a(stm32f1xx_hal_adc_ex.o)
 .debug_macro   0x00017886      0x404 C:\Users\Bill\workspace\stm32f103c8t6_hal_lib\Debug\libstm32f103c8t6_hal_lib.a(stm32f1xx_hal_cortex.o)
 .debug_macro   0x00017c8a      0x474 C:\Users\Bill\workspace\stm32f103c8t6_hal_lib\Debug\libstm32f103c8t6_hal_lib.a(stm32f1xx_hal_gpio.o)
 .debug_macro   0x000180fe      0x416 C:\Users\Bill\workspace\stm32f103c8t6_hal_lib\Debug\libstm32f103c8t6_hal_lib.a(stm32f1xx_hal_rcc.o)
 .debug_macro   0x00018514      0x404 C:\Users\Bill\workspace\stm32f103c8t6_hal_lib\Debug\libstm32f103c8t6_hal_lib.a(stm32f1xx_hal_rcc_ex.o)
 .debug_macro   0x00018918      0x405 C:\Users\Bill\workspace\stm32f103c8t6_hal_lib\Debug\libstm32f103c8t6_hal_lib.a(stm32f1xx_hal_uart.o)

.debug_line     0x00000000     0x875c
 .debug_line    0x00000000      0x9fb src/main.o
 .debug_line    0x000009fb      0x96a src/stm32f1xx_it.o
 .debug_line    0x00001365      0x5d4 src/syscalls.o
 .debug_line    0x00001939      0x972 src/system_stm32f1xx.o
 .debug_line    0x000022ab       0x7c startup/startup_stm32.o
 .debug_line    0x00002327      0xaab C:\Users\Bill\workspace\stm32f103c8t6_hal_lib\Debug\libstm32f103c8t6_hal_lib.a(stm32f1xx_hal.o)
 .debug_line    0x00002dd2      0xe5b C:\Users\Bill\workspace\stm32f103c8t6_hal_lib\Debug\libstm32f103c8t6_hal_lib.a(stm32f1xx_hal_adc.o)
 .debug_line    0x00003c2d      0xca3 C:\Users\Bill\workspace\stm32f103c8t6_hal_lib\Debug\libstm32f103c8t6_hal_lib.a(stm32f1xx_hal_adc_ex.o)
 .debug_line    0x000048d0      0xbd9 C:\Users\Bill\workspace\stm32f103c8t6_hal_lib\Debug\libstm32f103c8t6_hal_lib.a(stm32f1xx_hal_cortex.o)
 .debug_line    0x000054a9      0xb22 C:\Users\Bill\workspace\stm32f103c8t6_hal_lib\Debug\libstm32f103c8t6_hal_lib.a(stm32f1xx_hal_gpio.o)
 .debug_line    0x00005fcb      0xbac C:\Users\Bill\workspace\stm32f103c8t6_hal_lib\Debug\libstm32f103c8t6_hal_lib.a(stm32f1xx_hal_rcc.o)
 .debug_line    0x00006b77      0x9ea C:\Users\Bill\workspace\stm32f103c8t6_hal_lib\Debug\libstm32f103c8t6_hal_lib.a(stm32f1xx_hal_rcc_ex.o)
 .debug_line    0x00007561     0x11fb C:\Users\Bill\workspace\stm32f103c8t6_hal_lib\Debug\libstm32f103c8t6_hal_lib.a(stm32f1xx_hal_uart.o)

.debug_str      0x00000000    0x83805
 .debug_str     0x00000000    0x80cba src/main.o
                              0x810d8 (size before relaxing)
 .debug_str     0x00080cba       0x38 src/stm32f1xx_it.o
                              0x80759 (size before relaxing)
 .debug_str     0x00080cf2     0x1192 src/syscalls.o
                               0x7d19 (size before relaxing)
 .debug_str     0x00081e84       0xc7 src/system_stm32f1xx.o
                              0x8082d (size before relaxing)
 .debug_str     0x00081f4b      0x3c8 C:\Users\Bill\workspace\stm32f103c8t6_hal_lib\Debug\libstm32f103c8t6_hal_lib.a(stm32f1xx_hal.o)
                              0x80de4 (size before relaxing)
 .debug_str     0x00082313      0x371 C:\Users\Bill\workspace\stm32f103c8t6_hal_lib\Debug\libstm32f103c8t6_hal_lib.a(stm32f1xx_hal_adc.o)
                              0x80e1d (size before relaxing)
 .debug_str     0x00082684      0x2e9 C:\Users\Bill\workspace\stm32f103c8t6_hal_lib\Debug\libstm32f103c8t6_hal_lib.a(stm32f1xx_hal_adc_ex.o)
                              0x80dd2 (size before relaxing)
 .debug_str     0x0008296d      0x2b6 C:\Users\Bill\workspace\stm32f103c8t6_hal_lib\Debug\libstm32f103c8t6_hal_lib.a(stm32f1xx_hal_cortex.o)
                              0x80e34 (size before relaxing)
 .debug_str     0x00082c23      0x354 C:\Users\Bill\workspace\stm32f103c8t6_hal_lib\Debug\libstm32f103c8t6_hal_lib.a(stm32f1xx_hal_gpio.o)
                              0x80b7b (size before relaxing)
 .debug_str     0x00082f77      0x246 C:\Users\Bill\workspace\stm32f103c8t6_hal_lib\Debug\libstm32f103c8t6_hal_lib.a(stm32f1xx_hal_rcc.o)
                              0x80ba9 (size before relaxing)
 .debug_str     0x000831bd      0x119 C:\Users\Bill\workspace\stm32f103c8t6_hal_lib\Debug\libstm32f103c8t6_hal_lib.a(stm32f1xx_hal_rcc_ex.o)
                              0x8093b (size before relaxing)
 .debug_str     0x000832d6      0x52f C:\Users\Bill\workspace\stm32f103c8t6_hal_lib\Debug\libstm32f103c8t6_hal_lib.a(stm32f1xx_hal_uart.o)
                              0x81083 (size before relaxing)

.comment        0x00000000       0x7f
 .comment       0x00000000       0x7f src/main.o
                                 0x80 (size before relaxing)
 .comment       0x0000007f       0x80 src/stm32f1xx_it.o
 .comment       0x0000007f       0x80 src/syscalls.o
 .comment       0x0000007f       0x80 src/system_stm32f1xx.o
 .comment       0x0000007f       0x80 C:\Users\Bill\workspace\stm32f103c8t6_hal_lib\Debug\libstm32f103c8t6_hal_lib.a(stm32f1xx_hal.o)
 .comment       0x0000007f       0x80 C:\Users\Bill\workspace\stm32f103c8t6_hal_lib\Debug\libstm32f103c8t6_hal_lib.a(stm32f1xx_hal_adc.o)
 .comment       0x0000007f       0x80 C:\Users\Bill\workspace\stm32f103c8t6_hal_lib\Debug\libstm32f103c8t6_hal_lib.a(stm32f1xx_hal_adc_ex.o)
 .comment       0x0000007f       0x80 C:\Users\Bill\workspace\stm32f103c8t6_hal_lib\Debug\libstm32f103c8t6_hal_lib.a(stm32f1xx_hal_cortex.o)
 .comment       0x0000007f       0x80 C:\Users\Bill\workspace\stm32f103c8t6_hal_lib\Debug\libstm32f103c8t6_hal_lib.a(stm32f1xx_hal_gpio.o)
 .comment       0x0000007f       0x80 C:\Users\Bill\workspace\stm32f103c8t6_hal_lib\Debug\libstm32f103c8t6_hal_lib.a(stm32f1xx_hal_rcc.o)
 .comment       0x0000007f       0x80 C:\Users\Bill\workspace\stm32f103c8t6_hal_lib\Debug\libstm32f103c8t6_hal_lib.a(stm32f1xx_hal_rcc_ex.o)
 .comment       0x0000007f       0x80 C:\Users\Bill\workspace\stm32f103c8t6_hal_lib\Debug\libstm32f103c8t6_hal_lib.a(stm32f1xx_hal_uart.o)

.debug_frame    0x00000000     0x2844
 .debug_frame   0x00000000       0xc0 src/main.o
 .debug_frame   0x000000c0       0x2c src/stm32f1xx_it.o
 .debug_frame   0x000000ec      0x2d4 src/syscalls.o
 .debug_frame   0x000003c0       0x58 src/system_stm32f1xx.o
 .debug_frame   0x00000418      0x298 C:\Users\Bill\workspace\stm32f103c8t6_hal_lib\Debug\libstm32f103c8t6_hal_lib.a(stm32f1xx_hal.o)
 .debug_frame   0x000006b0      0x410 C:\Users\Bill\workspace\stm32f103c8t6_hal_lib\Debug\libstm32f103c8t6_hal_lib.a(stm32f1xx_hal_adc.o)
 .debug_frame   0x00000ac0      0x208 C:\Users\Bill\workspace\stm32f103c8t6_hal_lib\Debug\libstm32f103c8t6_hal_lib.a(stm32f1xx_hal_adc_ex.o)
 .debug_frame   0x00000cc8      0x428 C:\Users\Bill\workspace\stm32f103c8t6_hal_lib\Debug\libstm32f103c8t6_hal_lib.a(stm32f1xx_hal_cortex.o)
 .debug_frame   0x000010f0      0x14c C:\Users\Bill\workspace\stm32f103c8t6_hal_lib\Debug\libstm32f103c8t6_hal_lib.a(stm32f1xx_hal_gpio.o)
 .debug_frame   0x0000123c      0x218 C:\Users\Bill\workspace\stm32f103c8t6_hal_lib\Debug\libstm32f103c8t6_hal_lib.a(stm32f1xx_hal_rcc.o)
 .debug_frame   0x00001454       0x84 C:\Users\Bill\workspace\stm32f103c8t6_hal_lib\Debug\libstm32f103c8t6_hal_lib.a(stm32f1xx_hal_rcc_ex.o)
 .debug_frame   0x000014d8      0x83c C:\Users\Bill\workspace\stm32f103c8t6_hal_lib\Debug\libstm32f103c8t6_hal_lib.a(stm32f1xx_hal_uart.o)
 .debug_frame   0x00001d14       0xac c:/ac6/systemworkbench/plugins/fr.ac6.mcu.externaltools.arm-none.win32_1.15.0.201708311556/tools/compiler/bin/../lib/gcc/arm-none-eabi/6.3.1/thumb/v7-m\libgcc.a(_arm_addsubdf3.o)
 .debug_frame   0x00001dc0       0x50 c:/ac6/systemworkbench/plugins/fr.ac6.mcu.externaltools.arm-none.win32_1.15.0.201708311556/tools/compiler/bin/../lib/gcc/arm-none-eabi/6.3.1/thumb/v7-m\libgcc.a(_arm_muldivdf3.o)
 .debug_frame   0x00001e10       0x24 c:/ac6/systemworkbench/plugins/fr.ac6.mcu.externaltools.arm-none.win32_1.15.0.201708311556/tools/compiler/bin/../lib/gcc/arm-none-eabi/6.3.1/thumb/v7-m\libgcc.a(_arm_truncdfsf2.o)
 .debug_frame   0x00001e34       0x4c c:/ac6/systemworkbench/plugins/fr.ac6.mcu.externaltools.arm-none.win32_1.15.0.201708311556/tools/compiler/bin/../lib/gcc/arm-none-eabi/6.3.1/thumb/v7-m\libgcc.a(_arm_addsubsf3.o)
 .debug_frame   0x00001e80       0x38 c:/ac6/systemworkbench/plugins/fr.ac6.mcu.externaltools.arm-none.win32_1.15.0.201708311556/tools/compiler/bin/../lib/gcc/arm-none-eabi/6.3.1/thumb/v7-m\libgcc.a(_arm_muldivsf3.o)
 .debug_frame   0x00001eb8       0x20 c:/ac6/systemworkbench/plugins/fr.ac6.mcu.externaltools.arm-none.win32_1.15.0.201708311556/tools/compiler/bin/../lib/gcc/arm-none-eabi/6.3.1/../../../../arm-none-eabi/lib/thumb/v7-m\libc_nano.a(lib_a-errno.o)
 .debug_frame   0x00001ed8       0x2c c:/ac6/systemworkbench/plugins/fr.ac6.mcu.externaltools.arm-none.win32_1.15.0.201708311556/tools/compiler/bin/../lib/gcc/arm-none-eabi/6.3.1/../../../../arm-none-eabi/lib/thumb/v7-m\libc_nano.a(lib_a-init.o)
 .debug_frame   0x00001f04       0x20 c:/ac6/systemworkbench/plugins/fr.ac6.mcu.externaltools.arm-none.win32_1.15.0.201708311556/tools/compiler/bin/../lib/gcc/arm-none-eabi/6.3.1/../../../../arm-none-eabi/lib/thumb/v7-m\libc_nano.a(lib_a-memset.o)
 .debug_frame   0x00001f24       0x90 c:/ac6/systemworkbench/plugins/fr.ac6.mcu.externaltools.arm-none.win32_1.15.0.201708311556/tools/compiler/bin/../lib/gcc/arm-none-eabi/6.3.1/../../../../arm-none-eabi/lib/thumb/v7-m\libc_nano.a(lib_a-nano-vfprintf_float.o)
 .debug_frame   0x00001fb4       0x60 c:/ac6/systemworkbench/plugins/fr.ac6.mcu.externaltools.arm-none.win32_1.15.0.201708311556/tools/compiler/bin/../lib/gcc/arm-none-eabi/6.3.1/../../../../arm-none-eabi/lib/thumb/v7-m\libc_nano.a(lib_a-nano-vfprintf_i.o)
 .debug_frame   0x00002014       0x70 c:/ac6/systemworkbench/plugins/fr.ac6.mcu.externaltools.arm-none.win32_1.15.0.201708311556/tools/compiler/bin/../lib/gcc/arm-none-eabi/6.3.1/../../../../arm-none-eabi/lib/thumb/v7-m\libc_nano.a(lib_a-sprintf.o)
 .debug_frame   0x00002084       0x6c c:/ac6/systemworkbench/plugins/fr.ac6.mcu.externaltools.arm-none.win32_1.15.0.201708311556/tools/compiler/bin/../lib/gcc/arm-none-eabi/6.3.1/../../../../arm-none-eabi/lib/thumb/v7-m\libc_nano.a(lib_a-dtoa.o)
 .debug_frame   0x000020f0       0x40 c:/ac6/systemworkbench/plugins/fr.ac6.mcu.externaltools.arm-none.win32_1.15.0.201708311556/tools/compiler/bin/../lib/gcc/arm-none-eabi/6.3.1/../../../../arm-none-eabi/lib/thumb/v7-m\libc_nano.a(lib_a-localeconv.o)
 .debug_frame   0x00002130       0x30 c:/ac6/systemworkbench/plugins/fr.ac6.mcu.externaltools.arm-none.win32_1.15.0.201708311556/tools/compiler/bin/../lib/gcc/arm-none-eabi/6.3.1/../../../../arm-none-eabi/lib/thumb/v7-m\libc_nano.a(lib_a-malloc.o)
 .debug_frame   0x00002160       0x28 c:/ac6/systemworkbench/plugins/fr.ac6.mcu.externaltools.arm-none.win32_1.15.0.201708311556/tools/compiler/bin/../lib/gcc/arm-none-eabi/6.3.1/../../../../arm-none-eabi/lib/thumb/v7-m\libc_nano.a(lib_a-memchr-stub.o)
 .debug_frame   0x00002188       0x28 c:/ac6/systemworkbench/plugins/fr.ac6.mcu.externaltools.arm-none.win32_1.15.0.201708311556/tools/compiler/bin/../lib/gcc/arm-none-eabi/6.3.1/../../../../arm-none-eabi/lib/thumb/v7-m\libc_nano.a(lib_a-memcpy-stub.o)
 .debug_frame   0x000021b0      0x244 c:/ac6/systemworkbench/plugins/fr.ac6.mcu.externaltools.arm-none.win32_1.15.0.201708311556/tools/compiler/bin/../lib/gcc/arm-none-eabi/6.3.1/../../../../arm-none-eabi/lib/thumb/v7-m\libc_nano.a(lib_a-mprec.o)
 .debug_frame   0x000023f4       0x2c c:/ac6/systemworkbench/plugins/fr.ac6.mcu.externaltools.arm-none.win32_1.15.0.201708311556/tools/compiler/bin/../lib/gcc/arm-none-eabi/6.3.1/../../../../arm-none-eabi/lib/thumb/v7-m\libc_nano.a(lib_a-nano-callocr.o)
 .debug_frame   0x00002420       0x38 c:/ac6/systemworkbench/plugins/fr.ac6.mcu.externaltools.arm-none.win32_1.15.0.201708311556/tools/compiler/bin/../lib/gcc/arm-none-eabi/6.3.1/../../../../arm-none-eabi/lib/thumb/v7-m\libc_nano.a(lib_a-nano-freer.o)
 .debug_frame   0x00002458       0x2c c:/ac6/systemworkbench/plugins/fr.ac6.mcu.externaltools.arm-none.win32_1.15.0.201708311556/tools/compiler/bin/../lib/gcc/arm-none-eabi/6.3.1/../../../../arm-none-eabi/lib/thumb/v7-m\libc_nano.a(lib_a-nano-mallocr.o)
 .debug_frame   0x00002484       0x90 c:/ac6/systemworkbench/plugins/fr.ac6.mcu.externaltools.arm-none.win32_1.15.0.201708311556/tools/compiler/bin/../lib/gcc/arm-none-eabi/6.3.1/../../../../arm-none-eabi/lib/thumb/v7-m\libc_nano.a(lib_a-nano-svfprintf.o)
 .debug_frame   0x00002514       0x2c c:/ac6/systemworkbench/plugins/fr.ac6.mcu.externaltools.arm-none.win32_1.15.0.201708311556/tools/compiler/bin/../lib/gcc/arm-none-eabi/6.3.1/../../../../arm-none-eabi/lib/thumb/v7-m\libc_nano.a(lib_a-sbrkr.o)
 .debug_frame   0x00002540       0x68 c:/ac6/systemworkbench/plugins/fr.ac6.mcu.externaltools.arm-none.win32_1.15.0.201708311556/tools/compiler/bin/../lib/gcc/arm-none-eabi/6.3.1/../../../../arm-none-eabi/lib/thumb/v7-m\libc_nano.a(lib_a-locale.o)
 .debug_frame   0x000025a8       0x48 c:/ac6/systemworkbench/plugins/fr.ac6.mcu.externaltools.arm-none.win32_1.15.0.201708311556/tools/compiler/bin/../lib/gcc/arm-none-eabi/6.3.1/../../../../arm-none-eabi/lib/thumb/v7-m\libc_nano.a(lib_a-mbtowc_r.o)
 .debug_frame   0x000025f0       0x28 c:/ac6/systemworkbench/plugins/fr.ac6.mcu.externaltools.arm-none.win32_1.15.0.201708311556/tools/compiler/bin/../lib/gcc/arm-none-eabi/6.3.1/../../../../arm-none-eabi/lib/thumb/v7-m\libc_nano.a(lib_a-memmove.o)
 .debug_frame   0x00002618       0x30 c:/ac6/systemworkbench/plugins/fr.ac6.mcu.externaltools.arm-none.win32_1.15.0.201708311556/tools/compiler/bin/../lib/gcc/arm-none-eabi/6.3.1/../../../../arm-none-eabi/lib/thumb/v7-m\libc_nano.a(lib_a-mlock.o)
 .debug_frame   0x00002648       0x3c c:/ac6/systemworkbench/plugins/fr.ac6.mcu.externaltools.arm-none.win32_1.15.0.201708311556/tools/compiler/bin/../lib/gcc/arm-none-eabi/6.3.1/../../../../arm-none-eabi/lib/thumb/v7-m\libc_nano.a(lib_a-nano-reallocr.o)
 .debug_frame   0x00002684       0x5c c:/ac6/systemworkbench/plugins/fr.ac6.mcu.externaltools.arm-none.win32_1.15.0.201708311556/tools/compiler/bin/../lib/gcc/arm-none-eabi/6.3.1/../../../../arm-none-eabi/lib/thumb/v7-m\libc_nano.a(lib_a-reent.o)
 .debug_frame   0x000026e0       0x3c c:/ac6/systemworkbench/plugins/fr.ac6.mcu.externaltools.arm-none.win32_1.15.0.201708311556/tools/compiler/bin/../lib/gcc/arm-none-eabi/6.3.1/../../../../arm-none-eabi/lib/thumb/v7-m\libc_nano.a(lib_a-wctomb_r.o)
 .debug_frame   0x0000271c       0x20 c:/ac6/systemworkbench/plugins/fr.ac6.mcu.externaltools.arm-none.win32_1.15.0.201708311556/tools/compiler/bin/../lib/gcc/arm-none-eabi/6.3.1/../../../../arm-none-eabi/lib/thumb/v7-m\libc_nano.a(lib_a-nano-msizer.o)
 .debug_frame   0x0000273c       0xc4 c:/ac6/systemworkbench/plugins/fr.ac6.mcu.externaltools.arm-none.win32_1.15.0.201708311556/tools/compiler/bin/../lib/gcc/arm-none-eabi/6.3.1/thumb/v7-m\libgcc.a(_arm_cmpdf2.o)
 .debug_frame   0x00002800       0x20 c:/ac6/systemworkbench/plugins/fr.ac6.mcu.externaltools.arm-none.win32_1.15.0.201708311556/tools/compiler/bin/../lib/gcc/arm-none-eabi/6.3.1/thumb/v7-m\libgcc.a(_arm_unorddf2.o)
 .debug_frame   0x00002820       0x24 c:/ac6/systemworkbench/plugins/fr.ac6.mcu.externaltools.arm-none.win32_1.15.0.201708311556/tools/compiler/bin/../lib/gcc/arm-none-eabi/6.3.1/thumb/v7-m\libgcc.a(_arm_fixdfsi.o)
