Archive member included to satisfy reference by file (symbol)

C:\Users\Bill\workspace\stm32f103c8t6_hal_lib\Debug\libstm32f103c8t6_hal_lib.a(stm32f1xx_hal.o)
                              src/main.o (HAL_Init)
C:\Users\Bill\workspace\stm32f103c8t6_hal_lib\Debug\libstm32f103c8t6_hal_lib.a(stm32f1xx_hal_cortex.o)
                              C:\Users\Bill\workspace\stm32f103c8t6_hal_lib\Debug\libstm32f103c8t6_hal_lib.a(stm32f1xx_hal.o) (HAL_NVIC_SetPriorityGrouping)
C:\Users\Bill\workspace\stm32f103c8t6_hal_lib\Debug\libstm32f103c8t6_hal_lib.a(stm32f1xx_hal_gpio.o)
                              src/main.o (HAL_GPIO_Init)
C:\Users\Bill\workspace\stm32f103c8t6_hal_lib\Debug\libstm32f103c8t6_hal_lib.a(stm32f1xx_hal_i2c.o)
                              src/main.o (HAL_I2C_Init)
C:\Users\Bill\workspace\stm32f103c8t6_hal_lib\Debug\libstm32f103c8t6_hal_lib.a(stm32f1xx_hal_rcc.o)
                              src/main.o (HAL_RCC_OscConfig)
C:\Users\Bill\workspace\stm32f103c8t6_hal_lib\Debug\libstm32f103c8t6_hal_lib.a(stm32f1xx_hal_uart.o)
                              src/main.o (HAL_UART_Init)
C:\Users\Bill\workspace\stm32f103c8t6_hal_lib\Debug\libstm32f103c8t6_hal_lib.a(stm32f1xx_hal_dma.o)
                              C:\Users\Bill\workspace\stm32f103c8t6_hal_lib\Debug\libstm32f103c8t6_hal_lib.a(stm32f1xx_hal_i2c.o) (HAL_DMA_Start_IT)
c:/ac6/systemworkbench/plugins/fr.ac6.mcu.externaltools.arm-none.win32_1.15.0.201708311556/tools/compiler/bin/../lib/gcc/arm-none-eabi/6.3.1/../../../../arm-none-eabi/lib/thumb/v7-m\libc.a(lib_a-errno.o)
                              src/syscalls.o (__errno)
c:/ac6/systemworkbench/plugins/fr.ac6.mcu.externaltools.arm-none.win32_1.15.0.201708311556/tools/compiler/bin/../lib/gcc/arm-none-eabi/6.3.1/../../../../arm-none-eabi/lib/thumb/v7-m\libc.a(lib_a-exit.o)
                              c:/ac6/systemworkbench/plugins/fr.ac6.mcu.externaltools.arm-none.win32_1.15.0.201708311556/tools/compiler/bin/../lib/gcc/arm-none-eabi/6.3.1/../../../../arm-none-eabi/lib/thumb/v7-m/crt0.o (exit)
c:/ac6/systemworkbench/plugins/fr.ac6.mcu.externaltools.arm-none.win32_1.15.0.201708311556/tools/compiler/bin/../lib/gcc/arm-none-eabi/6.3.1/../../../../arm-none-eabi/lib/thumb/v7-m\libc.a(lib_a-impure.o)
                              c:/ac6/systemworkbench/plugins/fr.ac6.mcu.externaltools.arm-none.win32_1.15.0.201708311556/tools/compiler/bin/../lib/gcc/arm-none-eabi/6.3.1/../../../../arm-none-eabi/lib/thumb/v7-m\libc.a(lib_a-exit.o) (_global_impure_ptr)
c:/ac6/systemworkbench/plugins/fr.ac6.mcu.externaltools.arm-none.win32_1.15.0.201708311556/tools/compiler/bin/../lib/gcc/arm-none-eabi/6.3.1/../../../../arm-none-eabi/lib/thumb/v7-m\libc.a(lib_a-init.o)
                              c:/ac6/systemworkbench/plugins/fr.ac6.mcu.externaltools.arm-none.win32_1.15.0.201708311556/tools/compiler/bin/../lib/gcc/arm-none-eabi/6.3.1/../../../../arm-none-eabi/lib/thumb/v7-m/crt0.o (__libc_init_array)
c:/ac6/systemworkbench/plugins/fr.ac6.mcu.externaltools.arm-none.win32_1.15.0.201708311556/tools/compiler/bin/../lib/gcc/arm-none-eabi/6.3.1/../../../../arm-none-eabi/lib/thumb/v7-m\libc.a(lib_a-memset.o)
                              c:/ac6/systemworkbench/plugins/fr.ac6.mcu.externaltools.arm-none.win32_1.15.0.201708311556/tools/compiler/bin/../lib/gcc/arm-none-eabi/6.3.1/../../../../arm-none-eabi/lib/thumb/v7-m/crt0.o (memset)
c:/ac6/systemworkbench/plugins/fr.ac6.mcu.externaltools.arm-none.win32_1.15.0.201708311556/tools/compiler/bin/../lib/gcc/arm-none-eabi/6.3.1/../../../../arm-none-eabi/lib/thumb/v7-m\libc.a(lib_a-strcmp.o)
                              src/main.o (strcmp)
c:/ac6/systemworkbench/plugins/fr.ac6.mcu.externaltools.arm-none.win32_1.15.0.201708311556/tools/compiler/bin/../lib/gcc/arm-none-eabi/6.3.1/../../../../arm-none-eabi/lib/thumb/v7-m\libc.a(lib_a-strlen-stub.o)
                              src/main.o (strlen)
c:/ac6/systemworkbench/plugins/fr.ac6.mcu.externaltools.arm-none.win32_1.15.0.201708311556/tools/compiler/bin/../lib/gcc/arm-none-eabi/6.3.1/../../../../arm-none-eabi/lib/thumb/v7-m\libc.a(lib_a-__call_atexit.o)
                              c:/ac6/systemworkbench/plugins/fr.ac6.mcu.externaltools.arm-none.win32_1.15.0.201708311556/tools/compiler/bin/../lib/gcc/arm-none-eabi/6.3.1/../../../../arm-none-eabi/lib/thumb/v7-m\libc.a(lib_a-exit.o) (__call_exitprocs)
c:/ac6/systemworkbench/plugins/fr.ac6.mcu.externaltools.arm-none.win32_1.15.0.201708311556/tools/compiler/bin/../lib/gcc/arm-none-eabi/6.3.1/../../../../arm-none-eabi/lib/thumb/v7-m\libc.a(lib_a-atexit.o)
                              c:/ac6/systemworkbench/plugins/fr.ac6.mcu.externaltools.arm-none.win32_1.15.0.201708311556/tools/compiler/bin/../lib/gcc/arm-none-eabi/6.3.1/../../../../arm-none-eabi/lib/thumb/v7-m\libc.a(lib_a-__call_atexit.o) (atexit)
[...]
Memory Configuration

Name             Origin             Length             Attributes
RAM              0x20000000         0x00005000         xrw
ROM              0x08000000         0x00010000         xr
*default*        0x00000000         0xffffffff

Linker script and memory map

LOAD c:/ac6/systemworkbench/plugins/fr.ac6.mcu.externaltools.arm-none.win32_1.15.0.201708311556/tools/compiler/bin/../lib/gcc/arm-none-eabi/6.3.1/thumb/v7-m/crti.o
LOAD c:/ac6/systemworkbench/plugins/fr.ac6.mcu.externaltools.arm-none.win32_1.15.0.201708311556/tools/compiler/bin/../lib/gcc/arm-none-eabi/6.3.1/thumb/v7-m/crtbegin.o
LOAD c:/ac6/systemworkbench/plugins/fr.ac6.mcu.externaltools.arm-none.win32_1.15.0.201708311556/tools/compiler/bin/../lib/gcc/arm-none-eabi/6.3.1/../../../../arm-none-eabi/lib/thumb/v7-m/crt0.o
LOAD src/main.o
LOAD src/stm32f1xx_it.o
LOAD src/syscalls.o
LOAD src/system_stm32f1xx.o
LOAD startup/startup_stm32.o
LOAD C:\Users\Bill\workspace\stm32f103c8t6_hal_lib\Debug\libstm32f103c8t6_hal_lib.a
LOAD c:/ac6/systemworkbench/plugins/fr.ac6.mcu.externaltools.arm-none.win32_1.15.0.201708311556/tools/compiler/bin/../lib/gcc/arm-none-eabi/6.3.1/../../../../arm-none-eabi/lib/thumb/v7-m\libm.a
START GROUP
LOAD c:/ac6/systemworkbench/plugins/fr.ac6.mcu.externaltools.arm-none.win32_1.15.0.201708311556/tools/compiler/bin/../lib/gcc/arm-none-eabi/6.3.1/thumb/v7-m\libgcc.a
LOAD c:/ac6/systemworkbench/plugins/fr.ac6.mcu.externaltools.arm-none.win32_1.15.0.201708311556/tools/compiler/bin/../lib/gcc/arm-none-eabi/6.3.1/../../../../arm-none-eabi/lib/thumb/v7-m\libc.a
END GROUP
LOAD c:/ac6/systemworkbench/plugins/fr.ac6.mcu.externaltools.arm-none.win32_1.15.0.201708311556/tools/compiler/bin/../lib/gcc/arm-none-eabi/6.3.1/thumb/v7-m/crtend.o
LOAD c:/ac6/systemworkbench/plugins/fr.ac6.mcu.externaltools.arm-none.win32_1.15.0.201708311556/tools/compiler/bin/../lib/gcc/arm-none-eabi/6.3.1/thumb/v7-m/crtn.o
                0x20005000                _estack = 0x20005000
                0x00000000                _Min_Heap_Size = 0x0
                0x00000400                _Min_Stack_Size = 0x400

.isr_vector     0x08000000      0x130
                0x08000000                . = ALIGN (0x4)
 *(.isr_vector)
 .isr_vector    0x08000000      0x130 startup/startup_stm32.o
                0x08000000                g_pfnVectors
                0x08000130                . = ALIGN (0x4)

.text           0x08000130     0x2854
                0x08000130                . = ALIGN (0x4)
 *(.text)
 .text          0x08000130       0x6c c:/ac6/systemworkbench/plugins/fr.ac6.mcu.externaltools.arm-none.win32_1.15.0.201708311556/tools/compiler/bin/../lib/gcc/arm-none-eabi/6.3.1/thumb/v7-m/crtbegin.o
 .text          0x0800019c      0x1bc c:/ac6/systemworkbench/plugins/fr.ac6.mcu.externaltools.arm-none.win32_1.15.0.201708311556/tools/compiler/bin/../lib/gcc/arm-none-eabi/6.3.1/../../../../arm-none-eabi/lib/thumb/v7-m\libc.a(lib_a-strcmp.o)
                0x0800019c                strcmp
 *(.text*)
 .text.main     0x08000358       0xdc src/main.o
                0x08000358                main
 .text.GPIO_Init
                0x08000434       0xc4 src/main.o
 .text.UART1_Init
                0x080004f8       0x6c src/main.o
 .text.I2C1_Init
                0x08000564       0x9c src/main.o
 .text.SystemClock_Config
                0x08000600       0x88 src/main.o
                0x08000600                SystemClock_Config
 .text.SysTick_Handler
                0x08000688       0x10 src/stm32f1xx_it.o
                0x08000688                SysTick_Handler
 .text.SystemInit
                0x08000698       0x68 src/system_stm32f1xx.o
                0x08000698                SystemInit
 .text.Reset_Handler
                0x08000700       0x50 startup/startup_stm32.o
                0x08000700                Reset_Handler
 .text.Default_Handler
                0x08000750        0x2 startup/startup_stm32.o
                0x08000750                EXTI2_IRQHandler
                0x08000750                TIM8_TRG_COM_IRQHandler
                0x08000750                TIM8_CC_IRQHandler
                0x08000750                DebugMon_Handler
                0x08000750                TIM1_CC_IRQHandler
                0x08000750                HardFault_Handler
                0x08000750                TIM6_IRQHandler
                0x08000750                PVD_IRQHandler
                0x08000750                SDIO_IRQHandler
                0x08000750                PendSV_Handler
                0x08000750                NMI_Handler
                0x08000750                EXTI3_IRQHandler
                0x08000750                USB_HP_CAN_TX_IRQHandler
                0x08000750                EXTI0_IRQHandler
                0x08000750                I2C2_EV_IRQHandler
                0x08000750                UsageFault_Handler
                0x08000750                ADC1_2_IRQHandler
                0x08000750                SPI1_IRQHandler
                0x08000750                CAN_SCE_IRQHandler
                0x08000750                TAMPER_IRQHandler
                0x08000750                TIM8_UP_IRQHandler
                0x08000750                DMA2_Channel2_IRQHandler
                0x08000750                DMA1_Channel4_IRQHandler
                0x08000750                USART3_IRQHandler
                0x08000750                RTC_IRQHandler
                0x08000750                DMA1_Channel7_IRQHandler
                0x08000750                UART5_IRQHandler
                0x08000750                ADC3_IRQHandler
                0x08000750                TIM4_IRQHandler
                0x08000750                CAN_RX1_IRQHandler
                0x08000750                DMA2_Channel1_IRQHandler
                0x08000750                I2C1_EV_IRQHandler
                0x08000750                DMA1_Channel6_IRQHandler
                0x08000750                UART4_IRQHandler
                0x08000750                TIM3_IRQHandler
                0x08000750                RCC_IRQHandler
                0x08000750                TIM1_TRG_COM_IRQHandler
                0x08000750                DMA1_Channel1_IRQHandler
                0x08000750                Default_Handler
                0x08000750                EXTI15_10_IRQHandler
                0x08000750                TIM7_IRQHandler
                0x08000750                TIM5_IRQHandler
                0x08000750                EXTI9_5_IRQHandler
                0x08000750                SPI2_IRQHandler
                0x08000750                USB_LP_CAN_RX0_IRQHandler
                0x08000750                MemManage_Handler
                0x08000750                SVC_Handler
                0x08000750                DMA1_Channel5_IRQHandler
                0x08000750                EXTI4_IRQHandler
                0x08000750                DMA1_Channel3_IRQHandler
                0x08000750                FSMC_IRQHandler
                0x08000750                TIM1_UP_IRQHandler
                0x08000750                WWDG_IRQHandler
                0x08000750                TIM2_IRQHandler
                0x08000750                TIM1_BRK_IRQHandler
                0x08000750                EXTI1_IRQHandler
                0x08000750                RTCAlarm_IRQHandler
                0x08000750                DMA2_Channel4_5_IRQHandler
                0x08000750                USART2_IRQHandler
                0x08000750                I2C2_ER_IRQHandler
                0x08000750                DMA1_Channel2_IRQHandler
                0x08000750                TIM8_BRK_IRQHandler
                0x08000750                FLASH_IRQHandler
                0x08000750                BusFault_Handler
                0x08000750                USART1_IRQHandler
                0x08000750                SPI3_IRQHandler
                0x08000750                I2C1_ER_IRQHandler
                0x08000750                DMA2_Channel3_IRQHandler
 *fill*         0x08000752        0x2 
 .text.HAL_Init
                0x08000754       0x2c C:\Users\Bill\workspace\stm32f103c8t6_hal_lib\Debug\libstm32f103c8t6_hal_lib.a(stm32f1xx_hal.o)
                0x08000754                HAL_Init
 .text.HAL_MspInit
                0x08000780        0xc C:\Users\Bill\workspace\stm32f103c8t6_hal_lib\Debug\libstm32f103c8t6_hal_lib.a(stm32f1xx_hal.o)
                0x08000780                HAL_MspInit
 .text.HAL_InitTick
                0x0800078c       0x38 C:\Users\Bill\workspace\stm32f103c8t6_hal_lib\Debug\libstm32f103c8t6_hal_lib.a(stm32f1xx_hal.o)
                0x0800078c                HAL_InitTick
 .text.HAL_IncTick
                0x080007c4       0x1c C:\Users\Bill\workspace\stm32f103c8t6_hal_lib\Debug\libstm32f103c8t6_hal_lib.a(stm32f1xx_hal.o)
                0x080007c4                HAL_IncTick
 .text.HAL_GetTick
                0x080007e0       0x14 C:\Users\Bill\workspace\stm32f103c8t6_hal_lib\Debug\libstm32f103c8t6_hal_lib.a(stm32f1xx_hal.o)
                0x080007e0                HAL_GetTick
 .text.HAL_Delay
                0x080007f4       0x3a C:\Users\Bill\workspace\stm32f103c8t6_hal_lib\Debug\libstm32f103c8t6_hal_lib.a(stm32f1xx_hal.o)
                0x080007f4                HAL_Delay
 *fill*         0x0800082e        0x2 
 .text.NVIC_SetPriorityGrouping
                0x08000830       0x48 C:\Users\Bill\workspace\stm32f103c8t6_hal_lib\Debug\libstm32f103c8t6_hal_lib.a(stm32f1xx_hal_cortex.o)
 .text.NVIC_GetPriorityGrouping
                0x08000878       0x1c C:\Users\Bill\workspace\stm32f103c8t6_hal_lib\Debug\libstm32f103c8t6_hal_lib.a(stm32f1xx_hal_cortex.o)
 .text.NVIC_SetPriority
                0x08000894       0x54 C:\Users\Bill\workspace\stm32f103c8t6_hal_lib\Debug\libstm32f103c8t6_hal_lib.a(stm32f1xx_hal_cortex.o)
 .text.NVIC_EncodePriority
                0x080008e8       0x60 C:\Users\Bill\workspace\stm32f103c8t6_hal_lib\Debug\libstm32f103c8t6_hal_lib.a(stm32f1xx_hal_cortex.o)
 .text.SysTick_Config
                0x08000948       0x44 C:\Users\Bill\workspace\stm32f103c8t6_hal_lib\Debug\libstm32f103c8t6_hal_lib.a(stm32f1xx_hal_cortex.o)
 .text.HAL_NVIC_SetPriorityGrouping
                0x0800098c       0x16 C:\Users\Bill\workspace\stm32f103c8t6_hal_lib\Debug\libstm32f103c8t6_hal_lib.a(stm32f1xx_hal_cortex.o)
                0x0800098c                HAL_NVIC_SetPriorityGrouping
 .text.HAL_NVIC_SetPriority
                0x080009a2       0x38 C:\Users\Bill\workspace\stm32f103c8t6_hal_lib\Debug\libstm32f103c8t6_hal_lib.a(stm32f1xx_hal_cortex.o)
                0x080009a2                HAL_NVIC_SetPriority
 .text.HAL_SYSTICK_Config
                0x080009da       0x18 C:\Users\Bill\workspace\stm32f103c8t6_hal_lib\Debug\libstm32f103c8t6_hal_lib.a(stm32f1xx_hal_cortex.o)
                0x080009da                HAL_SYSTICK_Config
 *fill*         0x080009f2        0x2 
 .text.HAL_SYSTICK_CLKSourceConfig
                0x080009f4       0x38 C:\Users\Bill\workspace\stm32f103c8t6_hal_lib\Debug\libstm32f103c8t6_hal_lib.a(stm32f1xx_hal_cortex.o)
                0x080009f4                HAL_SYSTICK_CLKSourceConfig
 .text.HAL_SYSTICK_IRQHandler
                0x08000a2c        0xc C:\Users\Bill\workspace\stm32f103c8t6_hal_lib\Debug\libstm32f103c8t6_hal_lib.a(stm32f1xx_hal_cortex.o)
                0x08000a2c                HAL_SYSTICK_IRQHandler
 .text.HAL_SYSTICK_Callback
                0x08000a38        0xc C:\Users\Bill\workspace\stm32f103c8t6_hal_lib\Debug\libstm32f103c8t6_hal_lib.a(stm32f1xx_hal_cortex.o)
                0x08000a38                HAL_SYSTICK_Callback
 .text.HAL_GPIO_Init
                0x08000a44      0x2bc C:\Users\Bill\workspace\stm32f103c8t6_hal_lib\Debug\libstm32f103c8t6_hal_lib.a(stm32f1xx_hal_gpio.o)
                0x08000a44                HAL_GPIO_Init
 .text.HAL_GPIO_TogglePin
                0x08000d00       0x22 C:\Users\Bill\workspace\stm32f103c8t6_hal_lib\Debug\libstm32f103c8t6_hal_lib.a(stm32f1xx_hal_gpio.o)
                0x08000d00                HAL_GPIO_TogglePin
 *fill*         0x08000d22        0x2 
 .text.HAL_I2C_Init
                0x08000d24      0x1c0 C:\Users\Bill\workspace\stm32f103c8t6_hal_lib\Debug\libstm32f103c8t6_hal_lib.a(stm32f1xx_hal_i2c.o)
                0x08000d24                HAL_I2C_Init
 .text.HAL_I2C_MspInit
                0x08000ee4       0x12 C:\Users\Bill\workspace\stm32f103c8t6_hal_lib\Debug\libstm32f103c8t6_hal_lib.a(stm32f1xx_hal_i2c.o)
                0x08000ee4                HAL_I2C_MspInit
 *fill*         0x08000ef6        0x2 
 .text.HAL_I2C_Mem_Read
                0x08000ef8      0x484 C:\Users\Bill\workspace\stm32f103c8t6_hal_lib\Debug\libstm32f103c8t6_hal_lib.a(stm32f1xx_hal_i2c.o)
                0x08000ef8                HAL_I2C_Mem_Read
 .text.HAL_I2C_IsDeviceReady
                0x0800137c      0x260 C:\Users\Bill\workspace\stm32f103c8t6_hal_lib\Debug\libstm32f103c8t6_hal_lib.a(stm32f1xx_hal_i2c.o)
                0x0800137c                HAL_I2C_IsDeviceReady
 .text.I2C_RequestMemoryRead
                0x080015dc      0x1c4 C:\Users\Bill\workspace\stm32f103c8t6_hal_lib\Debug\libstm32f103c8t6_hal_lib.a(stm32f1xx_hal_i2c.o)
 .text.I2C_WaitOnFlagUntilTimeout
                0x080017a0       0xa2 C:\Users\Bill\workspace\stm32f103c8t6_hal_lib\Debug\libstm32f103c8t6_hal_lib.a(stm32f1xx_hal_i2c.o)
 .text.I2C_WaitOnMasterAddressFlagUntilTimeout
                0x08001842       0xdc C:\Users\Bill\workspace\stm32f103c8t6_hal_lib\Debug\libstm32f103c8t6_hal_lib.a(stm32f1xx_hal_i2c.o)
 .text.I2C_WaitOnTXEFlagUntilTimeout
                0x0800191e       0x7a C:\Users\Bill\workspace\stm32f103c8t6_hal_lib\Debug\libstm32f103c8t6_hal_lib.a(stm32f1xx_hal_i2c.o)
 .text.I2C_WaitOnRXNEFlagUntilTimeout
                0x08001998       0x94 C:\Users\Bill\workspace\stm32f103c8t6_hal_lib\Debug\libstm32f103c8t6_hal_lib.a(stm32f1xx_hal_i2c.o)
 .text.I2C_IsAcknowledgeFailed
                0x08001a2c       0x4e C:\Users\Bill\workspace\stm32f103c8t6_hal_lib\Debug\libstm32f103c8t6_hal_lib.a(stm32f1xx_hal_i2c.o)
 *fill*         0x08001a7a        0x2 
 .text.HAL_RCC_OscConfig
                0x08001a7c      0x4c8 C:\Users\Bill\workspace\stm32f103c8t6_hal_lib\Debug\libstm32f103c8t6_hal_lib.a(stm32f1xx_hal_rcc.o)
                0x08001a7c                HAL_RCC_OscConfig
 .text.HAL_RCC_ClockConfig
                0x08001f44      0x1e8 C:\Users\Bill\workspace\stm32f103c8t6_hal_lib\Debug\libstm32f103c8t6_hal_lib.a(stm32f1xx_hal_rcc.o)
                0x08001f44                HAL_RCC_ClockConfig
 .text.HAL_RCC_MCOConfig
                0x0800212c       0x70 C:\Users\Bill\workspace\stm32f103c8t6_hal_lib\Debug\libstm32f103c8t6_hal_lib.a(stm32f1xx_hal_rcc.o)
                0x0800212c                HAL_RCC_MCOConfig
 .text.HAL_RCC_GetSysClockFreq
                0x0800219c       0xc4 C:\Users\Bill\workspace\stm32f103c8t6_hal_lib\Debug\libstm32f103c8t6_hal_lib.a(stm32f1xx_hal_rcc.o)
                0x0800219c                HAL_RCC_GetSysClockFreq
 .text.HAL_RCC_GetHCLKFreq
                0x08002260       0x14 C:\Users\Bill\workspace\stm32f103c8t6_hal_lib\Debug\libstm32f103c8t6_hal_lib.a(stm32f1xx_hal_rcc.o)
                0x08002260                HAL_RCC_GetHCLKFreq
 .text.HAL_RCC_GetPCLK1Freq
                0x08002274       0x28 C:\Users\Bill\workspace\stm32f103c8t6_hal_lib\Debug\libstm32f103c8t6_hal_lib.a(stm32f1xx_hal_rcc.o)
                0x08002274                HAL_RCC_GetPCLK1Freq
 .text.HAL_RCC_GetPCLK2Freq
                0x0800229c       0x28 C:\Users\Bill\workspace\stm32f103c8t6_hal_lib\Debug\libstm32f103c8t6_hal_lib.a(stm32f1xx_hal_rcc.o)
                0x0800229c                HAL_RCC_GetPCLK2Freq
 .text.RCC_Delay
                0x080022c4       0x3c C:\Users\Bill\workspace\stm32f103c8t6_hal_lib\Debug\libstm32f103c8t6_hal_lib.a(stm32f1xx_hal_rcc.o)
 .text.HAL_UART_Init
                0x08002300       0x9a C:\Users\Bill\workspace\stm32f103c8t6_hal_lib\Debug\libstm32f103c8t6_hal_lib.a(stm32f1xx_hal_uart.o)
                0x08002300                HAL_UART_Init
 .text.HAL_UART_MspInit
                0x0800239a       0x12 C:\Users\Bill\workspace\stm32f103c8t6_hal_lib\Debug\libstm32f103c8t6_hal_lib.a(stm32f1xx_hal_uart.o)
                0x0800239a                HAL_UART_MspInit
 .text.HAL_UART_Transmit
                0x080023ac      0x130 C:\Users\Bill\workspace\stm32f103c8t6_hal_lib\Debug\libstm32f103c8t6_hal_lib.a(stm32f1xx_hal_uart.o)
                0x080023ac                HAL_UART_Transmit
 .text.UART_WaitOnFlagUntilTimeout
                0x080024dc       0x94 C:\Users\Bill\workspace\stm32f103c8t6_hal_lib\Debug\libstm32f103c8t6_hal_lib.a(stm32f1xx_hal_uart.o)
 .text.UART_SetConfig
                0x08002570      0x230 C:\Users\Bill\workspace\stm32f103c8t6_hal_lib\Debug\libstm32f103c8t6_hal_lib.a(stm32f1xx_hal_uart.o)
 .text.__libc_init_array
                0x080027a0       0x50 c:/ac6/systemworkbench/plugins/fr.ac6.mcu.externaltools.arm-none.win32_1.15.0.201708311556/tools/compiler/bin/../lib/gcc/arm-none-eabi/6.3.1/../../../../arm-none-eabi/lib/thumb/v7-m\libc.a(lib_a-init.o)
                0x080027a0                __libc_init_array
 .text.strlen   0x080027f0       0x5c c:/ac6/systemworkbench/plugins/fr.ac6.mcu.externaltools.arm-none.win32_1.15.0.201708311556/tools/compiler/bin/../lib/gcc/arm-none-eabi/6.3.1/../../../../arm-none-eabi/lib/thumb/v7-m\libc.a(lib_a-strlen-stub.o)
                0x080027f0                strlen
 .text.startup.register_fini
                0x0800284c       0x14 c:/ac6/systemworkbench/plugins/fr.ac6.mcu.externaltools.arm-none.win32_1.15.0.201708311556/tools/compiler/bin/../lib/gcc/arm-none-eabi/6.3.1/../../../../arm-none-eabi/lib/thumb/v7-m\libc.a(lib_a-__call_atexit.o)
 .text.atexit   0x08002860        0xc c:/ac6/systemworkbench/plugins/fr.ac6.mcu.externaltools.arm-none.win32_1.15.0.201708311556/tools/compiler/bin/../lib/gcc/arm-none-eabi/6.3.1/../../../../arm-none-eabi/lib/thumb/v7-m\libc.a(lib_a-atexit.o)
                0x08002860                atexit
 .text.__libc_fini_array
                0x0800286c       0x34 c:/ac6/systemworkbench/plugins/fr.ac6.mcu.externaltools.arm-none.win32_1.15.0.201708311556/tools/compiler/bin/../lib/gcc/arm-none-eabi/6.3.1/../../../../arm-none-eabi/lib/thumb/v7-m\libc.a(lib_a-fini.o)
                0x0800286c                __libc_fini_array
 .text.__retarget_lock_acquire_recursive
                0x080028a0        0x4 c:/ac6/systemworkbench/plugins/fr.ac6.mcu.externaltools.arm-none.win32_1.15.0.201708311556/tools/compiler/bin/../lib/gcc/arm-none-eabi/6.3.1/../../../../arm-none-eabi/lib/thumb/v7-m\libc.a(lib_a-lock.o)
                0x080028a0                __retarget_lock_acquire_recursive
 .text.__retarget_lock_release_recursive
                0x080028a4        0x4 c:/ac6/systemworkbench/plugins/fr.ac6.mcu.externaltools.arm-none.win32_1.15.0.201708311556/tools/compiler/bin/../lib/gcc/arm-none-eabi/6.3.1/../../../../arm-none-eabi/lib/thumb/v7-m\libc.a(lib_a-lock.o)
                0x080028a4                __retarget_lock_release_recursive
 .text.__register_exitproc
                0x080028a8       0xc4 c:/ac6/systemworkbench/plugins/fr.ac6.mcu.externaltools.arm-none.win32_1.15.0.201708311556/tools/compiler/bin/../lib/gcc/arm-none-eabi/6.3.1/../../../../arm-none-eabi/lib/thumb/v7-m\libc.a(lib_a-__atexit.o)
                0x080028a8                __register_exitproc
 *(.glue_7)
 .glue_7        0x0800296c        0x0 linker stubs
 *(.glue_7t)
 .glue_7t       0x0800296c        0x0 linker stubs
 *(.eh_frame)
 .eh_frame      0x0800296c        0x0 c:/ac6/systemworkbench/plugins/fr.ac6.mcu.externaltools.arm-none.win32_1.15.0.201708311556/tools/compiler/bin/../lib/gcc/arm-none-eabi/6.3.1/thumb/v7-m/crtbegin.o
 *(.init)
 .init          0x0800296c        0x4 c:/ac6/systemworkbench/plugins/fr.ac6.mcu.externaltools.arm-none.win32_1.15.0.201708311556/tools/compiler/bin/../lib/gcc/arm-none-eabi/6.3.1/thumb/v7-m/crti.o
                0x0800296c                _init
 .init          0x08002970        0x8 c:/ac6/systemworkbench/plugins/fr.ac6.mcu.externaltools.arm-none.win32_1.15.0.201708311556/tools/compiler/bin/../lib/gcc/arm-none-eabi/6.3.1/thumb/v7-m/crtn.o
 *(.fini)
 .fini          0x08002978        0x4 c:/ac6/systemworkbench/plugins/fr.ac6.mcu.externaltools.arm-none.win32_1.15.0.201708311556/tools/compiler/bin/../lib/gcc/arm-none-eabi/6.3.1/thumb/v7-m/crti.o
                0x08002978                _fini
 .fini          0x0800297c        0x8 c:/ac6/systemworkbench/plugins/fr.ac6.mcu.externaltools.arm-none.win32_1.15.0.201708311556/tools/compiler/bin/../lib/gcc/arm-none-eabi/6.3.1/thumb/v7-m/crtn.o
                0x08002984                . = ALIGN (0x4)
                0x08002984                _etext = .

.vfp11_veneer   0x08002984        0x0
 .vfp11_veneer  0x08002984        0x0 linker stubs

.v4_bx          0x08002984        0x0
 .v4_bx         0x08002984        0x0 linker stubs

.iplt           0x08002984        0x0
 .iplt          0x08002984        0x0 c:/ac6/systemworkbench/plugins/fr.ac6.mcu.externaltools.arm-none.win32_1.15.0.201708311556/tools/compiler/bin/../lib/gcc/arm-none-eabi/6.3.1/thumb/v7-m/crtbegin.o

.rodata         0x08002984       0x3c
                0x08002984                . = ALIGN (0x4)
 *(.rodata)
 .rodata        0x08002984        0xb src/main.o
 *fill*         0x0800298f        0x1 
 .rodata        0x08002990       0x18 src/system_stm32f1xx.o
                0x08002990                AHBPrescTable
                0x080029a0                APBPrescTable
 .rodata        0x080029a8       0x12 C:\Users\Bill\workspace\stm32f103c8t6_hal_lib\Debug\libstm32f103c8t6_hal_lib.a(stm32f1xx_hal_rcc.o)
 *(.rodata*)
 *fill*         0x080029ba        0x2 
 .rodata._global_impure_ptr
                0x080029bc        0x4 c:/ac6/systemworkbench/plugins/fr.ac6.mcu.externaltools.arm-none.win32_1.15.0.201708311556/tools/compiler/bin/../lib/gcc/arm-none-eabi/6.3.1/../../../../arm-none-eabi/lib/thumb/v7-m\libc.a(lib_a-impure.o)
                0x080029bc                _global_impure_ptr
                0x080029c0                . = ALIGN (0x4)

.rel.dyn        0x080029c0        0x0
 .rel.iplt      0x080029c0        0x0 c:/ac6/systemworkbench/plugins/fr.ac6.mcu.externaltools.arm-none.win32_1.15.0.201708311556/tools/compiler/bin/../lib/gcc/arm-none-eabi/6.3.1/thumb/v7-m/crtbegin.o

.ARM.extab      0x080029c0        0x0
                0x080029c0                . = ALIGN (0x4)
 *(.ARM.extab* .gnu.linkonce.armextab.*)
                0x080029c0                . = ALIGN (0x4)

.ARM            0x080029c0        0x0
                0x080029c0                . = ALIGN (0x4)
                0x080029c0                __exidx_start = .
 *(.ARM.exidx*)
                0x080029c0                __exidx_end = .
                0x080029c0                . = ALIGN (0x4)

.preinit_array  0x080029c0        0x0
                0x080029c0                . = ALIGN (0x4)
                0x080029c0                PROVIDE (__preinit_array_start, .)
 *(.preinit_array*)
                0x080029c0                PROVIDE (__preinit_array_end, .)
                0x080029c0                . = ALIGN (0x4)

.init_array     0x080029c0        0x8
                0x080029c0                . = ALIGN (0x4)
                0x080029c0                PROVIDE (__init_array_start, .)
 *(SORT(.init_array.*))
 .init_array.00000
                0x080029c0        0x4 c:/ac6/systemworkbench/plugins/fr.ac6.mcu.externaltools.arm-none.win32_1.15.0.201708311556/tools/compiler/bin/../lib/gcc/arm-none-eabi/6.3.1/../../../../arm-none-eabi/lib/thumb/v7-m\libc.a(lib_a-__call_atexit.o)
 *(.init_array*)
 .init_array    0x080029c4        0x4 c:/ac6/systemworkbench/plugins/fr.ac6.mcu.externaltools.arm-none.win32_1.15.0.201708311556/tools/compiler/bin/../lib/gcc/arm-none-eabi/6.3.1/thumb/v7-m/crtbegin.o
                0x080029c8                PROVIDE (__init_array_end, .)
                0x080029c8                . = ALIGN (0x4)

.fini_array     0x080029c8        0x4
                0x080029c8                . = ALIGN (0x4)
                0x080029c8                PROVIDE (__fini_array_start, .)
 *(SORT(.fini_array.*))
 *(.fini_array*)
 .fini_array    0x080029c8        0x4 c:/ac6/systemworkbench/plugins/fr.ac6.mcu.externaltools.arm-none.win32_1.15.0.201708311556/tools/compiler/bin/../lib/gcc/arm-none-eabi/6.3.1/thumb/v7-m/crtbegin.o
                0x080029cc                PROVIDE (__fini_array_end, .)
                0x080029cc                . = ALIGN (0x4)
                0x080029cc                _sidata = LOADADDR (.data)

.data           0x20000000      0x434 load address 0x080029cc
                0x20000000                . = ALIGN (0x4)
                0x20000000                _sdata = .
 *(.data)
 .data          0x20000000        0x4 src/system_stm32f1xx.o
                0x20000000                SystemCoreClock
 *(.data*)
 *fill*         0x20000004        0x4 
 .data.impure_data
                0x20000008      0x428 c:/ac6/systemworkbench/plugins/fr.ac6.mcu.externaltools.arm-none.win32_1.15.0.201708311556/tools/compiler/bin/../lib/gcc/arm-none-eabi/6.3.1/../../../../arm-none-eabi/lib/thumb/v7-m\libc.a(lib_a-impure.o)
 .data.__atexit_recursive_mutex
                0x20000430        0x4 c:/ac6/systemworkbench/plugins/fr.ac6.mcu.externaltools.arm-none.win32_1.15.0.201708311556/tools/compiler/bin/../lib/gcc/arm-none-eabi/6.3.1/../../../../arm-none-eabi/lib/thumb/v7-m\libc.a(lib_a-__call_atexit.o)
                0x20000430                __atexit_recursive_mutex
                0x20000434                . = ALIGN (0x4)
                0x20000434                _edata = .

.jcr            0x20000434        0x0 load address 0x08002e00
 .jcr           0x20000434        0x0 c:/ac6/systemworkbench/plugins/fr.ac6.mcu.externaltools.arm-none.win32_1.15.0.201708311556/tools/compiler/bin/../lib/gcc/arm-none-eabi/6.3.1/thumb/v7-m/crtbegin.o

.igot.plt       0x20000434        0x0 load address 0x08002e00
 .igot.plt      0x20000434        0x0 c:/ac6/systemworkbench/plugins/fr.ac6.mcu.externaltools.arm-none.win32_1.15.0.201708311556/tools/compiler/bin/../lib/gcc/arm-none-eabi/6.3.1/thumb/v7-m/crtbegin.o
                0x20000434                . = ALIGN (0x4)

.bss            0x20000434       0xe8 load address 0x08002e00
                0x20000434                _sbss = .
                0x20000434                __bss_start__ = _sbss
 *(.bss)
 .bss           0x20000434       0x1c c:/ac6/systemworkbench/plugins/fr.ac6.mcu.externaltools.arm-none.win32_1.15.0.201708311556/tools/compiler/bin/../lib/gcc/arm-none-eabi/6.3.1/thumb/v7-m/crtbegin.o
 *(.bss*)
 *(COMMON)
 COMMON         0x20000450       0xa4 src/main.o
                0x20000450                hi2c1
                0x200004a4                huart1
                0x200004e4                GPIO_InitStruct
 COMMON         0x200004f4        0x4 C:\Users\Bill\workspace\stm32f103c8t6_hal_lib\Debug\libstm32f103c8t6_hal_lib.a(stm32f1xx_hal.o)
                0x200004f4                uwTick
 COMMON         0x200004f8       0x21 c:/ac6/systemworkbench/plugins/fr.ac6.mcu.externaltools.arm-none.win32_1.15.0.201708311556/tools/compiler/bin/../lib/gcc/arm-none-eabi/6.3.1/../../../../arm-none-eabi/lib/thumb/v7-m\libc.a(lib_a-lock.o)
                0x200004f8                __lock___atexit_recursive_mutex
                0x200004fc                __lock___arc4random_mutex
                0x20000500                __lock___env_recursive_mutex
                0x20000504                __lock___sinit_recursive_mutex
                0x20000508                __lock___malloc_recursive_mutex
                0x2000050c                __lock___at_quick_exit_mutex
                0x20000510                __lock___dd_hash_mutex
                0x20000514                __lock___tz_mutex
                0x20000518                __lock___sfp_recursive_mutex
                0x2000051c                . = ALIGN (0x4)
 *fill*         0x20000519        0x3 
                0x2000051c                _ebss = .
                0x2000051c                __bss_end__ = _ebss

._user_heap_stack
                0x2000051c      0x404 load address 0x08002e00
                0x20000520                . = ALIGN (0x8)
 *fill*         0x2000051c        0x4 
                0x20000520                PROVIDE (end, .)
                [!provide]                PROVIDE (_end, .)
                0x20000520                . = (. + _Min_Heap_Size)
                0x20000920                . = (. + _Min_Stack_Size)
 *fill*         0x20000520      0x400 
                0x20000920                . = ALIGN (0x8)

/DISCARD/
 libc.a(*)
 libm.a(*)
 libgcc.a(*)

.ARM.attributes
                0x00000000       0x29
 *(.ARM.attributes)
 .ARM.attributes
                0x00000000       0x1d c:/ac6/systemworkbench/plugins/fr.ac6.mcu.externaltools.arm-none.win32_1.15.0.201708311556/tools/compiler/bin/../lib/gcc/arm-none-eabi/6.3.1/thumb/v7-m/crti.o
 .ARM.attributes
                0x0000001d       0x2d c:/ac6/systemworkbench/plugins/fr.ac6.mcu.externaltools.arm-none.win32_1.15.0.201708311556/tools/compiler/bin/../lib/gcc/arm-none-eabi/6.3.1/thumb/v7-m/crtbegin.o
 .ARM.attributes
                0x0000004a       0x33 src/main.o
 .ARM.attributes
                0x0000007d       0x33 src/stm32f1xx_it.o
 .ARM.attributes
                0x000000b0       0x33 src/system_stm32f1xx.o
 .ARM.attributes
                0x000000e3       0x21 startup/startup_stm32.o
 .ARM.attributes
                0x00000104       0x33 C:\Users\Bill\workspace\stm32f103c8t6_hal_lib\Debug\libstm32f103c8t6_hal_lib.a(stm32f1xx_hal.o)
 .ARM.attributes
                0x00000137       0x33 C:\Users\Bill\workspace\stm32f103c8t6_hal_lib\Debug\libstm32f103c8t6_hal_lib.a(stm32f1xx_hal_cortex.o)
 .ARM.attributes
                0x0000016a       0x33 C:\Users\Bill\workspace\stm32f103c8t6_hal_lib\Debug\libstm32f103c8t6_hal_lib.a(stm32f1xx_hal_gpio.o)
 .ARM.attributes
                0x0000019d       0x33 C:\Users\Bill\workspace\stm32f103c8t6_hal_lib\Debug\libstm32f103c8t6_hal_lib.a(stm32f1xx_hal_i2c.o)
 .ARM.attributes
                0x000001d0       0x33 C:\Users\Bill\workspace\stm32f103c8t6_hal_lib\Debug\libstm32f103c8t6_hal_lib.a(stm32f1xx_hal_rcc.o)
 .ARM.attributes
                0x00000203       0x33 C:\Users\Bill\workspace\stm32f103c8t6_hal_lib\Debug\libstm32f103c8t6_hal_lib.a(stm32f1xx_hal_uart.o)
 .ARM.attributes
                0x00000236       0x2d c:/ac6/systemworkbench/plugins/fr.ac6.mcu.externaltools.arm-none.win32_1.15.0.201708311556/tools/compiler/bin/../lib/gcc/arm-none-eabi/6.3.1/../../../../arm-none-eabi/lib/thumb/v7-m\libc.a(lib_a-impure.o)
 .ARM.attributes
                0x00000263       0x2d c:/ac6/systemworkbench/plugins/fr.ac6.mcu.externaltools.arm-none.win32_1.15.0.201708311556/tools/compiler/bin/../lib/gcc/arm-none-eabi/6.3.1/../../../../arm-none-eabi/lib/thumb/v7-m\libc.a(lib_a-init.o)
 .ARM.attributes
                0x00000290       0x1b c:/ac6/systemworkbench/plugins/fr.ac6.mcu.externaltools.arm-none.win32_1.15.0.201708311556/tools/compiler/bin/../lib/gcc/arm-none-eabi/6.3.1/../../../../arm-none-eabi/lib/thumb/v7-m\libc.a(lib_a-strcmp.o)
 .ARM.attributes
                0x000002ab       0x2d c:/ac6/systemworkbench/plugins/fr.ac6.mcu.externaltools.arm-none.win32_1.15.0.201708311556/tools/compiler/bin/../lib/gcc/arm-none-eabi/6.3.1/../../../../arm-none-eabi/lib/thumb/v7-m\libc.a(lib_a-strlen-stub.o)
 .ARM.attributes
                0x000002d8       0x2d c:/ac6/systemworkbench/plugins/fr.ac6.mcu.externaltools.arm-none.win32_1.15.0.201708311556/tools/compiler/bin/../lib/gcc/arm-none-eabi/6.3.1/../../../../arm-none-eabi/lib/thumb/v7-m\libc.a(lib_a-__call_atexit.o)
 .ARM.attributes
                0x00000305       0x2d c:/ac6/systemworkbench/plugins/fr.ac6.mcu.externaltools.arm-none.win32_1.15.0.201708311556/tools/compiler/bin/../lib/gcc/arm-none-eabi/6.3.1/../../../../arm-none-eabi/lib/thumb/v7-m\libc.a(lib_a-atexit.o)
 .ARM.attributes
                0x00000332       0x2d c:/ac6/systemworkbench/plugins/fr.ac6.mcu.externaltools.arm-none.win32_1.15.0.201708311556/tools/compiler/bin/../lib/gcc/arm-none-eabi/6.3.1/../../../../arm-none-eabi/lib/thumb/v7-m\libc.a(lib_a-fini.o)
 .ARM.attributes
                0x0000035f       0x2d c:/ac6/systemworkbench/plugins/fr.ac6.mcu.externaltools.arm-none.win32_1.15.0.201708311556/tools/compiler/bin/../lib/gcc/arm-none-eabi/6.3.1/../../../../arm-none-eabi/lib/thumb/v7-m\libc.a(lib_a-lock.o)
 .ARM.attributes
                0x0000038c       0x2d c:/ac6/systemworkbench/plugins/fr.ac6.mcu.externaltools.arm-none.win32_1.15.0.201708311556/tools/compiler/bin/../lib/gcc/arm-none-eabi/6.3.1/../../../../arm-none-eabi/lib/thumb/v7-m\libc.a(lib_a-__atexit.o)
 .ARM.attributes
                0x000003b9       0x1d c:/ac6/systemworkbench/plugins/fr.ac6.mcu.externaltools.arm-none.win32_1.15.0.201708311556/tools/compiler/bin/../lib/gcc/arm-none-eabi/6.3.1/thumb/v7-m/crtn.o
OUTPUT(I2C Maestro Memoria.elf elf32-littlearm)

.debug_info     0x00000000     0xae18
 .debug_info    0x00000000     0x154d src/main.o
 .debug_info    0x0000154d      0x954 src/stm32f1xx_it.o
 .debug_info    0x00001ea1      0xc18 src/system_stm32f1xx.o
 .debug_info    0x00002ab9       0x71 startup/startup_stm32.o
 .debug_info    0x00002b2a      0xe49 C:\Users\Bill\workspace\stm32f103c8t6_hal_lib\Debug\libstm32f103c8t6_hal_lib.a(stm32f1xx_hal.o)
 .debug_info    0x00003973     0x1317 C:\Users\Bill\workspace\stm32f103c8t6_hal_lib\Debug\libstm32f103c8t6_hal_lib.a(stm32f1xx_hal_cortex.o)
 .debug_info    0x00004c8a      0xe7a C:\Users\Bill\workspace\stm32f103c8t6_hal_lib\Debug\libstm32f103c8t6_hal_lib.a(stm32f1xx_hal_gpio.o)
 .debug_info    0x00005b04     0x2989 C:\Users\Bill\workspace\stm32f103c8t6_hal_lib\Debug\libstm32f103c8t6_hal_lib.a(stm32f1xx_hal_i2c.o)
 .debug_info    0x0000848d      0xfe0 C:\Users\Bill\workspace\stm32f103c8t6_hal_lib\Debug\libstm32f103c8t6_hal_lib.a(stm32f1xx_hal_rcc.o)
 .debug_info    0x0000946d     0x19ab C:\Users\Bill\workspace\stm32f103c8t6_hal_lib\Debug\libstm32f103c8t6_hal_lib.a(stm32f1xx_hal_uart.o)

.debug_abbrev   0x00000000     0x17f7
 .debug_abbrev  0x00000000      0x252 src/main.o
 .debug_abbrev  0x00000252      0x1b1 src/stm32f1xx_it.o
 .debug_abbrev  0x00000403      0x226 src/system_stm32f1xx.o
 .debug_abbrev  0x00000629       0x12 startup/startup_stm32.o
 .debug_abbrev  0x0000063b      0x2ca C:\Users\Bill\workspace\stm32f103c8t6_hal_lib\Debug\libstm32f103c8t6_hal_lib.a(stm32f1xx_hal.o)
 .debug_abbrev  0x00000905      0x394 C:\Users\Bill\workspace\stm32f103c8t6_hal_lib\Debug\libstm32f103c8t6_hal_lib.a(stm32f1xx_hal_cortex.o)
 .debug_abbrev  0x00000c99      0x287 C:\Users\Bill\workspace\stm32f103c8t6_hal_lib\Debug\libstm32f103c8t6_hal_lib.a(stm32f1xx_hal_gpio.o)
 .debug_abbrev  0x00000f20      0x2e0 C:\Users\Bill\workspace\stm32f103c8t6_hal_lib\Debug\libstm32f103c8t6_hal_lib.a(stm32f1xx_hal_i2c.o)
 .debug_abbrev  0x00001200      0x30e C:\Users\Bill\workspace\stm32f103c8t6_hal_lib\Debug\libstm32f103c8t6_hal_lib.a(stm32f1xx_hal_rcc.o)
 .debug_abbrev  0x0000150e      0x2e9 C:\Users\Bill\workspace\stm32f103c8t6_hal_lib\Debug\libstm32f103c8t6_hal_lib.a(stm32f1xx_hal_uart.o)

.debug_aranges  0x00000000      0x788
 .debug_aranges
                0x00000000       0x40 src/main.o
 .debug_aranges
                0x00000040       0x20 src/stm32f1xx_it.o
 .debug_aranges
                0x00000060       0x28 src/system_stm32f1xx.o
 .debug_aranges
                0x00000088       0x28 startup/startup_stm32.o
 .debug_aranges
                0x000000b0       0xb8 C:\Users\Bill\workspace\stm32f103c8t6_hal_lib\Debug\libstm32f103c8t6_hal_lib.a(stm32f1xx_hal.o)
 .debug_aranges
                0x00000168      0x100 C:\Users\Bill\workspace\stm32f103c8t6_hal_lib\Debug\libstm32f103c8t6_hal_lib.a(stm32f1xx_hal_cortex.o)
 .debug_aranges
                0x00000268       0x58 C:\Users\Bill\workspace\stm32f103c8t6_hal_lib\Debug\libstm32f103c8t6_hal_lib.a(stm32f1xx_hal_gpio.o)
 .debug_aranges
                0x000002c0      0x268 C:\Users\Bill\workspace\stm32f103c8t6_hal_lib\Debug\libstm32f103c8t6_hal_lib.a(stm32f1xx_hal_i2c.o)
 .debug_aranges
                0x00000528       0x90 C:\Users\Bill\workspace\stm32f103c8t6_hal_lib\Debug\libstm32f103c8t6_hal_lib.a(stm32f1xx_hal_rcc.o)
 .debug_aranges
                0x000005b8      0x1d0 C:\Users\Bill\workspace\stm32f103c8t6_hal_lib\Debug\libstm32f103c8t6_hal_lib.a(stm32f1xx_hal_uart.o)

.debug_ranges   0x00000000      0x6f0
 .debug_ranges  0x00000000       0x30 src/main.o
 .debug_ranges  0x00000030       0x10 src/stm32f1xx_it.o
 .debug_ranges  0x00000040       0x18 src/system_stm32f1xx.o
 .debug_ranges  0x00000058       0x20 startup/startup_stm32.o
 .debug_ranges  0x00000078       0xa8 C:\Users\Bill\workspace\stm32f103c8t6_hal_lib\Debug\libstm32f103c8t6_hal_lib.a(stm32f1xx_hal.o)
 .debug_ranges  0x00000120       0xf0 C:\Users\Bill\workspace\stm32f103c8t6_hal_lib\Debug\libstm32f103c8t6_hal_lib.a(stm32f1xx_hal_cortex.o)
 .debug_ranges  0x00000210       0x48 C:\Users\Bill\workspace\stm32f103c8t6_hal_lib\Debug\libstm32f103c8t6_hal_lib.a(stm32f1xx_hal_gpio.o)
 .debug_ranges  0x00000258      0x258 C:\Users\Bill\workspace\stm32f103c8t6_hal_lib\Debug\libstm32f103c8t6_hal_lib.a(stm32f1xx_hal_i2c.o)
 .debug_ranges  0x000004b0       0x80 C:\Users\Bill\workspace\stm32f103c8t6_hal_lib\Debug\libstm32f103c8t6_hal_lib.a(stm32f1xx_hal_rcc.o)
 .debug_ranges  0x00000530      0x1c0 C:\Users\Bill\workspace\stm32f103c8t6_hal_lib\Debug\libstm32f103c8t6_hal_lib.a(stm32f1xx_hal_uart.o)

.debug_macro    0x00000000    0x17a7f
 .debug_macro   0x00000000      0x459 src/main.o
 .debug_macro   0x00000459      0x8c8 src/main.o
 .debug_macro   0x00000d21      0x224 src/main.o
 .debug_macro   0x00000f45       0x28 src/main.o
 .debug_macro   0x00000f6d       0x22 src/main.o
 .debug_macro   0x00000f8f       0x22 src/main.o
 .debug_macro   0x00000fb1       0x87 src/main.o
 .debug_macro   0x00001038       0x51 src/main.o
 .debug_macro   0x00001089       0xef src/main.o
 .debug_macro   0x00001178       0x6a src/main.o
 .debug_macro   0x000011e2      0x1df src/main.o
 .debug_macro   0x000013c1       0x34 src/main.o
 .debug_macro   0x000013f5       0x34 src/main.o
 .debug_macro   0x00001429      0xb8e src/main.o
 .debug_macro   0x00001fb7     0xe90a src/main.o
 .debug_macro   0x000108c1       0x43 src/main.o
 .debug_macro   0x00010904       0x58 src/main.o
 .debug_macro   0x0001095c       0x35 src/main.o
 .debug_macro   0x00010991       0x9c src/main.o
 .debug_macro   0x00010a2d       0x16 src/main.o
 .debug_macro   0x00010a43       0x97 src/main.o
 .debug_macro   0x00010ada      0x330 src/main.o
 .debug_macro   0x00010e0a       0xfd src/main.o
 .debug_macro   0x00010f07       0x10 src/main.o
 .debug_macro   0x00010f17       0x58 src/main.o
 .debug_macro   0x00010f6f       0x1f src/main.o
 .debug_macro   0x00010f8e       0x43 src/main.o
 .debug_macro   0x00010fd1       0x20 src/main.o
 .debug_macro   0x00010ff1      0x187 src/main.o
 .debug_macro   0x00011178       0x10 src/main.o
 .debug_macro   0x00011188       0x1c src/main.o
 .debug_macro   0x000111a4       0x52 src/main.o
 .debug_macro   0x000111f6       0x40 src/main.o
 .debug_macro   0x00011236       0x10 src/main.o
 .debug_macro   0x00011246       0x40 src/main.o
 .debug_macro   0x00011286       0xd7 src/main.o
 .debug_macro   0x0001135d       0x16 src/main.o
 .debug_macro   0x00011373      0x18b src/main.o
 .debug_macro   0x000114fe       0x57 src/main.o
 .debug_macro   0x00011555      0x5c2 src/main.o
 .debug_macro   0x00011b17      0x28b src/main.o
 .debug_macro   0x00011da2      0x1cb src/main.o
 .debug_macro   0x00011f6d      0x11e src/main.o
 .debug_macro   0x0001208b      0x197 src/main.o
 .debug_macro   0x00012222       0x27 src/main.o
 .debug_macro   0x00012249      0x1bc src/main.o
 .debug_macro   0x00012405       0x34 src/main.o
 .debug_macro   0x00012439       0x3c src/main.o
 .debug_macro   0x00012475      0x3a6 src/main.o
 .debug_macro   0x0001281b       0x10 src/main.o
 .debug_macro   0x0001282b       0x74 src/main.o
 .debug_macro   0x0001289f       0x57 src/main.o
 .debug_macro   0x000128f6      0x46a src/main.o
 .debug_macro   0x00012d60      0x1b5 src/main.o
 .debug_macro   0x00012f15       0x22 src/main.o
 .debug_macro   0x00012f37       0x8c src/main.o
 .debug_macro   0x00012fc3      0x242 src/main.o
 .debug_macro   0x00013205      0x248 src/main.o
 .debug_macro   0x0001344d       0x79 src/main.o
 .debug_macro   0x000134c6      0x143 src/main.o
 .debug_macro   0x00013609      0x1ef src/main.o
 .debug_macro   0x000137f8       0xf2 src/main.o
 .debug_macro   0x000138ea      0x1f4 src/main.o
 .debug_macro   0x00013ade      0x84c src/main.o
 .debug_macro   0x0001432a       0x1f src/main.o
 .debug_macro   0x00014349      0x26b src/main.o
 .debug_macro   0x000145b4      0x217 src/main.o
 .debug_macro   0x000147cb      0x1a7 src/main.o
 .debug_macro   0x00014972      0x2cd src/main.o
 .debug_macro   0x00014c3f       0x89 src/main.o
 .debug_macro   0x00014cc8       0x50 src/main.o
 .debug_macro   0x00014d18      0x26c src/main.o
 .debug_macro   0x00014f84       0x7c src/main.o
 .debug_macro   0x00015000       0x16 src/main.o
 .debug_macro   0x00015016       0x35 src/main.o
 .debug_macro   0x0001504b       0x16 src/main.o
 .debug_macro   0x00015061       0x16 src/main.o
 .debug_macro   0x00015077       0x29 src/main.o
 .debug_macro   0x000150a0      0x40e src/stm32f1xx_it.o
 .debug_macro   0x000154ae      0x40a src/system_stm32f1xx.o
 .debug_macro   0x000158b8      0x428 C:\Users\Bill\workspace\stm32f103c8t6_hal_lib\Debug\libstm32f103c8t6_hal_lib.a(stm32f1xx_hal.o)
 .debug_macro   0x00015ce0      0x8c8 C:\Users\Bill\workspace\stm32f103c8t6_hal_lib\Debug\libstm32f103c8t6_hal_lib.a(stm32f1xx_hal.o)
 .debug_macro   0x000165a8      0x404 C:\Users\Bill\workspace\stm32f103c8t6_hal_lib\Debug\libstm32f103c8t6_hal_lib.a(stm32f1xx_hal_cortex.o)
 .debug_macro   0x000169ac      0x474 C:\Users\Bill\workspace\stm32f103c8t6_hal_lib\Debug\libstm32f103c8t6_hal_lib.a(stm32f1xx_hal_gpio.o)
 .debug_macro   0x00016e20      0x444 C:\Users\Bill\workspace\stm32f103c8t6_hal_lib\Debug\libstm32f103c8t6_hal_lib.a(stm32f1xx_hal_i2c.o)
 .debug_macro   0x00017264      0x416 C:\Users\Bill\workspace\stm32f103c8t6_hal_lib\Debug\libstm32f103c8t6_hal_lib.a(stm32f1xx_hal_rcc.o)
 .debug_macro   0x0001767a      0x405 C:\Users\Bill\workspace\stm32f103c8t6_hal_lib\Debug\libstm32f103c8t6_hal_lib.a(stm32f1xx_hal_uart.o)

.debug_line     0x00000000     0x769f
 .debug_line    0x00000000      0xa17 src/main.o
 .debug_line    0x00000a17      0x973 src/stm32f1xx_it.o
 .debug_line    0x0000138a      0x972 src/system_stm32f1xx.o
 .debug_line    0x00001cfc       0x7c startup/startup_stm32.o
 .debug_line    0x00001d78      0xaab C:\Users\Bill\workspace\stm32f103c8t6_hal_lib\Debug\libstm32f103c8t6_hal_lib.a(stm32f1xx_hal.o)
 .debug_line    0x00002823      0xbd9 C:\Users\Bill\workspace\stm32f103c8t6_hal_lib\Debug\libstm32f103c8t6_hal_lib.a(stm32f1xx_hal_cortex.o)
 .debug_line    0x000033fc      0xb22 C:\Users\Bill\workspace\stm32f103c8t6_hal_lib\Debug\libstm32f103c8t6_hal_lib.a(stm32f1xx_hal_gpio.o)
 .debug_line    0x00003f1e     0x19da C:\Users\Bill\workspace\stm32f103c8t6_hal_lib\Debug\libstm32f103c8t6_hal_lib.a(stm32f1xx_hal_i2c.o)
 .debug_line    0x000058f8      0xbac C:\Users\Bill\workspace\stm32f103c8t6_hal_lib\Debug\libstm32f103c8t6_hal_lib.a(stm32f1xx_hal_rcc.o)
 .debug_line    0x000064a4     0x11fb C:\Users\Bill\workspace\stm32f103c8t6_hal_lib\Debug\libstm32f103c8t6_hal_lib.a(stm32f1xx_hal_uart.o)

.debug_str      0x00000000    0x82ba8
 .debug_str     0x00000000    0x80f5b src/main.o
                              0x81343 (size before relaxing)
 .debug_str     0x00080f5b       0x38 src/stm32f1xx_it.o
                              0x80762 (size before relaxing)
 .debug_str     0x00080f93       0xbd src/system_stm32f1xx.o
                              0x80836 (size before relaxing)
 .debug_str     0x00081050      0x3a7 C:\Users\Bill\workspace\stm32f103c8t6_hal_lib\Debug\libstm32f103c8t6_hal_lib.a(stm32f1xx_hal.o)
                              0x80de4 (size before relaxing)
 .debug_str     0x000813f7      0x2b6 C:\Users\Bill\workspace\stm32f103c8t6_hal_lib\Debug\libstm32f103c8t6_hal_lib.a(stm32f1xx_hal_cortex.o)
                              0x80e34 (size before relaxing)
 .debug_str     0x000816ad      0x335 C:\Users\Bill\workspace\stm32f103c8t6_hal_lib\Debug\libstm32f103c8t6_hal_lib.a(stm32f1xx_hal_gpio.o)
                              0x80b7b (size before relaxing)
 .debug_str     0x000819e2      0xa6b C:\Users\Bill\workspace\stm32f103c8t6_hal_lib\Debug\libstm32f103c8t6_hal_lib.a(stm32f1xx_hal_i2c.o)
                              0x81671 (size before relaxing)
 .debug_str     0x0008244d      0x23b C:\Users\Bill\workspace\stm32f103c8t6_hal_lib\Debug\libstm32f103c8t6_hal_lib.a(stm32f1xx_hal_rcc.o)
                              0x80ba9 (size before relaxing)
 .debug_str     0x00082688      0x520 C:\Users\Bill\workspace\stm32f103c8t6_hal_lib\Debug\libstm32f103c8t6_hal_lib.a(stm32f1xx_hal_uart.o)
                              0x81083 (size before relaxing)

.comment        0x00000000       0x7f
 .comment       0x00000000       0x7f src/main.o
                                 0x80 (size before relaxing)
 .comment       0x0000007f       0x80 src/stm32f1xx_it.o
 .comment       0x0000007f       0x80 src/system_stm32f1xx.o
 .comment       0x0000007f       0x80 C:\Users\Bill\workspace\stm32f103c8t6_hal_lib\Debug\libstm32f103c8t6_hal_lib.a(stm32f1xx_hal.o)
 .comment       0x0000007f       0x80 C:\Users\Bill\workspace\stm32f103c8t6_hal_lib\Debug\libstm32f103c8t6_hal_lib.a(stm32f1xx_hal_cortex.o)
 .comment       0x0000007f       0x80 C:\Users\Bill\workspace\stm32f103c8t6_hal_lib\Debug\libstm32f103c8t6_hal_lib.a(stm32f1xx_hal_gpio.o)
 .comment       0x0000007f       0x80 C:\Users\Bill\workspace\stm32f103c8t6_hal_lib\Debug\libstm32f103c8t6_hal_lib.a(stm32f1xx_hal_i2c.o)
 .comment       0x0000007f       0x80 C:\Users\Bill\workspace\stm32f103c8t6_hal_lib\Debug\libstm32f103c8t6_hal_lib.a(stm32f1xx_hal_rcc.o)
 .comment       0x0000007f       0x80 C:\Users\Bill\workspace\stm32f103c8t6_hal_lib\Debug\libstm32f103c8t6_hal_lib.a(stm32f1xx_hal_uart.o)

.debug_frame    0x00000000     0x20e8
 .debug_frame   0x00000000       0xc0 src/main.o
 .debug_frame   0x000000c0       0x2c src/stm32f1xx_it.o
 .debug_frame   0x000000ec       0x58 src/system_stm32f1xx.o
 .debug_frame   0x00000144      0x298 C:\Users\Bill\workspace\stm32f103c8t6_hal_lib\Debug\libstm32f103c8t6_hal_lib.a(stm32f1xx_hal.o)
 .debug_frame   0x000003dc      0x428 C:\Users\Bill\workspace\stm32f103c8t6_hal_lib\Debug\libstm32f103c8t6_hal_lib.a(stm32f1xx_hal_cortex.o)
 .debug_frame   0x00000804      0x14c C:\Users\Bill\workspace\stm32f103c8t6_hal_lib\Debug\libstm32f103c8t6_hal_lib.a(stm32f1xx_hal_gpio.o)
 .debug_frame   0x00000950      0xb30 C:\Users\Bill\workspace\stm32f103c8t6_hal_lib\Debug\libstm32f103c8t6_hal_lib.a(stm32f1xx_hal_i2c.o)
 .debug_frame   0x00001480      0x218 C:\Users\Bill\workspace\stm32f103c8t6_hal_lib\Debug\libstm32f103c8t6_hal_lib.a(stm32f1xx_hal_rcc.o)
 .debug_frame   0x00001698      0x83c C:\Users\Bill\workspace\stm32f103c8t6_hal_lib\Debug\libstm32f103c8t6_hal_lib.a(stm32f1xx_hal_uart.o)
 .debug_frame   0x00001ed4       0x2c c:/ac6/systemworkbench/plugins/fr.ac6.mcu.externaltools.arm-none.win32_1.15.0.201708311556/tools/compiler/bin/../lib/gcc/arm-none-eabi/6.3.1/../../../../arm-none-eabi/lib/thumb/v7-m\libc.a(lib_a-init.o)
 .debug_frame   0x00001f00       0x34 c:/ac6/systemworkbench/plugins/fr.ac6.mcu.externaltools.arm-none.win32_1.15.0.201708311556/tools/compiler/bin/../lib/gcc/arm-none-eabi/6.3.1/../../../../arm-none-eabi/lib/thumb/v7-m\libc.a(lib_a-strcmp.o)
 .debug_frame   0x00001f34       0x20 c:/ac6/systemworkbench/plugins/fr.ac6.mcu.externaltools.arm-none.win32_1.15.0.201708311556/tools/compiler/bin/../lib/gcc/arm-none-eabi/6.3.1/../../../../arm-none-eabi/lib/thumb/v7-m\libc.a(lib_a-strlen-stub.o)
 .debug_frame   0x00001f54       0x5c c:/ac6/systemworkbench/plugins/fr.ac6.mcu.externaltools.arm-none.win32_1.15.0.201708311556/tools/compiler/bin/../lib/gcc/arm-none-eabi/6.3.1/../../../../arm-none-eabi/lib/thumb/v7-m\libc.a(lib_a-__call_atexit.o)
 .debug_frame   0x00001fb0       0x20 c:/ac6/systemworkbench/plugins/fr.ac6.mcu.externaltools.arm-none.win32_1.15.0.201708311556/tools/compiler/bin/../lib/gcc/arm-none-eabi/6.3.1/../../../../arm-none-eabi/lib/thumb/v7-m\libc.a(lib_a-atexit.o)
 .debug_frame   0x00001fd0       0x34 c:/ac6/systemworkbench/plugins/fr.ac6.mcu.externaltools.arm-none.win32_1.15.0.201708311556/tools/compiler/bin/../lib/gcc/arm-none-eabi/6.3.1/../../../../arm-none-eabi/lib/thumb/v7-m\libc.a(lib_a-fini.o)
 .debug_frame   0x00002004       0xb0 c:/ac6/systemworkbench/plugins/fr.ac6.mcu.externaltools.arm-none.win32_1.15.0.201708311556/tools/compiler/bin/../lib/gcc/arm-none-eabi/6.3.1/../../../../arm-none-eabi/lib/thumb/v7-m\libc.a(lib_a-lock.o)
 .debug_frame   0x000020b4       0x34 c:/ac6/systemworkbench/plugins/fr.ac6.mcu.externaltools.arm-none.win32_1.15.0.201708311556/tools/compiler/bin/../lib/gcc/arm-none-eabi/6.3.1/../../../../arm-none-eabi/lib/thumb/v7-m\libc.a(lib_a-__atexit.o)
